06-21 15:14:07.675  1705  1869 D EventSequenceValidator: 	at com.android.internal.util.function.pooled.PooledLambdaImpl.doInvoke(PooledLambdaImpl.java:292)
06-21 15:14:07.675  1705  1869 D EventSequenceValidator: 	at com.android.internal.util.function.pooled.PooledLambdaImpl.invoke(PooledLambdaImpl.java:201)
06-21 15:14:07.675  1705  1869 D EventSequenceValidator: 	at com.android.internal.util.function.pooled.OmniFunction.run(OmniFunction.java:97)
06-21 15:14:07.675  1705  1869 D EventSequenceValidator: 	at android.os.Handler.handleCallback(Handler.java:938)
06-21 15:14:07.675  1705  1869 D EventSequenceValidator: 	at android.os.Handler.dispatchMessage(Handler.java:99)
06-21 15:14:07.675  1705  1869 D EventSequenceValidator: 	at android.os.Looper.loop(Looper.java:236)
06-21 15:14:07.675  1705  1869 D EventSequenceValidator: 	at android.os.HandlerThread.run(HandlerThread.java:67)
06-21 15:14:07.675  1705  1869 D EventSequenceValidator: 	at com.android.server.ServiceThread.run(ServiceThread.java:45)
06-21 15:14:07.675  1705  1869 D EventSequenceValidator: inc AccIntentStartedEvents to 8
06-21 15:14:07.677   972   972 I ANDR-PERF-LM: LMPerfGlue: perfmodule_submit_request() 132: perfmodule_submit_request()
06-21 15:14:07.677   972   972 I ANDR-PERF-LM: Core: getInstance() 84: LM getInstance
06-21 15:14:07.677   972   972 I ANDR-PERF-LM: WQ: push() 59: LMTriggerQ push() size=0
06-21 15:14:07.677   972   972 I ANDR-PERF-LM: WQ: push() 61: LMTriggerQ push() done size=1
06-21 15:14:07.677   972  1014 I ANDR-PERF-LM: WQ: pop() 42: LMTriggerQ pop() done size=0
06-21 15:14:07.677   972  1014 I ANDR-PERF-LM: Core: lmMain() 381: Calling runAsync for AdaptLaunch
06-21 15:14:07.677   972  1014 I ANDR-PERF-LM: Core: lmMain() 391: runAsync for AdaptLaunch returned
06-21 15:14:07.677   972  1014 I ANDR-PERF-LM: Core: lmMain() 373: Waiting on trigger Queue
06-21 15:14:07.677   972  1014 I ANDR-PERF-LM: WQ: pop() 31: LMTriggerQ pop() size=0
06-21 15:14:07.678   982 10464 I vendor.qti.hardware.servicetracker@1.2-service: Activity state is changed to : 0
06-21 15:14:07.678   982 10464 I vendor.qti.hardware.servicetracker@1.2-service: Activity state is changed to : 0
06-21 15:14:07.686  1705  5178 D CompatibilityInfo: mCompatibilityFlags - 0
06-21 15:14:07.686  1705  5178 D CompatibilityInfo: applicationDensity - 440
06-21 15:14:07.686  1705  5178 D CompatibilityInfo: applicationScale - 1.0
06-21 15:14:07.687   982 10464 I vendor.qti.hardware.servicetracker@1.2-service: Activity state is changed to : 2
06-21 15:14:07.687   972   972 I ANDR-PERF-LM: LMPerfGlue: perfmodule_submit_request() 132: perfmodule_submit_request()
06-21 15:14:07.687   972   972 I ANDR-PERF-LM: Core: getInstance() 84: LM getInstance
06-21 15:14:07.687   972   972 I ANDR-PERF-LM: WQ: push() 59: LMTriggerQ push() size=0
06-21 15:14:07.687   972   972 I ANDR-PERF-LM: WQ: push() 61: LMTriggerQ push() done size=1
06-21 15:14:07.688   972  1014 I ANDR-PERF-LM: WQ: pop() 42: LMTriggerQ pop() done size=0
06-21 15:14:07.688   972  1014 I ANDR-PERF-LM: Core: lmMain() 381: Calling runAsync for GameOptimization
06-21 15:14:07.688   972  1014 D ANDR-PERF-LM: Feature: lookup() 101: Feature Name = AppClassifier, total featuers = 3, featureFound = 1
06-21 15:14:07.688   972  1014 D ANDR-PERF-LM: Feature: getData() 112: data.data = 0
06-21 15:14:07.688   972  1014 I ANDR-PERF-LM: Core: lmMain() 391: runAsync for GameOptimization returned
06-21 15:14:07.688   972  1014 I ANDR-PERF-LM: Core: lmMain() 373: Waiting on trigger Queue
06-21 15:14:07.688   972  1014 I ANDR-PERF-LM: WQ: pop() 31: LMTriggerQ pop() size=0
06-21 15:14:07.688  1705  5178 D ActivityTrigger: ActivityTrigger activityPauseTrigger
06-21 15:14:07.688   982 10464 I vendor.qti.hardware.servicetracker@1.2-service: Activity state is changed to : 3
06-21 15:14:07.688   972   972 I ANDR-PERF-LM: LMPerfGlue: perfmodule_submit_request() 132: perfmodule_submit_request()
06-21 15:14:07.688   972   972 I ANDR-PERF-LM: Core: getInstance() 84: LM getInstance
06-21 15:14:07.688   972   972 I ANDR-PERF-LM: WQ: push() 59: LMTriggerQ push() size=0
06-21 15:14:07.688   972   972 I ANDR-PERF-LM: WQ: push() 61: LMTriggerQ push() done size=1
06-21 15:14:07.688   972  1014 I ANDR-PERF-LM: WQ: pop() 42: LMTriggerQ pop() done size=0
06-21 15:14:07.688   972  1014 I ANDR-PERF-LM: Core: lmMain() 381: Calling runAsync for GameOptimization
06-21 15:14:07.688   972  1014 D ANDR-PERF-LM: Feature: lookup() 101: Feature Name = AppClassifier, total featuers = 3, featureFound = 1
06-21 15:14:07.689   972  1014 D ANDR-PERF-LM: Feature: getData() 112: data.data = 0
06-21 15:14:07.689   972  1014 I ANDR-PERF-LM: Core: lmMain() 391: runAsync for GameOptimization returned
06-21 15:14:07.689   972  1014 I ANDR-PERF-LM: Core: lmMain() 373: Waiting on trigger Queue
06-21 15:14:07.689   972  1014 I ANDR-PERF-LM: WQ: pop() 31: LMTriggerQ pop() size=0
06-21 15:14:07.689   982 10464 I vendor.qti.hardware.servicetracker@1.2-service: Activity state is changed to : 3
06-21 15:14:07.683 18729 18729 W TcmReceiver: type=1400 audit(0.0:3078741): avc: denied { write } for name="tcm" dev="tmpfs" ino=15177 scontext=u:r:theme:s0 tcontext=u:object_r:vendor_dpmtcm_socket:s0 tclass=sock_file permissive=0
06-21 15:14:07.696  1705  1869 D EventSequenceValidator: onIntentFailed during UNKNOWN.
06-21 15:14:07.696  1705  1869 D EventSequenceValidator: java.lang.Throwable: EventSequenceValidator#getStackTrace
06-21 15:14:07.696  1705  1869 D EventSequenceValidator: 	at com.google.android.startop.iorap.EventSequenceValidator.logWarningWithStackTrace(EventSequenceValidator.java:260)
06-21 15:14:07.696  1705  1869 D EventSequenceValidator: 	at com.google.android.startop.iorap.EventSequenceValidator.onIntentFailed(EventSequenceValidator.java:130)
06-21 15:14:07.696  1705  1869 D EventSequenceValidator: 	at com.android.server.wm.LaunchObserverRegistryImpl.handleOnIntentFailed(LaunchObserverRegistryImpl.java:147)
06-21 15:14:07.696  1705  1869 D EventSequenceValidator: 	at com.android.server.wm.LaunchObserverRegistryImpl.lambda$KukKmVpn5W_1xSV6Dnp8wW2H2Ks(Unknown Source:0)
06-21 15:14:07.696  1705  1869 D EventSequenceValidator: 	at com.android.server.wm.-$$Lambda$LaunchObserverRegistryImpl$KukKmVpn5W_1xSV6Dnp8wW2H2Ks.accept(Unknown Source:2)
06-21 15:14:07.696  1705  1869 D EventSequenceValidator: 	at com.android.internal.util.function.pooled.PooledLambdaImpl.doInvoke(PooledLambdaImpl.java:264)
06-21 15:14:07.696  1705  1869 D EventSequenceValidator: 	at com.android.internal.util.function.pooled.PooledLambdaImpl.invoke(PooledLambdaImpl.java:201)
06-21 15:14:07.696  1705  1869 D EventSequenceValidator: 	at com.android.internal.util.function.pooled.OmniFunction.run(OmniFunction.java:97)
06-21 15:14:07.696  1705  1869 D EventSequenceValidator: 	at android.os.Handler.handleCallback(Handler.java:938)
06-21 15:14:07.696  1705  1869 D EventSequenceValidator: 	at android.os.Handler.dispatchMessage(Handler.java:99)
06-21 15:14:07.696  1705  1869 D EventSequenceValidator: 	at android.os.Looper.loop(Looper.java:236)
06-21 15:14:07.696  1705  1869 D EventSequenceValidator: 	at android.os.HandlerThread.run(HandlerThread.java:67)
06-21 15:14:07.696  1705  1869 D EventSequenceValidator: 	at com.android.server.ServiceThread.run(ServiceThread.java:45)
06-21 15:14:07.696  1705  1869 D EventSequenceValidator: dec AccIntentStartedEvents to 7
06-21 15:14:07.698   972   972 I ANDR-PERF-LM: LMPerfGlue: perfmodule_submit_request() 132: perfmodule_submit_request()
06-21 15:14:07.699   972   972 I ANDR-PERF-LM: Core: getInstance() 84: LM getInstance
06-21 15:14:07.699   972   972 D ANDR-PERF-LM: Feature: lookup() 101: Feature Name = AppClassifier, total featuers = 3, featureFound = 1
06-21 15:14:07.699   972   972 D ANDR-PERF-LM: Feature: getData() 112: data.data = 0
06-21 15:14:07.699   972   972 I ANDR-PERF-LM: FeedbackAPI: getFeedback() 60: app:com.example.dogglers feature:AppClassifier feedback = 0
06-21 15:14:07.715 19732 19732 D LifecycleMonitor: Lifecycle status change: com.example.dogglers.VerticalListActivity@9a75a63 in: STOPPED
06-21 15:14:07.716 19732 19732 V ActivityScenario: Update currentActivityStage to STOPPED, currentActivity=com.example.dogglers.VerticalListActivity@9a75a63
06-21 15:14:07.718 19732 19732 D LifecycleMonitor: Lifecycle status change: com.example.dogglers.VerticalListActivity@9a75a63 in: DESTROYED
06-21 15:14:07.718 19732 19732 V ActivityScenario: Update currentActivityStage to DESTROYED, currentActivity=null
06-21 15:14:07.731   982 10464 I vendor.qti.hardware.servicetracker@1.2-service: Activity state is changed to : 9
06-21 15:14:07.732   982 10464 I vendor.qti.hardware.servicetracker@1.2-service: Activity state is changed to : 9
06-21 15:14:07.740 21865 21865 I GoogleInputMethodService: GoogleInputMethodService.onFinishInput():3220
06-21 15:14:07.741 21865 21865 I GoogleInputMethodService: GoogleInputMethodService.updateDeviceLockedStatus():2116 checkRepeatedly = false, unlocked = true
06-21 15:14:07.742 21865 21865 I GoogleInputMethodService: GoogleInputMethodService.onStartInput():1923 onStartInput(EditorInfo{inputType=0x0(NULL) imeOptions=0x0 privateImeOptions=null actionName=UNSPECIFIED actionLabel=null actionId=0 initialSelStart=-1 initialSelEnd=-1 initialCapsMode=0x0 hintText=null label=null packageName=com.example.dogglers fieldId=-1 fieldName=null extras=null}, false)
06-21 15:14:07.743 21865 21865 I GoogleInputMethodService: GoogleInputMethodService.updateDeviceLockedStatus():2116 checkRepeatedly = true, unlocked = true
06-21 15:14:07.744   982 10464 I vendor.qti.hardware.servicetracker@1.2-service: Activity state is changed to : 7
06-21 15:14:07.744   982 10464 I chatty  : uid=1000(system) HwBinder:982_4 identical 1 line
06-21 15:14:07.744   982 10464 I vendor.qti.hardware.servicetracker@1.2-service: Activity state is changed to : 7
06-21 15:14:07.745   982 10464 I vendor.qti.hardware.servicetracker@1.2-service: Activity state is changed to : 8
06-21 15:14:07.745   982 10464 I vendor.qti.hardware.servicetracker@1.2-service: Activity state is changed to : 8
06-21 15:14:07.750 19732 19732 D LifecycleMonitor: Lifecycle status change: androidx.test.core.app.InstrumentationActivityInvoker$EmptyActivity@800b82f in: PAUSED
06-21 15:14:07.750 19732 19732 V ActivityScenario: Activity lifecycle changed event received but ignored because the intent does not match. startActivityIntent=Intent { act=android.intent.action.MAIN cat=[android.intent.category.LAUNCHER] cmp=com.example.dogglers/.VerticalListActivity }, activity.getIntent()=Intent { act=android.intent.action.MAIN cat=[android.intent.category.LAUNCHER] flg=0x10000000 cmp=com.example.dogglers/androidx.test.core.app.InstrumentationActivityInvoker$EmptyActivity }, activity=androidx.test.core.app.InstrumentationActivityInvoker$EmptyActivity@800b82f
06-21 15:14:07.751   982 10464 I vendor.qti.hardware.servicetracker@1.2-service: Activity state is changed to : 4
06-21 15:14:07.752   982 10464 I vendor.qti.hardware.servicetracker@1.2-service: Activity state is changed to : 4
06-21 15:14:07.752   982 10464 I vendor.qti.hardware.servicetracker@1.2-service: Activity state is changed to : 2
06-21 15:14:07.752   972   972 I ANDR-PERF-LM: LMPerfGlue: perfmodule_submit_request() 132: perfmodule_submit_request()
06-21 15:14:07.752   972   972 I ANDR-PERF-LM: Core: getInstance() 84: LM getInstance
06-21 15:14:07.752   972   972 I ANDR-PERF-LM: WQ: push() 59: LMTriggerQ push() size=0
06-21 15:14:07.752   972   972 I ANDR-PERF-LM: WQ: push() 61: LMTriggerQ push() done size=1
06-21 15:14:07.752   972  1014 I ANDR-PERF-LM: WQ: pop() 42: LMTriggerQ pop() done size=0
06-21 15:14:07.752   972  1014 I ANDR-PERF-LM: Core: lmMain() 381: Calling runAsync for GameOptimization
06-21 15:14:07.752   972  1014 D ANDR-PERF-LM: Feature: lookup() 101: Feature Name = AppClassifier, total featuers = 3, featureFound = 1
06-21 15:14:07.752   972  1014 D ANDR-PERF-LM: Feature: getData() 112: data.data = 0
06-21 15:14:07.752   972  1014 I ANDR-PERF-LM: Core: lmMain() 391: runAsync for GameOptimization returned
06-21 15:14:07.752   972  1014 I ANDR-PERF-LM: Core: lmMain() 373: Waiting on trigger Queue
06-21 15:14:07.752   972  1014 I ANDR-PERF-LM: WQ: pop() 31: LMTriggerQ pop() size=0
06-21 15:14:07.753   972   972 I ANDR-PERF-LM: LMPerfGlue: perfmodule_submit_request() 132: perfmodule_submit_request()
06-21 15:14:07.753   972   972 I ANDR-PERF-LM: Core: getInstance() 84: LM getInstance
06-21 15:14:07.753   972   972 I ANDR-PERF-LM: WQ: push() 59: LMTriggerQ push() size=0
06-21 15:14:07.753   972   972 I ANDR-PERF-LM: WQ: push() 61: LMTriggerQ push() done size=1
06-21 15:14:07.753   972  1014 I ANDR-PERF-LM: WQ: pop() 42: LMTriggerQ pop() done size=0
06-21 15:14:07.753   972  1014 I ANDR-PERF-LM: Core: lmMain() 381: Calling runAsync for AdaptLaunch
06-21 15:14:07.753   972  1014 I ANDR-PERF-LM: MetaMeter: isValidAsync() 194: AsyncInfo: hintID = 4225
06-21 15:14:07.753   972  1014 I ANDR-PERF-LM: hintType: 102
06-21 15:14:07.753   972  1014 I ANDR-PERF-LM: isPrimary = 0
06-21 15:14:07.753   972  1014 I ANDR-PERF-LM: MetaMeter: isValidAsync() 203: Invalid (hintID,hintType,appName,duration,appPID,appThreadTID) = (4225, 102,com.example.dogglers,19732,1705,5349)
06-21 15:14:07.753   972  1014 E ANDR-PERF-LM: MetaMeter: handleAsync() 164: AdaptLaunch Invalid Async
06-21 15:14:07.753   972  1014 I ANDR-PERF-LM: Core: lmMain() 391: runAsync for AdaptLaunch returned
06-21 15:14:07.753   972  1014 I ANDR-PERF-LM: Core: lmMain() 373: Waiting on trigger Queue
06-21 15:14:07.753   972  1014 I ANDR-PERF-LM: WQ: pop() 31: LMTriggerQ pop() size=0
06-21 15:14:07.754  1705  5349 D CompatibilityInfo: mCompatibilityFlags - 0
06-21 15:14:07.754  1705  5349 D CompatibilityInfo: applicationDensity - 440
06-21 15:14:07.754  1705  5349 D CompatibilityInfo: applicationScale - 1.0
06-21 15:14:07.755   982 10879 I vendor.qti.hardware.servicetracker@1.2-service: Activity state is changed to : 2
06-21 15:14:07.755   982 10879 I vendor.qti.hardware.servicetracker@1.2-service: Activity state is changed to : 2
06-21 15:14:07.762 19732 19732 D LifecycleMonitor: Lifecycle status change: androidx.test.core.app.InstrumentationActivityInvoker$BootstrapActivity@a2d4ae2 in: DESTROYED
06-21 15:14:07.763 19732 19732 V ActivityScenario: Activity lifecycle changed event received but ignored because the intent does not match. startActivityIntent=Intent { act=android.intent.action.MAIN cat=[android.intent.category.LAUNCHER] cmp=com.example.dogglers/.VerticalListActivity }, activity.getIntent()=Intent { act=android.intent.action.MAIN cat=[android.intent.category.LAUNCHER] flg=0x10008000 cmp=com.example.dogglers/androidx.test.core.app.InstrumentationActivityInvoker$BootstrapActivity (has extras) }, activity=androidx.test.core.app.InstrumentationActivityInvoker$BootstrapActivity@a2d4ae2
06-21 15:14:07.764   982  1015 I vendor.qti.hardware.servicetracker@1.2-service: Activity state is changed to : 9
06-21 15:14:07.764   982  1015 I vendor.qti.hardware.servicetracker@1.2-service: Activity state is changed to : 9
06-21 15:14:07.774  1705  5178 D MIUIInput: [FoucsChange]: Display  0 FocusedWindow From Window{5ad03f0 mode=1 rootTaskId=6358 u0 com.example.dogglers/androidx.test.core.app.InstrumentationActivityInvoker$EmptyActivity}(1,1)  to null(0,0)
06-21 15:14:07.778 19732 19732 D LifecycleMonitor: Lifecycle status change: androidx.test.core.app.InstrumentationActivityInvoker$EmptyActivity@1373ca0 in: PRE_ON_CREATE
06-21 15:14:07.778 19732 19732 V ActivityScenario: Activity lifecycle changed event received but ignored because the intent does not match. startActivityIntent=Intent { act=android.intent.action.MAIN cat=[android.intent.category.LAUNCHER] cmp=com.example.dogglers/.VerticalListActivity }, activity.getIntent()=Intent { act=android.intent.action.MAIN cat=[android.intent.category.LAUNCHER] flg=0x10000000 cmp=com.example.dogglers/androidx.test.core.app.InstrumentationActivityInvoker$EmptyActivity }, activity=androidx.test.core.app.InstrumentationActivityInvoker$EmptyActivity@1373ca0
06-21 15:14:07.785 19732 19732 D DecorView[]: getWindowModeFromSystem  windowmode is 1
06-21 15:14:07.785 19732 19732 D DecorView: createDecorCaptionView windowingMode:1 mWindowMode 1 isFullscreen: true
06-21 15:14:07.789 19732 19732 D LifecycleMonitor: Lifecycle status change: androidx.test.core.app.InstrumentationActivityInvoker$EmptyActivity@1373ca0 in: CREATED
06-21 15:14:07.790 19732 19732 V ActivityScenario: Activity lifecycle changed event received but ignored because the intent does not match. startActivityIntent=Intent { act=android.intent.action.MAIN cat=[android.intent.category.LAUNCHER] cmp=com.example.dogglers/.VerticalListActivity }, activity.getIntent()=Intent { act=android.intent.action.MAIN cat=[android.intent.category.LAUNCHER] flg=0x10000000 cmp=com.example.dogglers/androidx.test.core.app.InstrumentationActivityInvoker$EmptyActivity }, activity=androidx.test.core.app.InstrumentationActivityInvoker$EmptyActivity@1373ca0
06-21 15:14:07.792 19732 19732 D LifecycleMonitor: Lifecycle status change: androidx.test.core.app.InstrumentationActivityInvoker$EmptyActivity@1373ca0 in: STARTED
06-21 15:14:07.793 19732 19732 V ActivityScenario: Activity lifecycle changed event received but ignored because the intent does not match. startActivityIntent=Intent { act=android.intent.action.MAIN cat=[android.intent.category.LAUNCHER] cmp=com.example.dogglers/.VerticalListActivity }, activity.getIntent()=Intent { act=android.intent.action.MAIN cat=[android.intent.category.LAUNCHER] flg=0x10000000 cmp=com.example.dogglers/androidx.test.core.app.InstrumentationActivityInvoker$EmptyActivity }, activity=androidx.test.core.app.InstrumentationActivityInvoker$EmptyActivity@1373ca0
06-21 15:14:07.795 19732 19732 D LifecycleMonitor: Lifecycle status change: androidx.test.core.app.InstrumentationActivityInvoker$EmptyActivity@1373ca0 in: RESUMED
06-21 15:14:07.796 19732 19732 V ActivityScenario: Activity lifecycle changed event received but ignored because the intent does not match. startActivityIntent=Intent { act=android.intent.action.MAIN cat=[android.intent.category.LAUNCHER] cmp=com.example.dogglers/.VerticalListActivity }, activity.getIntent()=Intent { act=android.intent.action.MAIN cat=[android.intent.category.LAUNCHER] flg=0x10000000 cmp=com.example.dogglers/androidx.test.core.app.InstrumentationActivityInvoker$EmptyActivity }, activity=androidx.test.core.app.InstrumentationActivityInvoker$EmptyActivity@1373ca0
06-21 15:14:07.805 24840 24840 D RecentsImpl: mActivityStateObserver androidx.test.core.app.InstrumentationActivityInvoker$EmptyActivity
06-21 15:14:07.807 24840 25110 D GestureStubView: resetRenderProperty: showGestureStub
06-21 15:14:07.807 24840 25110 D GestureStubView: showGestureStub
06-21 15:14:07.807 24840 25110 D GestureStubView: resetRenderProperty: showGestureStub
06-21 15:14:07.807 24840 25110 D GestureStubView: showGestureStub
06-21 15:14:07.825 24840 25110 D GestureStubView: gatherTransparentRegion: need render w:54  h:1440
06-21 15:14:07.833 24840 25110 D GestureStubView: gatherTransparentRegion: need render w:54  h:1440
06-21 15:14:07.844   972   972 I ANDR-PERF-LM: LMPerfGlue: perfmodule_submit_request() 132: perfmodule_submit_request()
06-21 15:14:07.844   972   972 I ANDR-PERF-LM: Core: getInstance() 84: LM getInstance
06-21 15:14:07.844   972   972 I ANDR-PERF-LM: WQ: push() 59: LMTriggerQ push() size=0
06-21 15:14:07.844   972   972 I ANDR-PERF-LM: WQ: push() 61: LMTriggerQ push() done size=1
06-21 15:14:07.844   972  1014 I ANDR-PERF-LM: WQ: pop() 42: LMTriggerQ pop() done size=0
06-21 15:14:07.844   972  1014 I ANDR-PERF-LM: Core: lmMain() 373: Waiting on trigger Queue
06-21 15:14:07.844   972  1014 I ANDR-PERF-LM: WQ: pop() 31: LMTriggerQ pop() size=0
06-21 15:14:07.845  1705  1900 I ActivityTaskManager: Displayed com.example.dogglers/androidx.test.core.app.InstrumentationActivityInvoker$EmptyActivity: +170ms
06-21 15:14:07.846   972   972 I ANDR-PERF-LM: LMPerfGlue: perfmodule_submit_request() 132: perfmodule_submit_request()
06-21 15:14:07.846   972   972 I ANDR-PERF-LM: Core: getInstance() 84: LM getInstance
06-21 15:14:07.846   972   972 D ANDR-PERF-LM: Feature: lookup() 101: Feature Name = AppClassifier, total featuers = 3, featureFound = 1
06-21 15:14:07.846   972   972 D ANDR-PERF-LM: Feature: getData() 112: data.data = 0
06-21 15:14:07.846   972   972 I ANDR-PERF-LM: FeedbackAPI: getFeedback() 60: app:com.example.dogglers feature:AppClassifier feedback = 0
06-21 15:14:07.850 10194 10237 D MiuiPhoneStatusBarPolicy: updateManagedProfile: secondSpace = false
06-21 15:14:07.852  1705  4492 D MIUIInput: [FoucsChange]: Display  0 FocusedWindow From null(0,0)  to Window{d88104d mode=1 rootTaskId=6358 u0 com.example.dogglers/androidx.test.core.app.InstrumentationActivityInvoker$EmptyActivity}(1,1)
06-21 15:14:07.863 19257 19302 I Finsky  : [239525] pjk.h(7): Already at the latest configurations for experiment package com.google.android.finsky.regular.
06-21 15:14:07.863 19257 19300 W android.vendin: Long monitor contention with owner bgExecutor #2 (19301) at int pjk.h()(PG:8) waiters=2 in int pjk.h() for 1.315s
06-21 15:14:07.864 19257 19300 I Finsky  : [239523] pjk.h(1): Triggered update for experiment package com.google.android.finsky.regular.
06-21 15:14:07.880   972   972 I ANDR-PERF-LM: LMPerfGlue: perfmodule_submit_request() 132: perfmodule_submit_request()
06-21 15:14:07.880   972   972 I ANDR-PERF-LM: Core: getInstance() 84: LM getInstance
06-21 15:14:07.880   972   972 D ANDR-PERF-LM: Feature: lookup() 101: Feature Name = AppClassifier, total featuers = 3, featureFound = 1
06-21 15:14:07.880   972   972 D ANDR-PERF-LM: Feature: getData() 112: data.data = 0
06-21 15:14:07.880   972   972 I ANDR-PERF-LM: FeedbackAPI: getFeedback() 60: app:com.example.dogglers feature:AppClassifier feedback = 0
06-21 15:14:07.884 19257 19302 I Finsky  : [239525] xzj.b(1): Restoring notifications
06-21 15:14:07.894 19257 19302 I Finsky  : [239525] xzj.b(4): Done restoring notifications
06-21 15:14:07.897 19257 19302 I Finsky  : [239525] fdt.run(7): Component class com.google.android.finsky.wearsupport.WearSupportService disabled via PackageManager.
06-21 15:14:07.898 19257 19302 I Finsky  : [239525] fdt.run(7): Component class com.google.android.finsky.wearsupport.WearChangeListenerService disabled via PackageManager.
06-21 15:14:07.900 19257 19302 I Finsky  : [239525] par.n(8): Invalidating cached PackageState for com.android.vending
06-21 15:14:07.903   982  1015 I vendor.qti.hardware.servicetracker@1.2-service: Activity state is changed to : 7
06-21 15:14:07.903   982  1015 I chatty  : uid=1000(system) HwBinder:982_1 identical 1 line
06-21 15:14:07.904   982  1015 I vendor.qti.hardware.servicetracker@1.2-service: Activity state is changed to : 7
06-21 15:14:07.904   982  1015 I vendor.qti.hardware.servicetracker@1.2-service: Activity state is changed to : 8
06-21 15:14:07.905   982  1015 I vendor.qti.hardware.servicetracker@1.2-service: Activity state is changed to : 8
06-21 15:14:07.911 19257 19498 I Finsky  : [239571] jrb.run(39): Wrote row to frosting DB: 12788
06-21 15:14:07.925  1705  4492 D ActivityTrigger: ActivityTrigger activityPauseTrigger
06-21 15:14:07.925   972   972 I ANDR-PERF-LM: LMPerfGlue: perfmodule_submit_request() 132: perfmodule_submit_request()
06-21 15:14:07.925   972   972 I ANDR-PERF-LM: Core: getInstance() 84: LM getInstance
06-21 15:14:07.925   972   972 I ANDR-PERF-LM: WQ: push() 59: LMTriggerQ push() size=0
06-21 15:14:07.925   972   972 I ANDR-PERF-LM: WQ: push() 61: LMTriggerQ push() done size=1
06-21 15:14:07.925   972  1014 I ANDR-PERF-LM: WQ: pop() 42: LMTriggerQ pop() done size=0
06-21 15:14:07.925   972  1014 I ANDR-PERF-LM: Core: lmMain() 381: Calling runAsync for GameOptimization
06-21 15:14:07.925   972  1014 D ANDR-PERF-LM: Feature: lookup() 101: Feature Name = AppClassifier, total featuers = 3, featureFound = 1
06-21 15:14:07.925   972  1014 D ANDR-PERF-LM: Feature: getData() 112: data.data = 0
06-21 15:14:07.925   972  1014 I ANDR-PERF-LM: Core: lmMain() 391: runAsync for GameOptimization returned
06-21 15:14:07.925   972  1014 I ANDR-PERF-LM: Core: lmMain() 373: Waiting on trigger Queue
06-21 15:14:07.925   972  1014 I ANDR-PERF-LM: WQ: pop() 31: LMTriggerQ pop() size=0
06-21 15:14:07.926   982  1015 I vendor.qti.hardware.servicetracker@1.2-service: Activity state is changed to : 3
06-21 15:14:07.926   982  1015 I vendor.qti.hardware.servicetracker@1.2-service: Activity state is changed to : 3
06-21 15:14:07.931 24840 24840 D EventBus: No subscribers registered for event class com.miui.home.recents.messages.TaskSnapshotChangedEvent
06-21 15:14:07.931 24840 24840 D EventBus: No subscribers registered for event class org.greenrobot.eventbus.NoSubscriberEvent
06-21 15:14:07.941  1705  5178 D MIUIInput: [FoucsChange]: Display  0 FocusedWindow From Window{d88104d mode=1 rootTaskId=6358 u0 com.example.dogglers/androidx.test.core.app.InstrumentationActivityInvoker$EmptyActivity}(1,1)  to null(0,0)
06-21 15:14:07.951 15582 15627 I BtGatt.ScanManager: msg.what = 6
06-21 15:14:07.951  1705  2318 I MiuiNetworkPolicy: updateUidState uid = 10186, uidState = 3
06-21 15:14:07.951  1705  2318 I MiuiNetworkPolicy: updateUidState uid = 10095, uidState = 2
06-21 15:14:07.951 19732 19732 D LifecycleMonitor: Lifecycle status change: androidx.test.core.app.InstrumentationActivityInvoker$EmptyActivity@800b82f in: STOPPED
06-21 15:14:07.953 19732 19732 V ActivityScenario: Activity lifecycle changed event received but ignored because the intent does not match. startActivityIntent=Intent { act=android.intent.action.MAIN cat=[android.intent.category.LAUNCHER] cmp=com.example.dogglers/.VerticalListActivity }, activity.getIntent()=Intent { act=android.intent.action.MAIN cat=[android.intent.category.LAUNCHER] flg=0x10000000 cmp=com.example.dogglers/androidx.test.core.app.InstrumentationActivityInvoker$EmptyActivity }, activity=androidx.test.core.app.InstrumentationActivityInvoker$EmptyActivity@800b82f
06-21 15:14:07.959 19732 19732 D LifecycleMonitor: Lifecycle status change: androidx.test.core.app.InstrumentationActivityInvoker$EmptyActivity@800b82f in: DESTROYED
06-21 15:14:07.967 19732 19732 V ActivityScenario: Activity lifecycle changed event received but ignored because the intent does not match. startActivityIntent=Intent { act=android.intent.action.MAIN cat=[android.intent.category.LAUNCHER] cmp=com.example.dogglers/.VerticalListActivity }, activity.getIntent()=Intent { act=android.intent.action.MAIN cat=[android.intent.category.LAUNCHER] flg=0x10000000 cmp=com.example.dogglers/androidx.test.core.app.InstrumentationActivityInvoker$EmptyActivity }, activity=androidx.test.core.app.InstrumentationActivityInvoker$EmptyActivity@800b82f
06-21 15:14:07.984 19732 19732 D LifecycleMonitor: Lifecycle status change: androidx.test.core.app.InstrumentationActivityInvoker$EmptyActivity@1373ca0 in: PAUSED
06-21 15:14:07.985 19732 19732 V ActivityScenario: Activity lifecycle changed event received but ignored because the intent does not match. startActivityIntent=Intent { act=android.intent.action.MAIN cat=[android.intent.category.LAUNCHER] cmp=com.example.dogglers/.VerticalListActivity }, activity.getIntent()=Intent { act=android.intent.action.MAIN cat=[android.intent.category.LAUNCHER] flg=0x10000000 cmp=com.example.dogglers/androidx.test.core.app.InstrumentationActivityInvoker$EmptyActivity }, activity=androidx.test.core.app.InstrumentationActivityInvoker$EmptyActivity@1373ca0
06-21 15:14:07.987   982 10879 I vendor.qti.hardware.servicetracker@1.2-service: Activity state is changed to : 9
06-21 15:14:07.987   982 10879 I vendor.qti.hardware.servicetracker@1.2-service: Activity state is changed to : 9
06-21 15:14:07.989   982 10879 I vendor.qti.hardware.servicetracker@1.2-service: Activity state is changed to : 4
06-21 15:14:07.989   982 10879 I vendor.qti.hardware.servicetracker@1.2-service: Activity state is changed to : 4
06-21 15:14:07.989   982 10879 I vendor.qti.hardware.servicetracker@1.2-service: Activity state is changed to : 5
06-21 15:14:07.989   982 10879 I vendor.qti.hardware.servicetracker@1.2-service: Activity state is changed to : 5
06-21 15:14:07.990   982 10879 I vendor.qti.hardware.servicetracker@1.2-service: Activity state is changed to : 2
06-21 15:14:07.990   972   972 I ANDR-PERF-LM: LMPerfGlue: perfmodule_submit_request() 132: perfmodule_submit_request()
06-21 15:14:07.990   972   972 I ANDR-PERF-LM: Core: getInstance() 84: LM getInstance
06-21 15:14:07.990   972   972 I ANDR-PERF-LM: WQ: push() 59: LMTriggerQ push() size=0
06-21 15:14:07.990   972   972 I ANDR-PERF-LM: WQ: push() 61: LMTriggerQ push() done size=1
06-21 15:14:07.990   972  1014 I ANDR-PERF-LM: WQ: pop() 42: LMTriggerQ pop() done size=0
06-21 15:14:07.990   972  1014 I ANDR-PERF-LM: Core: lmMain() 381: Calling runAsync for GameOptimization
06-21 15:14:07.990   972  1014 D ANDR-PERF-LM: Feature: lookup() 101: Feature Name = AppClassifier, total featuers = 3, featureFound = 1
06-21 15:14:07.990   972  1014 D ANDR-PERF-LM: Feature: getData() 112: data.data = 1
06-21 15:14:07.990   972  1014 I ANDR-PERF-LM: Core: lmMain() 391: runAsync for GameOptimization returned
06-21 15:14:07.990   972  1014 I ANDR-PERF-LM: Core: lmMain() 373: Waiting on trigger Queue
06-21 15:14:07.990   972  1014 I ANDR-PERF-LM: WQ: pop() 31: LMTriggerQ pop() size=0
06-21 15:14:07.996   982 10879 I vendor.qti.hardware.servicetracker@1.2-service: Activity state is changed to : 2
06-21 15:14:07.997  3914  3959 D AutoInstallService: onForegroundInfoChanged: com.mi.android.globallauncher
06-21 15:14:07.997  6642  6763 I ThermalInfoCollector: collectForgroundAppsInfo
06-21 15:14:07.997 20234 20251 I GST     : forePkg: com.mi.android.globallauncher, preForePkg: com.example.dogglers
06-21 15:14:07.998 24924 25140 I ProcessMonitor: onForegroundInfoChanged: ForegroundInfo{mForegroundPackageName='com.mi.android.globallauncher', mForegroundUid=10095, mForegroundPid=24840, mLastForegroundPackageName='com.example.dogglers', mLastForegroundUid=10387, mLastForegroundPid=19732, mMultiWindowForegroundPackageName='null', mMultiWindowForegroundUid=-1, mFlags=0}
06-21 15:14:07.999  6642 15062 D PerfEngineController: ForegroundInfo{mForegroundPackageName='com.mi.android.globallauncher', mForegroundUid=10095, mForegroundPid=24840, mLastForegroundPackageName='com.example.dogglers', mLastForegroundUid=10387, mLastForegroundPid=19732, mMultiWindowForegroundPackageName='null', mMultiWindowForegroundUid=-1, mFlags=0}
06-21 15:14:07.999 24924 25140 I GameBoosterService: onForegroundInfoChanged: Cur=com.mi.android.globallauncher	 last=com.example.dogglers
06-21 15:14:08.000 24924 25140 D GameBoosterService: onGameStatusChange foreground:ForegroundInfo{mForegroundPackageName='com.mi.android.globallauncher', mForegroundUid=10095, mForegroundPid=24840, mLastForegroundPackageName='com.example.dogglers', mLastForegroundUid=10387, mLastForegroundPid=19732, mMultiWindowForegroundPackageName='null', mMultiWindowForegroundUid=-1, mFlags=0}
06-21 15:14:08.000 24924 25140 I GameBoosterService: onForegroundInfoChanged: Exit
06-21 15:14:08.000 24924 25140 I VideoBoxUtils: isSupportVideoBox: true
06-21 15:14:08.000 24924 25140 I VideoToolBoxService: onForegroundInfoChanged: Exit Vtb
06-21 15:14:08.002 19732 19756 I TestRunner: finished: vertical_scroll_content_at_last_position(com.example.dogglers.VerticalListTests)
