06-21 15:14:09.130   972   972 I ANDR-PERF-LM: FeedbackAPI: getFeedback() 60: app:com.example.dogglers feature:AppClassifier feedback = 0
06-21 15:14:09.138  1705  4492 D MIUIInput: [FoucsChange]: Display  0 FocusedWindow From null(0,0)  to Window{c8caa2a mode=1 rootTaskId=6359 u0 com.example.dogglers/com.example.dogglers.VerticalListActivity}(1,1)
06-21 15:14:09.140  1705  1870 D WindowManager: trim threaded renderer complete
06-21 15:14:09.145  1705  1869 D EventSequenceValidator: onActivityLaunchFinished during UNKNOWN.
06-21 15:14:09.145  1705  1869 D EventSequenceValidator: java.lang.Throwable: EventSequenceValidator#getStackTrace
06-21 15:14:09.145  1705  1869 D EventSequenceValidator: 	at com.google.android.startop.iorap.EventSequenceValidator.logWarningWithStackTrace(EventSequenceValidator.java:260)
06-21 15:14:09.145  1705  1869 D EventSequenceValidator: 	at com.google.android.startop.iorap.EventSequenceValidator.onActivityLaunchFinished(EventSequenceValidator.java:185)
06-21 15:14:09.145  1705  1869 D EventSequenceValidator: 	at com.android.server.wm.LaunchObserverRegistryImpl.handleOnActivityLaunchFinished(LaunchObserverRegistryImpl.java:175)
06-21 15:14:09.145  1705  1869 D EventSequenceValidator: 	at com.android.server.wm.LaunchObserverRegistryImpl.lambda$QcawcFcJtEX4EhYptq_Vb4j368Y(Unknown Source:0)
06-21 15:14:09.145  1705  1869 D EventSequenceValidator: 	at com.android.server.wm.-$$Lambda$LaunchObserverRegistryImpl$QcawcFcJtEX4EhYptq_Vb4j368Y.accept(Unknown Source:10)
06-21 15:14:09.145  1705  1869 D EventSequenceValidator: 	at com.android.internal.util.function.pooled.PooledLambdaImpl.doInvoke(PooledLambdaImpl.java:292)
06-21 15:14:09.145  1705  1869 D EventSequenceValidator: 	at com.android.internal.util.function.pooled.PooledLambdaImpl.invoke(PooledLambdaImpl.java:201)
06-21 15:14:09.145  1705  1869 D EventSequenceValidator: 	at com.android.internal.util.function.pooled.OmniFunction.run(OmniFunction.java:97)
06-21 15:14:09.145  1705  1869 D EventSequenceValidator: 	at android.os.Handler.handleCallback(Handler.java:938)
06-21 15:14:09.145  1705  1869 D EventSequenceValidator: 	at android.os.Handler.dispatchMessage(Handler.java:99)
06-21 15:14:09.145  1705  1869 D EventSequenceValidator: 	at android.os.Looper.loop(Looper.java:236)
06-21 15:14:09.145  1705  1869 D EventSequenceValidator: 	at android.os.HandlerThread.run(HandlerThread.java:67)
06-21 15:14:09.145  1705  1869 D EventSequenceValidator: 	at com.android.server.ServiceThread.run(ServiceThread.java:45)
06-21 15:14:09.145  1705  1869 D EventSequenceValidator: dec AccIntentStartedEvents to 7
06-21 15:14:09.160   972   972 I ANDR-PERF-LM: LMPerfGlue: perfmodule_submit_request() 132: perfmodule_submit_request()
06-21 15:14:09.160   972   972 I ANDR-PERF-LM: Core: getInstance() 84: LM getInstance
06-21 15:14:09.160   972   972 D ANDR-PERF-LM: Feature: lookup() 101: Feature Name = AppClassifier, total featuers = 3, featureFound = 1
06-21 15:14:09.160   972   972 D ANDR-PERF-LM: Feature: getData() 112: data.data = 0
06-21 15:14:09.160   972   972 I ANDR-PERF-LM: FeedbackAPI: getFeedback() 60: app:com.example.dogglers feature:AppClassifier feedback = 0
06-21 15:14:09.172 21865 21865 I GoogleInputMethodService: GoogleInputMethodService.onFinishInput():3220
06-21 15:14:09.174 21865 21865 I GoogleInputMethodService: GoogleInputMethodService.updateDeviceLockedStatus():2116 checkRepeatedly = false, unlocked = true
06-21 15:14:09.174 21865 21865 I GoogleInputMethodService: GoogleInputMethodService.onStartInput():1923 onStartInput(EditorInfo{inputType=0x0(NULL) imeOptions=0x0 privateImeOptions=null actionName=UNSPECIFIED actionLabel=null actionId=0 initialSelStart=-1 initialSelEnd=-1 initialCapsMode=0x0 hintText=null label=null packageName=com.example.dogglers fieldId=-1 fieldName=null extras=null}, false)
06-21 15:14:09.175 21865 21865 I GoogleInputMethodService: GoogleInputMethodService.updateDeviceLockedStatus():2116 checkRepeatedly = true, unlocked = true
06-21 15:14:09.197 19732 19732 I ViewInteraction: Performing 'fast swipe' action on view view.getId() is <2131231206/com.example.dogglers:id/vertical_recycler_view>
06-21 15:14:09.201  1705  2234 D MIUIInput: [MotionEvent] publisher action=0x4, 1244691943, channel 'da0a904 NavigationBar0 (server)'
06-21 15:14:09.201  1705  2234 D MIUIInput: [MotionEvent] publisher action=0x0, 1244691943, channel 'c8caa2a com.example.dogglers/com.example.dogglers.VerticalListActivity (server)'
06-21 15:14:09.202   972   972 I ANDR-PERF-LM: LMPerfGlue: perfmodule_submit_request() 132: perfmodule_submit_request()
06-21 15:14:09.203   972   972 I ANDR-PERF-LM: Core: getInstance() 84: LM getInstance
06-21 15:14:09.203   972   972 I ANDR-PERF-LM: WQ: push() 59: LMTriggerQ push() size=0
06-21 15:14:09.203   972   972 I ANDR-PERF-LM: WQ: push() 61: LMTriggerQ push() done size=1
06-21 15:14:09.203   972  1014 I ANDR-PERF-LM: WQ: pop() 42: LMTriggerQ pop() done size=0
06-21 15:14:09.203   972  1014 I ANDR-PERF-LM: Core: lmMain() 381: Calling runAsync for GameOptimization
06-21 15:14:09.203   972  1014 I ANDR-PERF-LM: Core: lmMain() 391: runAsync for GameOptimization returned
06-21 15:14:09.203   972  1014 I ANDR-PERF-LM: Core: lmMain() 381: Calling runAsync for AdaptLaunch
06-21 15:14:09.203   972  1014 I ANDR-PERF-LM: Core: lmMain() 391: runAsync for AdaptLaunch returned
06-21 15:14:09.203   972  1014 I ANDR-PERF-LM: Core: lmMain() 373: Waiting on trigger Queue
06-21 15:14:09.203   972  1014 I ANDR-PERF-LM: WQ: pop() 31: LMTriggerQ pop() size=0
06-21 15:14:09.215   972   972 I ANDR-PERF-LM: LMPerfGlue: perfmodule_submit_request() 132: perfmodule_submit_request()
06-21 15:14:09.215   972   972 I ANDR-PERF-LM: Core: getInstance() 84: LM getInstance
06-21 15:14:09.215   972   972 D ANDR-PERF-LM: Feature: lookup() 101: Feature Name = AppClassifier, total featuers = 3, featureFound = 1
06-21 15:14:09.215   972   972 D ANDR-PERF-LM: Feature: getData() 112: data.data = 0
06-21 15:14:09.216   972   972 I ANDR-PERF-LM: FeedbackAPI: getFeedback() 60: app:com.example.dogglers feature:AppClassifier feedback = 0
06-21 15:14:09.216   972   972 I ANDR-PERF-LM: LMPerfGlue: perfmodule_submit_request() 132: perfmodule_submit_request()
06-21 15:14:09.216   972   972 I ANDR-PERF-LM: Core: getInstance() 84: LM getInstance
06-21 15:14:09.216   972   972 I ANDR-PERF-LM: WQ: push() 59: LMTriggerQ push() size=0
06-21 15:14:09.216   972   972 I ANDR-PERF-LM: WQ: push() 61: LMTriggerQ push() done size=1
06-21 15:14:09.216   972  1014 I ANDR-PERF-LM: WQ: pop() 42: LMTriggerQ pop() done size=0
06-21 15:14:09.216   972  1014 I ANDR-PERF-LM: Core: lmMain() 373: Waiting on trigger Queue
06-21 15:14:09.216   972  1014 I ANDR-PERF-LM: WQ: pop() 31: LMTriggerQ pop() size=0
06-21 15:14:09.217   972   972 I ANDR-PERF-LM: LMPerfGlue: perfmodule_submit_request() 132: perfmodule_submit_request()
06-21 15:14:09.217   972   972 I ANDR-PERF-LM: Core: getInstance() 84: LM getInstance
06-21 15:14:09.217   972   972 D ANDR-PERF-LM: Feature: lookup() 101: Feature Name = AppClassifier, total featuers = 3, featureFound = 1
06-21 15:14:09.217   972   972 D ANDR-PERF-LM: Feature: getData() 112: data.data = 0
06-21 15:14:09.217   972   972 I ANDR-PERF-LM: FeedbackAPI: getFeedback() 60: app:com.example.dogglers feature:AppClassifier feedback = 0
06-21 15:14:09.365  1705  2234 D MIUIInput: [MotionEvent] publisher action=0x1, 1244692108, channel 'c8caa2a com.example.dogglers/com.example.dogglers.VerticalListActivity (server)'
06-21 15:14:09.366   972   972 I ANDR-PERF-LM: LMPerfGlue: perfmodule_submit_request() 132: perfmodule_submit_request()
06-21 15:14:09.366   972   972 I ANDR-PERF-LM: Core: getInstance() 84: LM getInstance
06-21 15:14:09.366   972   972 D ANDR-PERF-LM: Feature: lookup() 101: Feature Name = AppClassifier, total featuers = 3, featureFound = 1
06-21 15:14:09.366   972   972 D ANDR-PERF-LM: Feature: getData() 112: data.data = 0
06-21 15:14:09.366   972   972 I ANDR-PERF-LM: FeedbackAPI: getFeedback() 60: app:com.example.dogglers feature:AppClassifier feedback = 0
06-21 15:14:09.367   972   972 I ANDR-PERF-LM: LMPerfGlue: perfmodule_submit_request() 132: perfmodule_submit_request()
06-21 15:14:09.367   972   972 I ANDR-PERF-LM: Core: getInstance() 84: LM getInstance
06-21 15:14:09.367   972   972 I ANDR-PERF-LM: WQ: push() 59: LMTriggerQ push() size=0
06-21 15:14:09.367   972   972 I ANDR-PERF-LM: WQ: push() 61: LMTriggerQ push() done size=1
06-21 15:14:09.367   972  1014 I ANDR-PERF-LM: WQ: pop() 42: LMTriggerQ pop() done size=0
06-21 15:14:09.367   972  1014 I ANDR-PERF-LM: Core: lmMain() 373: Waiting on trigger Queue
06-21 15:14:09.367   972  1014 I ANDR-PERF-LM: WQ: pop() 31: LMTriggerQ pop() size=0
06-21 15:14:09.368   972   972 I ANDR-PERF-LM: LMPerfGlue: perfmodule_submit_request() 132: perfmodule_submit_request()
06-21 15:14:09.368   972   972 I ANDR-PERF-LM: Core: getInstance() 84: LM getInstance
06-21 15:14:09.368   972   972 D ANDR-PERF-LM: Feature: lookup() 101: Feature Name = AppClassifier, total featuers = 3, featureFound = 1
06-21 15:14:09.368   972   972 D ANDR-PERF-LM: Feature: getData() 112: data.data = 0
06-21 15:14:09.368   972   972 I ANDR-PERF-LM: FeedbackAPI: getFeedback() 60: app:com.example.dogglers feature:AppClassifier feedback = 0
06-21 15:14:09.368   972   972 I ANDR-PERF-LM: LMPerfGlue: perfmodule_submit_request() 132: perfmodule_submit_request()
06-21 15:14:09.368   972   972 I ANDR-PERF-LM: Core: getInstance() 84: LM getInstance
06-21 15:14:09.368   972   972 I ANDR-PERF-LM: WQ: push() 59: LMTriggerQ push() size=0
06-21 15:14:09.368   972   972 I ANDR-PERF-LM: WQ: push() 61: LMTriggerQ push() done size=1
06-21 15:14:09.368   972  1014 I ANDR-PERF-LM: WQ: pop() 42: LMTriggerQ pop() done size=0
06-21 15:14:09.369   972  1014 I ANDR-PERF-LM: Core: lmMain() 373: Waiting on trigger Queue
06-21 15:14:09.369   972  1014 I ANDR-PERF-LM: WQ: pop() 31: LMTriggerQ pop() size=0
06-21 15:14:09.369   972   972 I ANDR-PERF-LM: LMPerfGlue: perfmodule_submit_request() 132: perfmodule_submit_request()
06-21 15:14:09.369   972   972 I ANDR-PERF-LM: Core: getInstance() 84: LM getInstance
06-21 15:14:09.369   972   972 D ANDR-PERF-LM: Feature: lookup() 101: Feature Name = AppClassifier, total featuers = 3, featureFound = 1
06-21 15:14:09.369   972   972 D ANDR-PERF-LM: Feature: getData() 112: data.data = 0
06-21 15:14:09.369   972   972 I ANDR-PERF-LM: FeedbackAPI: getFeedback() 60: app:com.example.dogglers feature:AppClassifier feedback = 0
06-21 15:14:09.439  7791 19853 W adbd    : timed out while waiting for FUNCTIONFS_BIND, trying again
06-21 15:14:09.440  7791 19853 I adbd    : UsbFfs: connection terminated: monitor thread finished
06-21 15:14:09.440  7791  7791 I adbd    : UsbFfs: already offline
06-21 15:14:09.440  7791  7791 I adbd    : destroying transport UsbFfs
06-21 15:14:09.440  7791  7791 I adbd    : UsbFfsConnection being destroyed
06-21 15:14:09.442 19732 19732 I ViewInteraction: Checking 'MatchesViewAssertion{viewMatcher=(view has effective visibility <VISIBLE> and view.getGlobalVisibleRect() to return non-empty rectangle)}' assertion on view an instance of android.widget.TextView and view.getText() with or without transformation to match: is "Faye"
06-21 15:14:09.449  1705  1869 D EventSequenceValidator: IntentStarted during UNKNOWN. Intent { act=android.intent.action.MAIN cat=[android.intent.category.LAUNCHER] flg=0x10000000 cmp=com.example.dogglers/androidx.test.core.app.InstrumentationActivityInvoker$EmptyActivity }
06-21 15:14:09.449  1705  1869 D EventSequenceValidator: java.lang.Throwable: EventSequenceValidator#getStackTrace
06-21 15:14:09.449  1705  1869 D EventSequenceValidator: 	at com.google.android.startop.iorap.EventSequenceValidator.logWarningWithStackTrace(EventSequenceValidator.java:260)
06-21 15:14:09.449  1705  1869 D EventSequenceValidator: 	at com.google.android.startop.iorap.EventSequenceValidator.onIntentStarted(EventSequenceValidator.java:106)
06-21 15:14:09.449  1705  1869 D EventSequenceValidator: 	at com.android.server.wm.LaunchObserverRegistryImpl.handleOnIntentStarted(LaunchObserverRegistryImpl.java:139)
06-21 15:14:09.449  1705  1869 D EventSequenceValidator: 	at com.android.server.wm.LaunchObserverRegistryImpl.lambda$veRn_GhgLZLlOHOJ0ZYT6KcfYqo(Unknown Source:0)
06-21 15:14:09.449  1705  1869 D EventSequenceValidator: 	at com.android.server.wm.-$$Lambda$LaunchObserverRegistryImpl$veRn_GhgLZLlOHOJ0ZYT6KcfYqo.accept(Unknown Source:10)
06-21 15:14:09.449  1705  1869 D EventSequenceValidator: 	at com.android.internal.util.function.pooled.PooledLambdaImpl.doInvoke(PooledLambdaImpl.java:292)
06-21 15:14:09.449  1705  1869 D EventSequenceValidator: 	at com.android.internal.util.function.pooled.PooledLambdaImpl.invoke(PooledLambdaImpl.java:201)
06-21 15:14:09.449  1705  1869 D EventSequenceValidator: 	at com.android.internal.util.function.pooled.OmniFunction.run(OmniFunction.java:97)
06-21 15:14:09.449  1705  1869 D EventSequenceValidator: 	at android.os.Handler.handleCallback(Handler.java:938)
06-21 15:14:09.449  1705  1869 D EventSequenceValidator: 	at android.os.Handler.dispatchMessage(Handler.java:99)
06-21 15:14:09.449  1705  1869 D EventSequenceValidator: 	at android.os.Looper.loop(Looper.java:236)
06-21 15:14:09.449  1705  1869 D EventSequenceValidator: 	at android.os.HandlerThread.run(HandlerThread.java:67)
06-21 15:14:09.449  1705  1869 D EventSequenceValidator: 	at com.android.server.ServiceThread.run(ServiceThread.java:45)
06-21 15:14:09.449  1705  1869 D EventSequenceValidator: inc AccIntentStartedEvents to 8
06-21 15:14:09.449  1705  2475 D MiuiMultiWindowAdapter: MiuiMultiWindowAdapter::getFreeformBlackList::sSmallWindowBlackList = [com.miui.securitycenter, com.miui.miservice, com.xiaomi.calendar, com.miui.mishare.connectivity, com.android.settings, com.android.printspooler, com.miui.backup, com.miui.huanji, com.android.thememanager, com.mfashiongallery.emag, com.miui.virtualsim, com.miui.smarttravel, com.mi.health, com.android.camera, com.lbe.security.miui, com.miui.cleanmaster, com.miui.newhome, com.miui.voiceassist, com.android.phone, com.miui.yellowpage, com.android.updater, com.miui.tsmclient, com.miui.securitycore, com.xiaomi.account, com.xiaomi.shop, com.mipay.wallet, com.xiaomi.youpin, com.xiaomi.hm.health, com.miui.bugreport, com.xiaomi.mibrain.speech, com.xiaomi.mimoji, com.xiaomi.scanner, com.duokan.phone.remotecontroller, com.miui.hybrid, com.miui.video, com.miui.videoplayer, com.miui.fm, com.miui.packageinstaller, com.mi.android.globallauncher, com.mi.android.globallauncher-poco, com.google.android.dialer, com.google.android.apps.magazines, com.miui.compass, com.miui.greenguard, com.kiteguard, com.google.android.apps.prodcasts, com.google.ar.lens, com.xiangkan.android, com.android.bankabc, com.sohu.inputmethod.sogou, com.tencent.mtt, com.shyz.toutiao, com.netease.mc.mi, com.outfit7.talkingtomgoldrun.mi, com.doudz.mi, com.wepie.snake.new.mi, cn.jj, com.standddz002.mi, com.miHoYo.bh3.mi, com.qqgame.hlddz, com.happyelements.AndroidAnimal, com.minitech.miniworld.TMobile.mi, com.mfp.jelly.xiaomi, com.lilithgames.afk.mi, com.tencent.peng, com.teenpatti.hd.gold, blockpuzzle.jewelgames.jewelslegend, com.playgendary.tanks, com.chillingo.robberybobfree.android.row, com.episodeinteractive.android.catalog, com.playrix.township, com.ansangha.drdriving, com.google.android.youtube, com.gbits.atm.mi, com.tencent.tetris, com.sukhavati.gotoplaying.bubble.BubbleShooter.mint, com.block.puzzle.game.hippo.mi, com.youzu.bs.mi, com.baidu.BaiduMap, com.google.android.googlequicksearchbox, com.appsomniacs.da2, com.android.stk, com.feiyu.carrot3.mi, com.popcap.pvz2cthdxm, com.mxtech.videoplayer.ad, cn.cisc, com.kiloo.subwaysurf, com.cncyj.mostbrain, pdf.tap.scanner, com.og.ttddz.mi, com.ximalaya.ting.lite, com.google.android.apps.podcasts, com.google.android.apps.googleassistant, com.netease.onmyoji.mi, com.netease.onmyoji.bili, com.netease.mrzh.mi, com.netease.mrzh.bili, com.tencent.tmgp.yys.zqb, com.google.android.gm, com.google.android.calendar, com.android.chrome, com.google.android.apps.youtube.music, com.netease.pes.huawei, com.netease.pes.mi, com.netease.pes.bili, com.flyfish.supermario, com.picsart.studio, com.netease.dwrg.mi, com.netease.dwrg.bili, com.netease.dwrg.nearme.gamecenter, com.netease.dwrg, com.netease.dwrg.huawei, com.tencent.tmgp.dwrg, com.netease.dwrg.m4399, com.netease.dwrg.mz, com.netease.dwrg.aligames, com.netease.dwrg.baidu, com.netease.dwrg.qihoo, com.moji.mjweather, com.tencent.tmgp.kof98, com.netease.onmyoji, com.taobao.idlefish, com.ledou.mhhy.mi, com.hzfy.ddzbs.mi, com.qsmy.walkmonkey, com.fy.bzzbc.mi, com.dw.xprqj.mi, com.miui.accessibility, com.ymt.nbaftx.mi]
06-21 15:14:09.449   982 10464 I vendor.qti.hardware.servicetracker@1.2-service: Activity state is changed to : 0
06-21 15:14:09.450   982 10464 I vendor.qti.hardware.servicetracker@1.2-service: Activity state is changed to : 0
06-21 15:14:09.450   972   972 I ANDR-PERF-LM: LMPerfGlue: perfmodule_submit_request() 132: perfmodule_submit_request()
06-21 15:14:09.450   972   972 I ANDR-PERF-LM: Core: getInstance() 84: LM getInstance
06-21 15:14:09.450   972   972 I ANDR-PERF-LM: WQ: push() 59: LMTriggerQ push() size=0
06-21 15:14:09.450   972   972 I ANDR-PERF-LM: WQ: push() 61: LMTriggerQ push() done size=1
06-21 15:14:09.450   972  1014 I ANDR-PERF-LM: WQ: pop() 42: LMTriggerQ pop() done size=0
06-21 15:14:09.450   972  1014 I ANDR-PERF-LM: Core: lmMain() 381: Calling runAsync for AdaptLaunch
06-21 15:14:09.450   972  1014 I ANDR-PERF-LM: Core: lmMain() 391: runAsync for AdaptLaunch returned
06-21 15:14:09.450   972  1014 I ANDR-PERF-LM: Core: lmMain() 373: Waiting on trigger Queue
06-21 15:14:09.450   972  1014 I ANDR-PERF-LM: WQ: pop() 31: LMTriggerQ pop() size=0
06-21 15:14:09.458  1705  2475 D CompatibilityInfo: mCompatibilityFlags - 0
06-21 15:14:09.458  1705  2475 D CompatibilityInfo: applicationDensity - 440
06-21 15:14:09.458  1705  2475 D CompatibilityInfo: applicationScale - 1.0
06-21 15:14:09.460   972   972 I ANDR-PERF-LM: LMPerfGlue: perfmodule_submit_request() 132: perfmodule_submit_request()
06-21 15:14:09.460   972   972 I ANDR-PERF-LM: Core: getInstance() 84: LM getInstance
06-21 15:14:09.460   972   972 I ANDR-PERF-LM: WQ: push() 59: LMTriggerQ push() size=0
06-21 15:14:09.460   972   972 I ANDR-PERF-LM: WQ: push() 61: LMTriggerQ push() done size=1
06-21 15:14:09.460   972  1014 I ANDR-PERF-LM: WQ: pop() 42: LMTriggerQ pop() done size=0
06-21 15:14:09.460   972  1014 I ANDR-PERF-LM: Core: lmMain() 381: Calling runAsync for GameOptimization
06-21 15:14:09.460   972  1014 D ANDR-PERF-LM: Feature: lookup() 101: Feature Name = AppClassifier, total featuers = 3, featureFound = 1
06-21 15:14:09.460   982 10464 I vendor.qti.hardware.servicetracker@1.2-service: Activity state is changed to : 2
06-21 15:14:09.460   972  1014 D ANDR-PERF-LM: Feature: getData() 112: data.data = 0
06-21 15:14:09.460   972  1014 I ANDR-PERF-LM: Core: lmMain() 391: runAsync for GameOptimization returned
06-21 15:14:09.460   972  1014 I ANDR-PERF-LM: Core: lmMain() 373: Waiting on trigger Queue
06-21 15:14:09.460   972  1014 I ANDR-PERF-LM: WQ: pop() 31: LMTriggerQ pop() size=0
06-21 15:14:09.461  1705  2475 D ActivityTrigger: ActivityTrigger activityPauseTrigger
06-21 15:14:09.461   972   972 I ANDR-PERF-LM: LMPerfGlue: perfmodule_submit_request() 132: perfmodule_submit_request()
06-21 15:14:09.461   972   972 I ANDR-PERF-LM: Core: getInstance() 84: LM getInstance
06-21 15:14:09.461   972   972 I ANDR-PERF-LM: WQ: push() 59: LMTriggerQ push() size=0
06-21 15:14:09.461   972   972 I ANDR-PERF-LM: WQ: push() 61: LMTriggerQ push() done size=1
06-21 15:14:09.461   972  1014 I ANDR-PERF-LM: WQ: pop() 42: LMTriggerQ pop() done size=0
06-21 15:14:09.461   972  1014 I ANDR-PERF-LM: Core: lmMain() 381: Calling runAsync for GameOptimization
06-21 15:14:09.461   972  1014 D ANDR-PERF-LM: Feature: lookup() 101: Feature Name = AppClassifier, total featuers = 3, featureFound = 1
06-21 15:14:09.461   972  1014 D ANDR-PERF-LM: Feature: getData() 112: data.data = 0
06-21 15:14:09.461   972  1014 I ANDR-PERF-LM: Core: lmMain() 391: runAsync for GameOptimization returned
06-21 15:14:09.461   972  1014 I ANDR-PERF-LM: Core: lmMain() 373: Waiting on trigger Queue
06-21 15:14:09.461   972  1014 I ANDR-PERF-LM: WQ: pop() 31: LMTriggerQ pop() size=0
06-21 15:14:09.464   982 10464 I vendor.qti.hardware.servicetracker@1.2-service: Activity state is changed to : 3
06-21 15:14:09.464   982 10464 I vendor.qti.hardware.servicetracker@1.2-service: Activity state is changed to : 3
06-21 15:14:09.469  1705  1869 D EventSequenceValidator: onIntentFailed during UNKNOWN.
06-21 15:14:09.469  1705  1869 D EventSequenceValidator: java.lang.Throwable: EventSequenceValidator#getStackTrace
06-21 15:14:09.469  1705  1869 D EventSequenceValidator: 	at com.google.android.startop.iorap.EventSequenceValidator.logWarningWithStackTrace(EventSequenceValidator.java:260)
06-21 15:14:09.469  1705  1869 D EventSequenceValidator: 	at com.google.android.startop.iorap.EventSequenceValidator.onIntentFailed(EventSequenceValidator.java:130)
06-21 15:14:09.469  1705  1869 D EventSequenceValidator: 	at com.android.server.wm.LaunchObserverRegistryImpl.handleOnIntentFailed(LaunchObserverRegistryImpl.java:147)
06-21 15:14:09.469  1705  1869 D EventSequenceValidator: 	at com.android.server.wm.LaunchObserverRegistryImpl.lambda$KukKmVpn5W_1xSV6Dnp8wW2H2Ks(Unknown Source:0)
06-21 15:14:09.469  1705  1869 D EventSequenceValidator: 	at com.android.server.wm.-$$Lambda$LaunchObserverRegistryImpl$KukKmVpn5W_1xSV6Dnp8wW2H2Ks.accept(Unknown Source:2)
06-21 15:14:09.469  1705  1869 D EventSequenceValidator: 	at com.android.internal.util.function.pooled.PooledLambdaImpl.doInvoke(PooledLambdaImpl.java:264)
06-21 15:14:09.469  1705  1869 D EventSequenceValidator: 	at com.android.internal.util.function.pooled.PooledLambdaImpl.invoke(PooledLambdaImpl.java:201)
06-21 15:14:09.469  1705  1869 D EventSequenceValidator: 	at com.android.internal.util.function.pooled.OmniFunction.run(OmniFunction.java:97)
06-21 15:14:09.469  1705  1869 D EventSequenceValidator: 	at android.os.Handler.handleCallback(Handler.java:938)
06-21 15:14:09.469  1705  1869 D EventSequenceValidator: 	at android.os.Handler.dispatchMessage(Handler.java:99)
06-21 15:14:09.469  1705  1869 D EventSequenceValidator: 	at android.os.Looper.loop(Looper.java:236)
06-21 15:14:09.469  1705  1869 D EventSequenceValidator: 	at android.os.HandlerThread.run(HandlerThread.java:67)
06-21 15:14:09.469  1705  1869 D EventSequenceValidator: 	at com.android.server.ServiceThread.run(ServiceThread.java:45)
06-21 15:14:09.470  1705  1869 D EventSequenceValidator: dec AccIntentStartedEvents to 7
06-21 15:14:09.472 19732 19732 D LifecycleMonitor: Lifecycle status change: com.example.dogglers.VerticalListActivity@8a96994 in: PAUSED
06-21 15:14:09.472 19732 19732 V ActivityScenario: Update currentActivityStage to PAUSED, currentActivity=com.example.dogglers.VerticalListActivity@8a96994
06-21 15:14:09.473   982 10879 I vendor.qti.hardware.servicetracker@1.2-service: Activity state is changed to : 4
06-21 15:14:09.473   982 10879 I vendor.qti.hardware.servicetracker@1.2-service: Activity state is changed to : 4
06-21 15:14:09.473   972   972 I ANDR-PERF-LM: LMPerfGlue: perfmodule_submit_request() 132: perfmodule_submit_request()
06-21 15:14:09.473   972   972 I ANDR-PERF-LM: Core: getInstance() 84: LM getInstance
06-21 15:14:09.473   972   972 I ANDR-PERF-LM: WQ: push() 59: LMTriggerQ push() size=0
06-21 15:14:09.473   972   972 I ANDR-PERF-LM: WQ: push() 61: LMTriggerQ push() done size=1
06-21 15:14:09.473   972  1014 I ANDR-PERF-LM: WQ: pop() 42: LMTriggerQ pop() done size=0
06-21 15:14:09.474   972  1014 I ANDR-PERF-LM: Core: lmMain() 381: Calling runAsync for GameOptimization
06-21 15:14:09.474   972  1014 D ANDR-PERF-LM: Feature: lookup() 101: Feature Name = AppClassifier, total featuers = 3, featureFound = 1
06-21 15:14:09.474   972  1014 D ANDR-PERF-LM: Feature: getData() 112: data.data = 0
06-21 15:14:09.474   972  1014 I ANDR-PERF-LM: Core: lmMain() 391: runAsync for GameOptimization returned
06-21 15:14:09.474   972  1014 I ANDR-PERF-LM: Core: lmMain() 373: Waiting on trigger Queue
06-21 15:14:09.474   972  1014 I ANDR-PERF-LM: WQ: pop() 31: LMTriggerQ pop() size=0
06-21 15:14:09.474   982 10879 I vendor.qti.hardware.servicetracker@1.2-service: Activity state is changed to : 2
06-21 15:14:09.475   972   972 I ANDR-PERF-LM: LMPerfGlue: perfmodule_submit_request() 132: perfmodule_submit_request()
06-21 15:14:09.475   972   972 I ANDR-PERF-LM: Core: getInstance() 84: LM getInstance
06-21 15:14:09.475   972   972 I ANDR-PERF-LM: WQ: push() 59: LMTriggerQ push() size=0
06-21 15:14:09.475   972   972 I ANDR-PERF-LM: WQ: push() 61: LMTriggerQ push() done size=1
06-21 15:14:09.475   972  1014 I ANDR-PERF-LM: WQ: pop() 42: LMTriggerQ pop() done size=0
06-21 15:14:09.475   972  1014 I ANDR-PERF-LM: Core: lmMain() 381: Calling runAsync for AdaptLaunch
06-21 15:14:09.475   972  1014 I ANDR-PERF-LM: MetaMeter: isValidAsync() 194: AsyncInfo: hintID = 4225
06-21 15:14:09.475   972  1014 I ANDR-PERF-LM: hintType: 102
06-21 15:14:09.475   972  1014 I ANDR-PERF-LM: isPrimary = 0
06-21 15:14:09.475   972  1014 I ANDR-PERF-LM: MetaMeter: isValidAsync() 203: Invalid (hintID,hintType,appName,duration,appPID,appThreadTID) = (4225, 102,com.example.dogglers,19732,1705,5178)
06-21 15:14:09.475   972  1014 E ANDR-PERF-LM: MetaMeter: handleAsync() 164: AdaptLaunch Invalid Async
06-21 15:14:09.475   972  1014 I ANDR-PERF-LM: Core: lmMain() 391: runAsync for AdaptLaunch returned
06-21 15:14:09.475   972  1014 I ANDR-PERF-LM: Core: lmMain() 373: Waiting on trigger Queue
06-21 15:14:09.475   972  1014 I ANDR-PERF-LM: WQ: pop() 31: LMTriggerQ pop() size=0
06-21 15:14:09.476  1705  5178 D CompatibilityInfo: mCompatibilityFlags - 0
06-21 15:14:09.476  1705  5178 D CompatibilityInfo: applicationDensity - 440
06-21 15:14:09.476  1705  5178 D CompatibilityInfo: applicationScale - 1.0
06-21 15:14:09.476  7791  7798 I adbd    : opening control endpoint /dev/usb-ffs/adb/ep0
06-21 15:14:09.479  7791  7798 I adbd    : UsbFfsConnection constructed
06-21 15:14:09.479  1034  1164 I mi_thermald: special_target_modify: set generic device battery to 9
06-21 15:14:09.479   982 10879 I vendor.qti.hardware.servicetracker@1.2-service: Activity state is changed to : 2
06-21 15:14:09.479  1034  1164 I mi_thermald: generic_set_level: set generic device battery to 9
06-21 15:14:09.479   982 10879 I vendor.qti.hardware.servicetracker@1.2-service: Activity state is changed to : 2
06-21 15:14:09.481  7791 19886 I adbd    : UsbFfs-monitor thread spawned
06-21 15:14:09.492 19732 19732 D LifecycleMonitor: Lifecycle status change: androidx.test.core.app.InstrumentationActivityInvoker$EmptyActivity@2e78398 in: PRE_ON_CREATE
06-21 15:14:09.493 19732 19732 V ActivityScenario: Activity lifecycle changed event received but ignored because the intent does not match. startActivityIntent=Intent { act=android.intent.action.MAIN cat=[android.intent.category.LAUNCHER] cmp=com.example.dogglers/.VerticalListActivity }, activity.getIntent()=Intent { act=android.intent.action.MAIN cat=[android.intent.category.LAUNCHER] flg=0x10000000 cmp=com.example.dogglers/androidx.test.core.app.InstrumentationActivityInvoker$EmptyActivity }, activity=androidx.test.core.app.InstrumentationActivityInvoker$EmptyActivity@2e78398
06-21 15:14:09.495  1705  5178 D MIUIInput: [FoucsChange]: Display  0 FocusedWindow From Window{c8caa2a mode=1 rootTaskId=6359 u0 com.example.dogglers/com.example.dogglers.VerticalListActivity}(1,1)  to null(0,0)
06-21 15:14:09.501 19732 19732 D DecorView[]: getWindowModeFromSystem  windowmode is 1
06-21 15:14:09.501 19732 19732 D DecorView: createDecorCaptionView windowingMode:1 mWindowMode 1 isFullscreen: true
06-21 15:14:09.504 19732 19732 D LifecycleMonitor: Lifecycle status change: androidx.test.core.app.InstrumentationActivityInvoker$EmptyActivity@2e78398 in: CREATED
06-21 15:14:09.504 19732 19732 V ActivityScenario: Activity lifecycle changed event received but ignored because the intent does not match. startActivityIntent=Intent { act=android.intent.action.MAIN cat=[android.intent.category.LAUNCHER] cmp=com.example.dogglers/.VerticalListActivity }, activity.getIntent()=Intent { act=android.intent.action.MAIN cat=[android.intent.category.LAUNCHER] flg=0x10000000 cmp=com.example.dogglers/androidx.test.core.app.InstrumentationActivityInvoker$EmptyActivity }, activity=androidx.test.core.app.InstrumentationActivityInvoker$EmptyActivity@2e78398
06-21 15:14:09.506 19732 19732 D LifecycleMonitor: Lifecycle status change: androidx.test.core.app.InstrumentationActivityInvoker$EmptyActivity@2e78398 in: STARTED
06-21 15:14:09.507 19732 19732 V ActivityScenario: Activity lifecycle changed event received but ignored because the intent does not match. startActivityIntent=Intent { act=android.intent.action.MAIN cat=[android.intent.category.LAUNCHER] cmp=com.example.dogglers/.VerticalListActivity }, activity.getIntent()=Intent { act=android.intent.action.MAIN cat=[android.intent.category.LAUNCHER] flg=0x10000000 cmp=com.example.dogglers/androidx.test.core.app.InstrumentationActivityInvoker$EmptyActivity }, activity=androidx.test.core.app.InstrumentationActivityInvoker$EmptyActivity@2e78398
06-21 15:14:09.510 19732 19732 D LifecycleMonitor: Lifecycle status change: androidx.test.core.app.InstrumentationActivityInvoker$EmptyActivity@2e78398 in: RESUMED
06-21 15:14:09.511 19732 19732 V ActivityScenario: Activity lifecycle changed event received but ignored because the intent does not match. startActivityIntent=Intent { act=android.intent.action.MAIN cat=[android.intent.category.LAUNCHER] cmp=com.example.dogglers/.VerticalListActivity }, activity.getIntent()=Intent { act=android.intent.action.MAIN cat=[android.intent.category.LAUNCHER] flg=0x10000000 cmp=com.example.dogglers/androidx.test.core.app.InstrumentationActivityInvoker$EmptyActivity }, activity=androidx.test.core.app.InstrumentationActivityInvoker$EmptyActivity@2e78398
06-21 15:14:09.519 24840 24840 D RecentsImpl: mActivityStateObserver androidx.test.core.app.InstrumentationActivityInvoker$EmptyActivity
06-21 15:14:09.521 24840 25110 D GestureStubView: resetRenderProperty: showGestureStub
06-21 15:14:09.521 24840 25110 D GestureStubView: showGestureStub
06-21 15:14:09.522 24840 25110 D GestureStubView: resetRenderProperty: showGestureStub
06-21 15:14:09.522 24840 25110 D GestureStubView: showGestureStub
06-21 15:14:09.542 24840 25110 D GestureStubView: gatherTransparentRegion: need render w:54  h:1440
06-21 15:14:09.552 24840 25110 D GestureStubView: gatherTransparentRegion: need render w:54  h:1440
06-21 15:14:09.562   972   972 I ANDR-PERF-LM: LMPerfGlue: perfmodule_submit_request() 132: perfmodule_submit_request()
06-21 15:14:09.562   972   972 I ANDR-PERF-LM: Core: getInstance() 84: LM getInstance
06-21 15:14:09.562   972   972 I ANDR-PERF-LM: WQ: push() 59: LMTriggerQ push() size=0
06-21 15:14:09.562   972   972 I ANDR-PERF-LM: WQ: push() 61: LMTriggerQ push() done size=1
06-21 15:14:09.562   972  1014 I ANDR-PERF-LM: WQ: pop() 42: LMTriggerQ pop() done size=0
06-21 15:14:09.562   972  1014 I ANDR-PERF-LM: Core: lmMain() 373: Waiting on trigger Queue
06-21 15:14:09.562   972  1014 I ANDR-PERF-LM: WQ: pop() 31: LMTriggerQ pop() size=0
06-21 15:14:09.563  1705  1900 I ActivityTaskManager: Displayed com.example.dogglers/androidx.test.core.app.InstrumentationActivityInvoker$EmptyActivity: +113ms
06-21 15:14:09.563   972   972 I ANDR-PERF-LM: LMPerfGlue: perfmodule_submit_request() 132: perfmodule_submit_request()
06-21 15:14:09.563   972   972 I ANDR-PERF-LM: Core: getInstance() 84: LM getInstance
06-21 15:14:09.563   972   972 D ANDR-PERF-LM: Feature: lookup() 101: Feature Name = AppClassifier, total featuers = 3, featureFound = 1
06-21 15:14:09.563   972   972 D ANDR-PERF-LM: Feature: getData() 112: data.data = 0
06-21 15:14:09.563   972   972 I ANDR-PERF-LM: FeedbackAPI: getFeedback() 60: app:com.example.dogglers feature:AppClassifier feedback = 0
06-21 15:14:09.567 10194 10237 D MiuiPhoneStatusBarPolicy: updateManagedProfile: secondSpace = false
06-21 15:14:09.574  1705  5178 D MIUIInput: [FoucsChange]: Display  0 FocusedWindow From null(0,0)  to Window{809ea71 mode=1 rootTaskId=6359 u0 com.example.dogglers/androidx.test.core.app.InstrumentationActivityInvoker$EmptyActivity}(1,1)
06-21 15:14:09.601   982 10879 I vendor.qti.hardware.servicetracker@1.2-service: Activity state is changed to : 7
06-21 15:14:09.601   982 10879 I vendor.qti.hardware.servicetracker@1.2-service: Activity state is changed to : 7
06-21 15:14:09.602   982 10464 I vendor.qti.hardware.servicetracker@1.2-service: Activity state is changed to : 7
06-21 15:14:09.603   982 10464 I vendor.qti.hardware.servicetracker@1.2-service: Activity state is changed to : 8
06-21 15:14:09.603   982 10464 I vendor.qti.hardware.servicetracker@1.2-service: Activity state is changed to : 8
06-21 15:14:09.608  1705  1869 D EventSequenceValidator: IntentStarted during UNKNOWN. Intent { act=android.intent.action.MAIN cat=[android.intent.category.LAUNCHER] flg=0x10000000 cmp=com.example.dogglers/androidx.test.core.app.InstrumentationActivityInvoker$EmptyActivity }
06-21 15:14:09.608  1705  1869 D EventSequenceValidator: java.lang.Throwable: EventSequenceValidator#getStackTrace
06-21 15:14:09.608  1705  1869 D EventSequenceValidator: 	at com.google.android.startop.iorap.EventSequenceValidator.logWarningWithStackTrace(EventSequenceValidator.java:260)
06-21 15:14:09.608  1705  1869 D EventSequenceValidator: 	at com.google.android.startop.iorap.EventSequenceValidator.onIntentStarted(EventSequenceValidator.java:106)
06-21 15:14:09.608  1705  1869 D EventSequenceValidator: 	at com.android.server.wm.LaunchObserverRegistryImpl.handleOnIntentStarted(LaunchObserverRegistryImpl.java:139)
06-21 15:14:09.608  1705  1869 D EventSequenceValidator: 	at com.android.server.wm.LaunchObserverRegistryImpl.lambda$veRn_GhgLZLlOHOJ0ZYT6KcfYqo(Unknown Source:0)
06-21 15:14:09.608  1705  1869 D EventSequenceValidator: 	at com.android.server.wm.-$$Lambda$LaunchObserverRegistryImpl$veRn_GhgLZLlOHOJ0ZYT6KcfYqo.accept(Unknown Source:10)
06-21 15:14:09.608  1705  1869 D EventSequenceValidator: 	at com.android.internal.util.function.pooled.PooledLambdaImpl.doInvoke(PooledLambdaImpl.java:292)
06-21 15:14:09.608  1705  1869 D EventSequenceValidator: 	at com.android.internal.util.function.pooled.PooledLambdaImpl.invoke(PooledLambdaImpl.java:201)
06-21 15:14:09.608  1705  1869 D EventSequenceValidator: 	at com.android.internal.util.function.pooled.OmniFunction.run(OmniFunction.java:97)
06-21 15:14:09.608  1705  1869 D EventSequenceValidator: 	at android.os.Handler.handleCallback(Handler.java:938)
06-21 15:14:09.608  1705  1869 D EventSequenceValidator: 	at android.os.Handler.dispatchMessage(Handler.java:99)
06-21 15:14:09.608  1705  1869 D EventSequenceValidator: 	at android.os.Looper.loop(Looper.java:236)
06-21 15:14:09.608  1705  1869 D EventSequenceValidator: 	at android.os.HandlerThread.run(HandlerThread.java:67)
06-21 15:14:09.608  1705  1869 D EventSequenceValidator: 	at com.android.server.ServiceThread.run(ServiceThread.java:45)
06-21 15:14:09.608  1705  1869 D EventSequenceValidator: inc AccIntentStartedEvents to 8
06-21 15:14:09.608  1705  2475 D MiuiMultiWindowAdapter: MiuiMultiWindowAdapter::getFreeformBlackList::sSmallWindowBlackList = [com.miui.securitycenter, com.miui.miservice, com.xiaomi.calendar, com.miui.mishare.connectivity, com.android.settings, com.android.printspooler, com.miui.backup, com.miui.huanji, com.android.thememanager, com.mfashiongallery.emag, com.miui.virtualsim, com.miui.smarttravel, com.mi.health, com.android.camera, com.lbe.security.miui, com.miui.cleanmaster, com.miui.newhome, com.miui.voiceassist, com.android.phone, com.miui.yellowpage, com.android.updater, com.miui.tsmclient, com.miui.securitycore, com.xiaomi.account, com.xiaomi.shop, com.mipay.wallet, com.xiaomi.youpin, com.xiaomi.hm.health, com.miui.bugreport, com.xiaomi.mibrain.speech, com.xiaomi.mimoji, com.xiaomi.scanner, com.duokan.phone.remotecontroller, com.miui.hybrid, com.miui.video, com.miui.videoplayer, com.miui.fm, com.miui.packageinstaller, com.mi.android.globallauncher, com.mi.android.globallauncher-poco, com.google.android.dialer, com.google.android.apps.magazines, com.miui.compass, com.miui.greenguard, com.kiteguard, com.google.android.apps.prodcasts, com.google.ar.lens, com.xiangkan.android, com.android.bankabc, com.sohu.inputmethod.sogou, com.tencent.mtt, com.shyz.toutiao, com.netease.mc.mi, com.outfit7.talkingtomgoldrun.mi, com.doudz.mi, com.wepie.snake.new.mi, cn.jj, com.standddz002.mi, com.miHoYo.bh3.mi, com.qqgame.hlddz, com.happyelements.AndroidAnimal, com.minitech.miniworld.TMobile.mi, com.mfp.jelly.xiaomi, com.lilithgames.afk.mi, com.tencent.peng, com.teenpatti.hd.gold, blockpuzzle.jewelgames.jewelslegend, com.playgendary.tanks, com.chillingo.robberybobfree.android.row, com.episodeinteractive.android.catalog, com.playrix.township, com.ansangha.drdriving, com.google.android.youtube, com.gbits.atm.mi, com.tencent.tetris, com.sukhavati.gotoplaying.bubble.BubbleShooter.mint, com.block.puzzle.game.hippo.mi, com.youzu.bs.mi, com.baidu.BaiduMap, com.google.android.googlequicksearchbox, com.appsomniacs.da2, com.android.stk, com.feiyu.carrot3.mi, com.popcap.pvz2cthdxm, com.mxtech.videoplayer.ad, cn.cisc, com.kiloo.subwaysurf, com.cncyj.mostbrain, pdf.tap.scanner, com.og.ttddz.mi, com.ximalaya.ting.lite, com.google.android.apps.podcasts, com.google.android.apps.googleassistant, com.netease.onmyoji.mi, com.netease.onmyoji.bili, com.netease.mrzh.mi, com.netease.mrzh.bili, com.tencent.tmgp.yys.zqb, com.google.android.gm, com.google.android.calendar, com.android.chrome, com.google.android.apps.youtube.music, com.netease.pes.huawei, com.netease.pes.mi, com.netease.pes.bili, com.flyfish.supermario, com.picsart.studio, com.netease.dwrg.mi, com.netease.dwrg.bili, com.netease.dwrg.nearme.gamecenter, com.netease.dwrg, com.netease.dwrg.huawei, com.tencent.tmgp.dwrg, com.netease.dwrg.m4399, com.netease.dwrg.mz, com.netease.dwrg.aligames, com.netease.dwrg.baidu, com.netease.dwrg.qihoo, com.moji.mjweather, com.tencent.tmgp.kof98, com.netease.onmyoji, com.taobao.idlefish, com.ledou.mhhy.mi, com.hzfy.ddzbs.mi, com.qsmy.walkmonkey, com.fy.bzzbc.mi, com.dw.xprqj.mi, com.miui.accessibility, com.ymt.nbaftx.mi]
06-21 15:14:09.609   982 10879 I vendor.qti.hardware.servicetracker@1.2-service: Activity state is changed to : 0
06-21 15:14:09.609   982 10879 I vendor.qti.hardware.servicetracker@1.2-service: Activity state is changed to : 0
06-21 15:14:09.609   972   972 I ANDR-PERF-LM: LMPerfGlue: perfmodule_submit_request() 132: perfmodule_submit_request()
06-21 15:14:09.609   972   972 I ANDR-PERF-LM: Core: getInstance() 84: LM getInstance
06-21 15:14:09.609   972   972 I ANDR-PERF-LM: WQ: push() 59: LMTriggerQ push() size=0
06-21 15:14:09.609   972   972 I ANDR-PERF-LM: WQ: push() 61: LMTriggerQ push() done size=1
06-21 15:14:09.609   972  1014 I ANDR-PERF-LM: WQ: pop() 42: LMTriggerQ pop() done size=0
06-21 15:14:09.609   972  1014 I ANDR-PERF-LM: Core: lmMain() 381: Calling runAsync for AdaptLaunch
06-21 15:14:09.609   972  1014 I ANDR-PERF-LM: Core: lmMain() 391: runAsync for AdaptLaunch returned
06-21 15:14:09.609   972  1014 I ANDR-PERF-LM: Core: lmMain() 373: Waiting on trigger Queue
06-21 15:14:09.609   972  1014 I ANDR-PERF-LM: WQ: pop() 31: LMTriggerQ pop() size=0
06-21 15:14:09.614  1705  2475 D CompatibilityInfo: mCompatibilityFlags - 0
06-21 15:14:09.614  1705  2475 D CompatibilityInfo: applicationDensity - 440
06-21 15:14:09.614  1705  2475 D CompatibilityInfo: applicationScale - 1.0
06-21 15:14:09.615   982 10879 I vendor.qti.hardware.servicetracker@1.2-service: Activity state is changed to : 2
06-21 15:14:09.615   972   972 I ANDR-PERF-LM: LMPerfGlue: perfmodule_submit_request() 132: perfmodule_submit_request()
06-21 15:14:09.615   972   972 I ANDR-PERF-LM: Core: getInstance() 84: LM getInstance
06-21 15:14:09.615   972   972 I ANDR-PERF-LM: WQ: push() 59: LMTriggerQ push() size=0
06-21 15:14:09.615   972   972 I ANDR-PERF-LM: WQ: push() 61: LMTriggerQ push() done size=1
06-21 15:14:09.615   972  1014 I ANDR-PERF-LM: WQ: pop() 42: LMTriggerQ pop() done size=0
06-21 15:14:09.615   972  1014 I ANDR-PERF-LM: Core: lmMain() 381: Calling runAsync for GameOptimization
06-21 15:14:09.615   972  1014 D ANDR-PERF-LM: Feature: lookup() 101: Feature Name = AppClassifier, total featuers = 3, featureFound = 1
06-21 15:14:09.615   972  1014 D ANDR-PERF-LM: Feature: getData() 112: data.data = 0
06-21 15:14:09.615   972  1014 I ANDR-PERF-LM: Core: lmMain() 391: runAsync for GameOptimization returned
06-21 15:14:09.615   972  1014 I ANDR-PERF-LM: Core: lmMain() 373: Waiting on trigger Queue
06-21 15:14:09.615   972  1014 I ANDR-PERF-LM: WQ: pop() 31: LMTriggerQ pop() size=0
06-21 15:14:09.616  1705  2475 D ActivityTrigger: ActivityTrigger activityPauseTrigger
06-21 15:14:09.616   972   972 I ANDR-PERF-LM: LMPerfGlue: perfmodule_submit_request() 132: perfmodule_submit_request()
06-21 15:14:09.616   972   972 I ANDR-PERF-LM: Core: getInstance() 84: LM getInstance
06-21 15:14:09.616   972   972 I ANDR-PERF-LM: WQ: push() 59: LMTriggerQ push() size=0
06-21 15:14:09.616   982 10879 I vendor.qti.hardware.servicetracker@1.2-service: Activity state is changed to : 3
06-21 15:14:09.616   972   972 I ANDR-PERF-LM: WQ: push() 61: LMTriggerQ push() done size=1
06-21 15:14:09.616   972  1014 I ANDR-PERF-LM: WQ: pop() 42: LMTriggerQ pop() done size=0
06-21 15:14:09.616   972  1014 I ANDR-PERF-LM: Core: lmMain() 381: Calling runAsync for GameOptimization
06-21 15:14:09.616   972  1014 D ANDR-PERF-LM: Feature: lookup() 101: Feature Name = AppClassifier, total featuers = 3, featureFound = 1
06-21 15:14:09.616   972  1014 D ANDR-PERF-LM: Feature: getData() 112: data.data = 0
06-21 15:14:09.616   972  1014 I ANDR-PERF-LM: Core: lmMain() 391: runAsync for GameOptimization returned
06-21 15:14:09.616   972  1014 I ANDR-PERF-LM: Core: lmMain() 373: Waiting on trigger Queue
06-21 15:14:09.616   972  1014 I ANDR-PERF-LM: WQ: pop() 31: LMTriggerQ pop() size=0
06-21 15:14:09.617   982 10879 I vendor.qti.hardware.servicetracker@1.2-service: Activity state is changed to : 3
06-21 15:14:09.622  1705  1869 D EventSequenceValidator: onIntentFailed during UNKNOWN.
06-21 15:14:09.622  1705  1869 D EventSequenceValidator: java.lang.Throwable: EventSequenceValidator#getStackTrace
06-21 15:14:09.622  1705  1869 D EventSequenceValidator: 	at com.google.android.startop.iorap.EventSequenceValidator.logWarningWithStackTrace(EventSequenceValidator.java:260)
06-21 15:14:09.622  1705  1869 D EventSequenceValidator: 	at com.google.android.startop.iorap.EventSequenceValidator.onIntentFailed(EventSequenceValidator.java:130)
06-21 15:14:09.622  1705  1869 D EventSequenceValidator: 	at com.android.server.wm.LaunchObserverRegistryImpl.handleOnIntentFailed(LaunchObserverRegistryImpl.java:147)
06-21 15:14:09.622  1705  1869 D EventSequenceValidator: 	at com.android.server.wm.LaunchObserverRegistryImpl.lambda$KukKmVpn5W_1xSV6Dnp8wW2H2Ks(Unknown Source:0)
06-21 15:14:09.622  1705  1869 D EventSequenceValidator: 	at com.android.server.wm.-$$Lambda$LaunchObserverRegistryImpl$KukKmVpn5W_1xSV6Dnp8wW2H2Ks.accept(Unknown Source:2)
06-21 15:14:09.622  1705  1869 D EventSequenceValidator: 	at com.android.internal.util.function.pooled.PooledLambdaImpl.doInvoke(PooledLambdaImpl.java:264)
06-21 15:14:09.622  1705  1869 D EventSequenceValidator: 	at com.android.internal.util.function.pooled.PooledLambdaImpl.invoke(PooledLambdaImpl.java:201)
06-21 15:14:09.622  1705  1869 D EventSequenceValidator: 	at com.android.internal.util.function.pooled.OmniFunction.run(OmniFunction.java:97)
06-21 15:14:09.622  1705  1869 D EventSequenceValidator: 	at android.os.Handler.handleCallback(Handler.java:938)
06-21 15:14:09.622  1705  1869 D EventSequenceValidator: 	at android.os.Handler.dispatchMessage(Handler.java:99)
06-21 15:14:09.622  1705  1869 D EventSequenceValidator: 	at android.os.Looper.loop(Looper.java:236)
06-21 15:14:09.622  1705  1869 D EventSequenceValidator: 	at android.os.HandlerThread.run(HandlerThread.java:67)
06-21 15:14:09.622  1705  1869 D EventSequenceValidator: 	at com.android.server.ServiceThread.run(ServiceThread.java:45)
06-21 15:14:09.622  1705  1869 D EventSequenceValidator: dec AccIntentStartedEvents to 7
06-21 15:14:09.627 21865 21865 I GoogleInputMethodService: GoogleInputMethodService.onFinishInput():3220
06-21 15:14:09.628 21865 21865 I GoogleInputMethodService: GoogleInputMethodService.updateDeviceLockedStatus():2116 checkRepeatedly = false, unlocked = true
06-21 15:14:09.628 21865 21865 I GoogleInputMethodService: GoogleInputMethodService.onStartInput():1923 onStartInput(EditorInfo{inputType=0x0(NULL) imeOptions=0x0 privateImeOptions=null actionName=UNSPECIFIED actionLabel=null actionId=0 initialSelStart=-1 initialSelEnd=-1 initialCapsMode=0x0 hintText=null label=null packageName=com.example.dogglers fieldId=-1 fieldName=null extras=null}, false)
06-21 15:14:09.629 21865 21865 I GoogleInputMethodService: GoogleInputMethodService.updateDeviceLockedStatus():2116 checkRepeatedly = true, unlocked = true
06-21 15:14:09.648   972   972 I ANDR-PERF-LM: LMPerfGlue: perfmodule_submit_request() 132: perfmodule_submit_request()
06-21 15:14:09.648   972   972 I ANDR-PERF-LM: Core: getInstance() 84: LM getInstance
06-21 15:14:09.648   972   972 D ANDR-PERF-LM: Feature: lookup() 101: Feature Name = AppClassifier, total featuers = 3, featureFound = 1
06-21 15:14:09.648   972   972 D ANDR-PERF-LM: Feature: getData() 112: data.data = 0
06-21 15:14:09.648   972   972 I ANDR-PERF-LM: FeedbackAPI: getFeedback() 60: app:com.example.dogglers feature:AppClassifier feedback = 0
06-21 15:14:09.664 19732 19732 D LifecycleMonitor: Lifecycle status change: com.example.dogglers.VerticalListActivity@8a96994 in: STOPPED
06-21 15:14:09.665 19732 19732 V ActivityScenario: Update currentActivityStage to STOPPED, currentActivity=com.example.dogglers.VerticalListActivity@8a96994
06-21 15:14:09.667 19732 19732 D LifecycleMonitor: Lifecycle status change: com.example.dogglers.VerticalListActivity@8a96994 in: DESTROYED
06-21 15:14:09.667 19732 19732 V ActivityScenario: Update currentActivityStage to DESTROYED, currentActivity=null
06-21 15:14:09.674   982 10879 I vendor.qti.hardware.servicetracker@1.2-service: Activity state is changed to : 9
06-21 15:14:09.674   982 10879 I vendor.qti.hardware.servicetracker@1.2-service: Activity state is changed to : 9
06-21 15:14:09.678   982 10464 I vendor.qti.hardware.servicetracker@1.2-service: Activity state is changed to : 7
06-21 15:14:09.679   982 10464 I vendor.qti.hardware.servicetracker@1.2-service: Activity state is changed to : 7
06-21 15:14:09.679   982 10879 I vendor.qti.hardware.servicetracker@1.2-service: Activity state is changed to : 7
06-21 15:14:09.681   982 10879 I vendor.qti.hardware.servicetracker@1.2-service: Activity state is changed to : 8
06-21 15:14:09.681   982 10879 I vendor.qti.hardware.servicetracker@1.2-service: Activity state is changed to : 8
06-21 15:14:09.684 19732 19732 D LifecycleMonitor: Lifecycle status change: androidx.test.core.app.InstrumentationActivityInvoker$EmptyActivity@2e78398 in: PAUSED
06-21 15:14:09.684 19732 19732 V ActivityScenario: Activity lifecycle changed event received but ignored because the intent does not match. startActivityIntent=Intent { act=android.intent.action.MAIN cat=[android.intent.category.LAUNCHER] cmp=com.example.dogglers/.VerticalListActivity }, activity.getIntent()=Intent { act=android.intent.action.MAIN cat=[android.intent.category.LAUNCHER] flg=0x10000000 cmp=com.example.dogglers/androidx.test.core.app.InstrumentationActivityInvoker$EmptyActivity }, activity=androidx.test.core.app.InstrumentationActivityInvoker$EmptyActivity@2e78398
06-21 15:14:09.686   982 10464 I vendor.qti.hardware.servicetracker@1.2-service: Activity state is changed to : 4
06-21 15:14:09.686   982 10464 I vendor.qti.hardware.servicetracker@1.2-service: Activity state is changed to : 4
06-21 15:14:09.686   972   972 I ANDR-PERF-LM: LMPerfGlue: perfmodule_submit_request() 132: perfmodule_submit_request()
06-21 15:14:09.686   972   972 I ANDR-PERF-LM: Core: getInstance() 84: LM getInstance
06-21 15:14:09.686   972   972 I ANDR-PERF-LM: WQ: push() 59: LMTriggerQ push() size=0
06-21 15:14:09.686   972   972 I ANDR-PERF-LM: WQ: push() 61: LMTriggerQ push() done size=1
06-21 15:14:09.686   982 10879 I vendor.qti.hardware.servicetracker@1.2-service: Activity state is changed to : 2
06-21 15:14:09.686   972  1014 I ANDR-PERF-LM: WQ: pop() 42: LMTriggerQ pop() done size=0
06-21 15:14:09.686   972  1014 I ANDR-PERF-LM: Core: lmMain() 381: Calling runAsync for GameOptimization
06-21 15:14:09.686   972  1014 D ANDR-PERF-LM: Feature: lookup() 101: Feature Name = AppClassifier, total featuers = 3, featureFound = 1
06-21 15:14:09.686   972  1014 D ANDR-PERF-LM: Feature: getData() 112: data.data = 0
06-21 15:14:09.686   972  1014 I ANDR-PERF-LM: Core: lmMain() 391: runAsync for GameOptimization returned
06-21 15:14:09.686   972  1014 I ANDR-PERF-LM: Core: lmMain() 373: Waiting on trigger Queue
06-21 15:14:09.686   972  1014 I ANDR-PERF-LM: WQ: pop() 31: LMTriggerQ pop() size=0
06-21 15:14:09.688   972   972 I ANDR-PERF-LM: LMPerfGlue: perfmodule_submit_request() 132: perfmodule_submit_request()
06-21 15:14:09.688   972   972 I ANDR-PERF-LM: Core: getInstance() 84: LM getInstance
06-21 15:14:09.688   972   972 I ANDR-PERF-LM: WQ: push() 59: LMTriggerQ push() size=0
06-21 15:14:09.688   972   972 I ANDR-PERF-LM: WQ: push() 61: LMTriggerQ push() done size=1
