06-21 15:14:07.172 18990 19035 E TraceManager: 	at android.content.ContentResolver.call(ContentResolver.java:2413)
06-21 15:14:07.172 18990 19035 E TraceManager: 	at azbb.h(PG:9)
06-21 15:14:07.172 18990 19035 E TraceManager: 	at azbb.k(PG:3)
06-21 15:14:07.172 18990 19035 E TraceManager: 	at azaz.b(PG:1)
06-21 15:14:07.172 18990 19035 E TraceManager: 	at ahdw.aE(PG:5)
06-21 15:14:07.172 18990 19035 E TraceManager: 	at ahdw.K(PG:2)
06-21 15:14:07.172 18990 19035 E TraceManager: 	at afom.e(PG:1)
06-21 15:14:07.172 18990 19035 E TraceManager: 	at afnz.call(Unknown Source:2)
06-21 15:14:07.172 18990 19035 E TraceManager: 	at bolo.call(PG:2)
06-21 15:14:07.172 18990 19035 E TraceManager: 	at bsyf.a(PG:1)
06-21 15:14:07.172 18990 19035 E TraceManager: 	at bsxh.run(PG:4)
06-21 15:14:07.172 18990 19035 E TraceManager: 	at bsyg.run(PG:1)
06-21 15:14:07.172 18990 19035 E TraceManager: 	at java.util.concurrent.ThreadPoolExecutor.runWorker(ThreadPoolExecutor.java:1167)
06-21 15:14:07.172 18990 19035 E TraceManager: 	at java.util.concurrent.ThreadPoolExecutor$Worker.run(ThreadPoolExecutor.java:641)
06-21 15:14:07.172 18990 19035 E TraceManager: 	at bcvf.run(PG:2)
06-21 15:14:07.172 18990 19035 E TraceManager: 	at bcvm.run(PG:4)
06-21 15:14:07.172 18990 19035 E TraceManager: 	at java.lang.Thread.run(Thread.java:923)
06-21 15:14:07.172 18990 19035 E TraceManager: 	Suppressed: bomf:
06-21 15:14:07.172 18990 19035 E TraceManager: 		at tk_trace.TachyonBackgroundStartupTask(Unknown Source:0)
06-21 15:14:07.172 18990 19035 E TraceManager: 		at tk_trace.StartupHandlerImpl#onAppInteractiveInternal(Unknown Source:0)
06-21 15:14:07.172 18990 19035 E TraceManager: 		at tk_trace.StartupHandlerImpl App Interactive Delay Timer Fired(Unknown Source:0)
06-21 15:14:07.177 26036 26036 I Wear_Controller: Wearable module requires a companion app to be installed.
06-21 15:14:07.177 26036 26036 I WearableService: onCreate: Wearable Services not starting. Wear is not available on this device.
06-21 15:14:07.184 26036 28321 W WearableService: onGetService: Wear is not available on this device.
06-21 15:14:07.185 18990 19035 I BugleRcsEngine: [239500] axeq.l: Reinitialize CSLib Flags: com.google.android.ims.library
06-21 15:14:07.204 18990 19035 I chatty  : uid=10197(com.google.android.apps.messaging) BG Thread #5 identical 4 lines
06-21 15:14:07.205 18990 19035 I BugleRcsEngine: [239500] axeq.l: Reinitialize CSLib Flags: com.google.android.ims.library
06-21 15:14:07.218 18990 19027 I Bugle   : VerifiedSmsEnabledCheckerImpl: VSMS is disabled via Phenotype flag.
06-21 15:14:07.220   972   972 I ANDR-PERF-LM: LMPerfGlue: perfmodule_submit_request() 132: perfmodule_submit_request()
06-21 15:14:07.220   972   972 I ANDR-PERF-LM: Core: getInstance() 84: LM getInstance
06-21 15:14:07.220   972   972 I ANDR-PERF-LM: WQ: push() 59: LMTriggerQ push() size=0
06-21 15:14:07.220   972   972 I ANDR-PERF-LM: WQ: push() 61: LMTriggerQ push() done size=1
06-21 15:14:07.220   972  1014 I ANDR-PERF-LM: WQ: pop() 42: LMTriggerQ pop() done size=0
06-21 15:14:07.220   972  1014 I ANDR-PERF-LM: Core: lmMain() 373: Waiting on trigger Queue
06-21 15:14:07.220   972  1014 I ANDR-PERF-LM: WQ: pop() 31: LMTriggerQ pop() size=0
06-21 15:14:07.221  1705  1900 D ArtManagerInternalImpl: /data/misc/iorapd/com.example.dogglers/1/com.example.dogglers.VerticalListActivity/compiled_traces/compiled_trace.pb doesn't exist
06-21 15:14:07.223  1705  1869 D EventSequenceValidator: onActivityLaunchFinished during UNKNOWN.
06-21 15:14:07.223  1705  1869 D EventSequenceValidator: java.lang.Throwable: EventSequenceValidator#getStackTrace
06-21 15:14:07.223  1705  1869 D EventSequenceValidator: 	at com.google.android.startop.iorap.EventSequenceValidator.logWarningWithStackTrace(EventSequenceValidator.java:260)
06-21 15:14:07.223  1705  1869 D EventSequenceValidator: 	at com.google.android.startop.iorap.EventSequenceValidator.onActivityLaunchFinished(EventSequenceValidator.java:185)
06-21 15:14:07.223  1705  1869 D EventSequenceValidator: 	at com.android.server.wm.LaunchObserverRegistryImpl.handleOnActivityLaunchFinished(LaunchObserverRegistryImpl.java:175)
06-21 15:14:07.223  1705  1869 D EventSequenceValidator: 	at com.android.server.wm.LaunchObserverRegistryImpl.lambda$QcawcFcJtEX4EhYptq_Vb4j368Y(Unknown Source:0)
06-21 15:14:07.223  1705  1869 D EventSequenceValidator: 	at com.android.server.wm.-$$Lambda$LaunchObserverRegistryImpl$QcawcFcJtEX4EhYptq_Vb4j368Y.accept(Unknown Source:10)
06-21 15:14:07.223  1705  1869 D EventSequenceValidator: 	at com.android.internal.util.function.pooled.PooledLambdaImpl.doInvoke(PooledLambdaImpl.java:292)
06-21 15:14:07.223  1705  1869 D EventSequenceValidator: 	at com.android.internal.util.function.pooled.PooledLambdaImpl.invoke(PooledLambdaImpl.java:201)
06-21 15:14:07.223  1705  1869 D EventSequenceValidator: 	at com.android.internal.util.function.pooled.OmniFunction.run(OmniFunction.java:97)
06-21 15:14:07.223  1705  1869 D EventSequenceValidator: 	at android.os.Handler.handleCallback(Handler.java:938)
06-21 15:14:07.223  1705  1869 D EventSequenceValidator: 	at android.os.Handler.dispatchMessage(Handler.java:99)
06-21 15:14:07.223  1705  1869 D EventSequenceValidator: 	at android.os.Looper.loop(Looper.java:236)
06-21 15:14:07.223  1705  1869 D EventSequenceValidator: 	at android.os.HandlerThread.run(HandlerThread.java:67)
06-21 15:14:07.223  1705  1869 D EventSequenceValidator: 	at com.android.server.ServiceThread.run(ServiceThread.java:45)
06-21 15:14:07.223 18990 19035 I Bugle   : VerifiedSmsStartupTask: Checking if Verified SMS tasks should be enqueued. feature supported: false, feature enabled: false, eligible / has registered key: false, C11N: false
06-21 15:14:07.224 18990 19035 I Bugle   : VerifiedSmsStartupTask: Not enqueuing VSMS periodic task, VSMS is disabled or not supported.
06-21 15:14:07.224  1705  1869 D EventSequenceValidator: dec AccIntentStartedEvents to 7
06-21 15:14:07.224  1705  1900 I ActivityTaskManager: Displayed com.example.dogglers/.VerticalListActivity: +586ms
06-21 15:14:07.225 18990 19095 I Bugle   : VerifiedSmsStartupTask: Not calling C11N to get phone numbers.
06-21 15:14:07.225   972   972 I ANDR-PERF-LM: LMPerfGlue: perfmodule_submit_request() 132: perfmodule_submit_request()
06-21 15:14:07.226   972   972 I ANDR-PERF-LM: Core: getInstance() 84: LM getInstance
06-21 15:14:07.227   972   972 D ANDR-PERF-LM: Feature: lookup() 101: Feature Name = AppClassifier, total featuers = 3, featureFound = 1
06-21 15:14:07.227  1705  4409 D MIUIInput: [FoucsChange]: Display  0 FocusedWindow From null(0,0)  to Window{dcc25ac mode=1 rootTaskId=6358 u0 com.example.dogglers/com.example.dogglers.VerticalListActivity}(1,1)
06-21 15:14:07.227   972   972 D ANDR-PERF-LM: Feature: getData() 112: data.data = 0
06-21 15:14:07.227   972   972 I ANDR-PERF-LM: FeedbackAPI: getFeedback() 60: app:com.example.dogglers feature:AppClassifier feedback = 0
06-21 15:14:07.231  1705  1870 D WindowManager: trim threaded renderer complete
06-21 15:14:07.249   972   972 I ANDR-PERF-LM: LMPerfGlue: perfmodule_submit_request() 132: perfmodule_submit_request()
06-21 15:14:07.250   972   972 I ANDR-PERF-LM: Core: getInstance() 84: LM getInstance
06-21 15:14:07.250   972   972 D ANDR-PERF-LM: Feature: lookup() 101: Feature Name = AppClassifier, total featuers = 3, featureFound = 1
06-21 15:14:07.250   972   972 D ANDR-PERF-LM: Feature: getData() 112: data.data = 0
06-21 15:14:07.250   972   972 I ANDR-PERF-LM: FeedbackAPI: getFeedback() 60: app:com.example.dogglers feature:AppClassifier feedback = 0
06-21 15:14:07.291  7791 19797 W adbd    : timed out while waiting for FUNCTIONFS_BIND, trying again
06-21 15:14:07.291  7791 19797 I adbd    : UsbFfs: connection terminated: monitor thread finished
06-21 15:14:07.292  7791  7791 I adbd    : UsbFfs: already offline
06-21 15:14:07.292  7791  7791 I adbd    : destroying transport UsbFfs
06-21 15:14:07.292  7791  7791 I adbd    : UsbFfsConnection being destroyed
06-21 15:14:07.301 21865 21865 I GoogleInputMethodService: GoogleInputMethodService.onFinishInput():3220
06-21 15:14:07.303 21865 21865 I GoogleInputMethodService: GoogleInputMethodService.updateDeviceLockedStatus():2116 checkRepeatedly = false, unlocked = true
06-21 15:14:07.303 21865 21865 I GoogleInputMethodService: GoogleInputMethodService.onStartInput():1923 onStartInput(EditorInfo{inputType=0x0(NULL) imeOptions=0x0 privateImeOptions=null actionName=UNSPECIFIED actionLabel=null actionId=0 initialSelStart=-1 initialSelEnd=-1 initialCapsMode=0x0 hintText=null label=null packageName=com.example.dogglers fieldId=-1 fieldName=null extras=null}, false)
06-21 15:14:07.304 21865 21865 I GoogleInputMethodService: GoogleInputMethodService.updateDeviceLockedStatus():2116 checkRepeatedly = true, unlocked = true
06-21 15:14:07.317 19732 19732 I ViewInteraction: Performing 'scroll RecyclerView to position: 5' action on view view.getId() is <2131231206/com.example.dogglers:id/vertical_recycler_view>
06-21 15:14:07.351 10194 10229 D NetworkController.MobileSignalController(1): onSignalStrengthsChanged signalStrength=SignalStrength:{mCdma=CellSignalStrengthCdma: cdmaDbm=2147483647 cdmaEcio=2147483647 evdoDbm=2147483647 evdoEcio=2147483647 evdoSnr=2147483647 miuiLevel=0 level=0,mGsm=CellSignalStrengthGsm: rssi=2147483647 ber=2147483647 mTa=2147483647 miuiLevel=0 mLevel=0,mWcdma=CellSignalStrengthWcdma: ss=2147483647 ber=2147483647 rscp=2147483647 ecno=2147483647 miuiLevel=0 level=0,mTdscdma=CellSignalStrengthTdscdma: rssi=2147483647 ber=2147483647 rscp=2147483647 miuiLevel=0 level=0,mLte=CellSignalStrengthLte: rssi=-65 rsrp=-94 rsrq=-10 rssnr=10 cqi=2147483647 ta=2147483647 miuiLevel=5 level=4 parametersUseForLevel=0,mNr=CellSignalStrengthNr:{ csiRsrp = 2147483647 csiRsrq = 2147483647 csiSinr = 2147483647 ssRsrp = 2147483647 ssRsrq = 2147483647 ssSinr = 2147483647 miuiLevel = 0 level = 0 parametersUseForLevel = 0 },primary=CellSignalStrengthLte} level=4
06-21 15:14:07.351 10194 10229 D NetworkController.MobileSignalController(1): updateTelephonySignalStrength: hasService=true ss=SignalStrength:{mCdma=CellSignalStrengthCdma: cdmaDbm=2147483647 cdmaEcio=2147483647 evdoDbm=2147483647 evdoEcio=2147483647 evdoSnr=2147483647 miuiLevel=0 level=0,mGsm=CellSignalStrengthGsm: rssi=2147483647 ber=2147483647 mTa=2147483647 miuiLevel=0 mLevel=0,mWcdma=CellSignalStrengthWcdma: ss=2147483647 ber=2147483647 rscp=2147483647 ecno=2147483647 miuiLevel=0 level=0,mTdscdma=CellSignalStrengthTdscdma: rssi=2147483647 ber=2147483647 rscp=2147483647 miuiLevel=0 level=0,mLte=CellSignalStrengthLte: rssi=-65 rsrp=-94 rsrq=-10 rssnr=10 cqi=2147483647 ta=2147483647 miuiLevel=5 level=4 parametersUseForLevel=0,mNr=CellSignalStrengthNr:{ csiRsrp = 2147483647 csiRsrq = 2147483647 csiSinr = 2147483647 ssRsrp = 2147483647 ssRsrq = 2147483647 ssSinr = 2147483647 miuiLevel = 0 level = 0 parametersUseForLevel = 0 },primary=CellSignalStrengthLte} displayInfo=TelephonyDisplayInfo {network=LTE, override=NONE}
06-21 15:14:07.351 10194 10229 D NetworkController.MobileSignalController(1): NotQcom5G, signal level = 5
06-21 15:14:07.356  7791  7798 I adbd    : opening control endpoint /dev/usb-ffs/adb/ep0
06-21 15:14:07.358  7791  7798 I adbd    : UsbFfsConnection constructed
06-21 15:14:07.359  7791 19840 I adbd    : UsbFfs-monitor thread spawned
06-21 15:14:07.402   982 10464 I vendor.qti.hardware.servicetracker@1.2-service: unbindService is called for service : com.google.android.gms/.chimera.PersistentDirectBootAwareApiService and for client com.google.android.inputmethod.latin
06-21 15:14:07.402   982 10464 I vendor.qti.hardware.servicetracker@1.2-service: size of service connections for service: com.google.android.gms/.chimera.PersistentDirectBootAwareApiServiceafter removal is 9
06-21 15:14:07.402   982 10464 I vendor.qti.hardware.servicetracker@1.2-service: size of client connections for client: com.google.android.inputmethod.latinafter removal is 1
06-21 15:14:07.412   982 10464 I vendor.qti.hardware.servicetracker@1.2-service: Activity state is changed to : 5
06-21 15:14:07.412   982 10464 I vendor.qti.hardware.servicetracker@1.2-service: Activity state is changed to : 5
06-21 15:14:07.478 19732 19732 D LifecycleMonitor: Lifecycle status change: androidx.test.core.app.InstrumentationActivityInvoker$BootstrapActivity@a2d4ae2 in: STOPPED
06-21 15:14:07.478 19732 19732 V ActivityScenario: Activity lifecycle changed event received but ignored because the intent does not match. startActivityIntent=Intent { act=android.intent.action.MAIN cat=[android.intent.category.LAUNCHER] cmp=com.example.dogglers/.VerticalListActivity }, activity.getIntent()=Intent { act=android.intent.action.MAIN cat=[android.intent.category.LAUNCHER] flg=0x10008000 cmp=com.example.dogglers/androidx.test.core.app.InstrumentationActivityInvoker$BootstrapActivity (has extras) }, activity=androidx.test.core.app.InstrumentationActivityInvoker$BootstrapActivity@a2d4ae2
06-21 15:14:07.481   982 10464 I vendor.qti.hardware.servicetracker@1.2-service: Activity state is changed to : 6
06-21 15:14:07.481   982 10464 I vendor.qti.hardware.servicetracker@1.2-service: Activity state is changed to : 6
06-21 15:14:07.488 19732 19732 I ViewInteraction: Checking 'MatchesViewAssertion{viewMatcher=(view has effective visibility <VISIBLE> and view.getGlobalVisibleRect() to return non-empty rectangle)}' assertion on view an instance of android.widget.TextView and view.getText() with or without transformation to match: is "Bella"
06-21 15:14:07.493 18990 19023 I BugleRcsProvisioning: BugleSystemBindingManager: onBuglePhenotypeFlagChanged
06-21 15:14:07.493 18990 19023 I BugleRcsProvisioning: BugleSystemBindingManager: onCsLibPhenotypeUpdated
06-21 15:14:07.496  1705  4477 D MiuiMultiWindowAdapter: MiuiMultiWindowAdapter::getFreeformBlackList::sSmallWindowBlackList = [com.miui.securitycenter, com.miui.miservice, com.xiaomi.calendar, com.miui.mishare.connectivity, com.android.settings, com.android.printspooler, com.miui.backup, com.miui.huanji, com.android.thememanager, com.mfashiongallery.emag, com.miui.virtualsim, com.miui.smarttravel, com.mi.health, com.android.camera, com.lbe.security.miui, com.miui.cleanmaster, com.miui.newhome, com.miui.voiceassist, com.android.phone, com.miui.yellowpage, com.android.updater, com.miui.tsmclient, com.miui.securitycore, com.xiaomi.account, com.xiaomi.shop, com.mipay.wallet, com.xiaomi.youpin, com.xiaomi.hm.health, com.miui.bugreport, com.xiaomi.mibrain.speech, com.xiaomi.mimoji, com.xiaomi.scanner, com.duokan.phone.remotecontroller, com.miui.hybrid, com.miui.video, com.miui.videoplayer, com.miui.fm, com.miui.packageinstaller, com.mi.android.globallauncher, com.mi.android.globallauncher-poco, com.google.android.dialer, com.google.android.apps.magazines, com.miui.compass, com.miui.greenguard, com.kiteguard, com.google.android.apps.prodcasts, com.google.ar.lens, com.xiangkan.android, com.android.bankabc, com.sohu.inputmethod.sogou, com.tencent.mtt, com.shyz.toutiao, com.netease.mc.mi, com.outfit7.talkingtomgoldrun.mi, com.doudz.mi, com.wepie.snake.new.mi, cn.jj, com.standddz002.mi, com.miHoYo.bh3.mi, com.qqgame.hlddz, com.happyelements.AndroidAnimal, com.minitech.miniworld.TMobile.mi, com.mfp.jelly.xiaomi, com.lilithgames.afk.mi, com.tencent.peng, com.teenpatti.hd.gold, blockpuzzle.jewelgames.jewelslegend, com.playgendary.tanks, com.chillingo.robberybobfree.android.row, com.episodeinteractive.android.catalog, com.playrix.township, com.ansangha.drdriving, com.google.android.youtube, com.gbits.atm.mi, com.tencent.tetris, com.sukhavati.gotoplaying.bubble.BubbleShooter.mint, com.block.puzzle.game.hippo.mi, com.youzu.bs.mi, com.baidu.BaiduMap, com.google.android.googlequicksearchbox, com.appsomniacs.da2, com.android.stk, com.feiyu.carrot3.mi, com.popcap.pvz2cthdxm, com.mxtech.videoplayer.ad, cn.cisc, com.kiloo.subwaysurf, com.cncyj.mostbrain, pdf.tap.scanner, com.og.ttddz.mi, com.ximalaya.ting.lite, com.google.android.apps.podcasts, com.google.android.apps.googleassistant, com.netease.onmyoji.mi, com.netease.onmyoji.bili, com.netease.mrzh.mi, com.netease.mrzh.bili, com.tencent.tmgp.yys.zqb, com.google.android.gm, com.google.android.calendar, com.android.chrome, com.google.android.apps.youtube.music, com.netease.pes.huawei, com.netease.pes.mi, com.netease.pes.bili, com.flyfish.supermario, com.picsart.studio, com.netease.dwrg.mi, com.netease.dwrg.bili, com.netease.dwrg.nearme.gamecenter, com.netease.dwrg, com.netease.dwrg.huawei, com.tencent.tmgp.dwrg, com.netease.dwrg.m4399, com.netease.dwrg.mz, com.netease.dwrg.aligames, com.netease.dwrg.baidu, com.netease.dwrg.qihoo, com.moji.mjweather, com.tencent.tmgp.kof98, com.netease.onmyoji, com.taobao.idlefish, com.ledou.mhhy.mi, com.hzfy.ddzbs.mi, com.qsmy.walkmonkey, com.fy.bzzbc.mi, com.dw.xprqj.mi, com.miui.accessibility, com.ymt.nbaftx.mi]
06-21 15:14:07.496  1705  1869 D EventSequenceValidator: IntentStarted during UNKNOWN. Intent { act=android.intent.action.MAIN cat=[android.intent.category.LAUNCHER] flg=0x10000000 cmp=com.example.dogglers/androidx.test.core.app.InstrumentationActivityInvoker$EmptyActivity }
06-21 15:14:07.496  1705  1869 D EventSequenceValidator: java.lang.Throwable: EventSequenceValidator#getStackTrace
06-21 15:14:07.496  1705  1869 D EventSequenceValidator: 	at com.google.android.startop.iorap.EventSequenceValidator.logWarningWithStackTrace(EventSequenceValidator.java:260)
06-21 15:14:07.496  1705  1869 D EventSequenceValidator: 	at com.google.android.startop.iorap.EventSequenceValidator.onIntentStarted(EventSequenceValidator.java:106)
06-21 15:14:07.496  1705  1869 D EventSequenceValidator: 	at com.android.server.wm.LaunchObserverRegistryImpl.handleOnIntentStarted(LaunchObserverRegistryImpl.java:139)
06-21 15:14:07.496  1705  1869 D EventSequenceValidator: 	at com.android.server.wm.LaunchObserverRegistryImpl.lambda$veRn_GhgLZLlOHOJ0ZYT6KcfYqo(Unknown Source:0)
06-21 15:14:07.496  1705  1869 D EventSequenceValidator: 	at com.android.server.wm.-$$Lambda$LaunchObserverRegistryImpl$veRn_GhgLZLlOHOJ0ZYT6KcfYqo.accept(Unknown Source:10)
06-21 15:14:07.496  1705  1869 D EventSequenceValidator: 	at com.android.internal.util.function.pooled.PooledLambdaImpl.doInvoke(PooledLambdaImpl.java:292)
06-21 15:14:07.496  1705  1869 D EventSequenceValidator: 	at com.android.internal.util.function.pooled.PooledLambdaImpl.invoke(PooledLambdaImpl.java:201)
06-21 15:14:07.496  1705  1869 D EventSequenceValidator: 	at com.android.internal.util.function.pooled.OmniFunction.run(OmniFunction.java:97)
06-21 15:14:07.496  1705  1869 D EventSequenceValidator: 	at android.os.Handler.handleCallback(Handler.java:938)
06-21 15:14:07.496  1705  1869 D EventSequenceValidator: 	at android.os.Handler.dispatchMessage(Handler.java:99)
06-21 15:14:07.496  1705  1869 D EventSequenceValidator: 	at android.os.Looper.loop(Looper.java:236)
06-21 15:14:07.496  1705  1869 D EventSequenceValidator: 	at android.os.HandlerThread.run(HandlerThread.java:67)
06-21 15:14:07.496  1705  1869 D EventSequenceValidator: 	at com.android.server.ServiceThread.run(ServiceThread.java:45)
06-21 15:14:07.496  1705  1869 D EventSequenceValidator: inc AccIntentStartedEvents to 8
06-21 15:14:07.497   982 10464 I vendor.qti.hardware.servicetracker@1.2-service: Activity state is changed to : 0
06-21 15:14:07.497   982 10464 I vendor.qti.hardware.servicetracker@1.2-service: Activity state is changed to : 0
06-21 15:14:07.497   972   972 I ANDR-PERF-LM: LMPerfGlue: perfmodule_submit_request() 132: perfmodule_submit_request()
06-21 15:14:07.497   972   972 I ANDR-PERF-LM: Core: getInstance() 84: LM getInstance
06-21 15:14:07.497   972   972 I ANDR-PERF-LM: WQ: push() 59: LMTriggerQ push() size=0
06-21 15:14:07.497   972   972 I ANDR-PERF-LM: WQ: push() 61: LMTriggerQ push() done size=1
06-21 15:14:07.498   972  1014 I ANDR-PERF-LM: WQ: pop() 42: LMTriggerQ pop() done size=0
06-21 15:14:07.498   972  1014 I ANDR-PERF-LM: Core: lmMain() 381: Calling runAsync for AdaptLaunch
06-21 15:14:07.498   972  1014 I ANDR-PERF-LM: Core: lmMain() 391: runAsync for AdaptLaunch returned
06-21 15:14:07.498   972  1014 I ANDR-PERF-LM: Core: lmMain() 373: Waiting on trigger Queue
06-21 15:14:07.498   972  1014 I ANDR-PERF-LM: WQ: pop() 31: LMTriggerQ pop() size=0
06-21 15:14:07.503 18990 19023 I BugleRcsEngine: [239491] aoap.b: SystemBindingManager: force P/H Flag update scheduled and start updateBinding
06-21 15:14:07.505 18990 19103 I BugleTransport: isChatAvailable: RcsAvailability is AVAILABLE (RCS is setup)
06-21 15:14:07.506 18990 19381 E TraceManager: Duplicate trace
06-21 15:14:07.506 18990 19381 E TraceManager: bohm: Starting new trace SharedStorageProvider#call when already associated with a trace. For more help, see http://go/tiktok-tracing#fixing-duplicate-trace-issues
06-21 15:14:07.506 18990 19381 E TraceManager: 	at bolb.g(PG:6)
06-21 15:14:07.506 18990 19381 E TraceManager: 	at bolb.c(PG:2)
06-21 15:14:07.506 18990 19381 E TraceManager: 	at bolb.b(PG:2)
06-21 15:14:07.506 18990 19381 E TraceManager: 	at boko.j(PG:1)
06-21 15:14:07.506 18990 19381 E TraceManager: 	at acgt.call(PG:7)
06-21 15:14:07.506 18990 19381 E TraceManager: 	at android.content.ContentProvider.call(ContentProvider.java:2471)
06-21 15:14:07.506 18990 19381 E TraceManager: 	at acfh.call(PG:2)
06-21 15:14:07.506 18990 19381 E TraceManager: 	at android.content.ContentProvider$Transport.call(ContentProvider.java:517)
06-21 15:14:07.506 18990 19381 E TraceManager: 	at android.content.ContentResolver.call(ContentResolver.java:2433)
06-21 15:14:07.506 18990 19381 E TraceManager: 	at android.content.ContentResolver.call(ContentResolver.java:2413)
06-21 15:14:07.506 18990 19381 E TraceManager: 	at azbb.h(PG:9)
06-21 15:14:07.506 18990 19381 E TraceManager: 	at azbb.k(PG:3)
06-21 15:14:07.506 18990 19381 E TraceManager: 	at azaz.b(PG:1)
06-21 15:14:07.506 18990 19381 E TraceManager: 	at ahdw.aE(PG:5)
06-21 15:14:07.506 18990 19381 E TraceManager: 	at ahdw.K(PG:2)
06-21 15:14:07.506 18990 19381 E TraceManager: 	at afom.e(PG:1)
06-21 15:14:07.506 18990 19381 E TraceManager: 	at afoi.call(Unknown Source:2)
06-21 15:14:07.506 18990 19381 E TraceManager: 	at bonj.a(PG:1)
06-21 15:14:07.506 18990 19381 E TraceManager: 	at bolp.a(PG:2)
06-21 15:14:07.506 18990 19381 E TraceManager: 	at bsye.a(PG:1)
06-21 15:14:07.506 18990 19381 E TraceManager: 	at bsxh.run(PG:4)
06-21 15:14:07.506 18990 19381 E TraceManager: 	at bsyg.run(PG:1)
06-21 15:14:07.506 18990 19381 E TraceManager: 	at bcwb.run(PG:1)
06-21 15:14:07.506 18990 19381 E TraceManager: 	at java.util.concurrent.ThreadPoolExecutor.runWorker(ThreadPoolExecutor.java:1167)
06-21 15:14:07.506 18990 19381 E TraceManager: 	at java.util.concurrent.ThreadPoolExecutor$Worker.run(ThreadPoolExecutor.java:641)
06-21 15:14:07.506 18990 19381 E TraceManager: 	at bcvd.run(PG:2)
06-21 15:14:07.506 18990 19381 E TraceManager: 	at bcvm.run(PG:4)
06-21 15:14:07.506 18990 19381 E TraceManager: 	at java.lang.Thread.run(Thread.java:923)
06-21 15:14:07.506 18990 19381 E TraceManager: 	Suppressed: bomf:
06-21 15:14:07.506 18990 19381 E TraceManager: 		at tk_trace.PhenotypeHelper#onBuglePhenotypeChanged(Unknown Source:0)
06-21 15:14:07.506 18990 19381 E TraceManager: 		at tk_trace.PhenotypeHelper#registerPhenotype(Unknown Source:0)
06-21 15:14:07.506 18990 19381 E TraceManager: 		at tk_trace.PhenotypeRestoreStartupTask(Unknown Source:0)
06-21 15:14:07.506 18990 19381 E TraceManager: 		at tk_trace.StartupHandlerImpl#onAppInteractiveInternal(Unknown Source:0)
06-21 15:14:07.506 18990 19381 E TraceManager: 		at tk_trace.StartupHandlerImpl App Interactive Delay Timer Fired(Unknown Source:0)
06-21 15:14:07.506 18990 19094 I BugleRcsEngine: [239510] ayip.b: Using MCC based URL
06-21 15:14:07.506  1705  4477 D CompatibilityInfo: mCompatibilityFlags - 0
06-21 15:14:07.507  1705  4477 D CompatibilityInfo: applicationDensity - 440
06-21 15:14:07.507  1705  4477 D CompatibilityInfo: applicationScale - 1.0
06-21 15:14:07.508   982 10879 I vendor.qti.hardware.servicetracker@1.2-service: Activity state is changed to : 2
06-21 15:14:07.508   972   972 I ANDR-PERF-LM: LMPerfGlue: perfmodule_submit_request() 132: perfmodule_submit_request()
06-21 15:14:07.509   972   972 I ANDR-PERF-LM: Core: getInstance() 84: LM getInstance
06-21 15:14:07.509   972   972 I ANDR-PERF-LM: WQ: push() 59: LMTriggerQ push() size=0
06-21 15:14:07.509   972   972 I ANDR-PERF-LM: WQ: push() 61: LMTriggerQ push() done size=1
06-21 15:14:07.509   972  1014 I ANDR-PERF-LM: WQ: pop() 42: LMTriggerQ pop() done size=0
06-21 15:14:07.509   972  1014 I ANDR-PERF-LM: Core: lmMain() 381: Calling runAsync for GameOptimization
06-21 15:14:07.509   972  1014 D ANDR-PERF-LM: Feature: lookup() 101: Feature Name = AppClassifier, total featuers = 3, featureFound = 1
06-21 15:14:07.509   972  1014 D ANDR-PERF-LM: Feature: getData() 112: data.data = 0
06-21 15:14:07.509   972  1014 I ANDR-PERF-LM: Core: lmMain() 391: runAsync for GameOptimization returned
06-21 15:14:07.509   972  1014 I ANDR-PERF-LM: Core: lmMain() 373: Waiting on trigger Queue
06-21 15:14:07.509   972  1014 I ANDR-PERF-LM: WQ: pop() 31: LMTriggerQ pop() size=0
06-21 15:14:07.511  1705  4477 D ActivityTrigger: ActivityTrigger activityPauseTrigger
06-21 15:14:07.511   972   972 I ANDR-PERF-LM: LMPerfGlue: perfmodule_submit_request() 132: perfmodule_submit_request()
06-21 15:14:07.511   972   972 I ANDR-PERF-LM: Core: getInstance() 84: LM getInstance
06-21 15:14:07.511   972   972 I ANDR-PERF-LM: WQ: push() 59: LMTriggerQ push() size=0
06-21 15:14:07.511   972   972 I ANDR-PERF-LM: WQ: push() 61: LMTriggerQ push() done size=1
06-21 15:14:07.515   982 10879 I vendor.qti.hardware.servicetracker@1.2-service: Activity state is changed to : 3
06-21 15:14:07.515   982 10879 I vendor.qti.hardware.servicetracker@1.2-service: Activity state is changed to : 3
06-21 15:14:07.515   972  1014 I ANDR-PERF-LM: WQ: pop() 42: LMTriggerQ pop() done size=0
06-21 15:14:07.515   972  1014 I ANDR-PERF-LM: Core: lmMain() 381: Calling runAsync for GameOptimization
06-21 15:14:07.515   972  1014 D ANDR-PERF-LM: Feature: lookup() 101: Feature Name = AppClassifier, total featuers = 3, featureFound = 1
06-21 15:14:07.515   972  1014 D ANDR-PERF-LM: Feature: getData() 112: data.data = 0
06-21 15:14:07.515   972  1014 I ANDR-PERF-LM: Core: lmMain() 391: runAsync for GameOptimization returned
06-21 15:14:07.515   972  1014 I ANDR-PERF-LM: Core: lmMain() 373: Waiting on trigger Queue
06-21 15:14:07.515   972  1014 I ANDR-PERF-LM: WQ: pop() 31: LMTriggerQ pop() size=0
06-21 15:14:07.518 18990 19381 I BugleRcsEngine: [239524] axeq.l: Reinitialize CSLib Flags: com.google.android.ims.library
06-21 15:14:07.519 18990 19381 I BugleRcsEngine: [239524] axeq.l: Reinitialize CSLib Flags: com.google.android.ims.library
06-21 15:14:07.519 19732 19732 D LifecycleMonitor: Lifecycle status change: com.example.dogglers.VerticalListActivity@9a75a63 in: PAUSED
06-21 15:14:07.520  1705  1869 D EventSequenceValidator: onIntentFailed during UNKNOWN.
06-21 15:14:07.520  1705  1869 D EventSequenceValidator: java.lang.Throwable: EventSequenceValidator#getStackTrace
06-21 15:14:07.520  1705  1869 D EventSequenceValidator: 	at com.google.android.startop.iorap.EventSequenceValidator.logWarningWithStackTrace(EventSequenceValidator.java:260)
06-21 15:14:07.520  1705  1869 D EventSequenceValidator: 	at com.google.android.startop.iorap.EventSequenceValidator.onIntentFailed(EventSequenceValidator.java:130)
06-21 15:14:07.520  1705  1869 D EventSequenceValidator: 	at com.android.server.wm.LaunchObserverRegistryImpl.handleOnIntentFailed(LaunchObserverRegistryImpl.java:147)
06-21 15:14:07.520  1705  1869 D EventSequenceValidator: 	at com.android.server.wm.LaunchObserverRegistryImpl.lambda$KukKmVpn5W_1xSV6Dnp8wW2H2Ks(Unknown Source:0)
06-21 15:14:07.520  1705  1869 D EventSequenceValidator: 	at com.android.server.wm.-$$Lambda$LaunchObserverRegistryImpl$KukKmVpn5W_1xSV6Dnp8wW2H2Ks.accept(Unknown Source:2)
06-21 15:14:07.520  1705  1869 D EventSequenceValidator: 	at com.android.internal.util.function.pooled.PooledLambdaImpl.doInvoke(PooledLambdaImpl.java:264)
06-21 15:14:07.520  1705  1869 D EventSequenceValidator: 	at com.android.internal.util.function.pooled.PooledLambdaImpl.invoke(PooledLambdaImpl.java:201)
06-21 15:14:07.520  1705  1869 D EventSequenceValidator: 	at com.android.internal.util.function.pooled.OmniFunction.run(OmniFunction.java:97)
06-21 15:14:07.520  1705  1869 D EventSequenceValidator: 	at android.os.Handler.handleCallback(Handler.java:938)
06-21 15:14:07.520  1705  1869 D EventSequenceValidator: 	at android.os.Handler.dispatchMessage(Handler.java:99)
06-21 15:14:07.520  1705  1869 D EventSequenceValidator: 	at android.os.Looper.loop(Looper.java:236)
06-21 15:14:07.520  1705  1869 D EventSequenceValidator: 	at android.os.HandlerThread.run(HandlerThread.java:67)
06-21 15:14:07.520  1705  1869 D EventSequenceValidator: 	at com.android.server.ServiceThread.run(ServiceThread.java:45)
06-21 15:14:07.521  1705  1869 D EventSequenceValidator: dec AccIntentStartedEvents to 7
06-21 15:14:07.521 19732 19732 V ActivityScenario: Update currentActivityStage to PAUSED, currentActivity=com.example.dogglers.VerticalListActivity@9a75a63
06-21 15:14:07.522   982 10464 I vendor.qti.hardware.servicetracker@1.2-service: Activity state is changed to : 4
06-21 15:14:07.523   972   972 I ANDR-PERF-LM: LMPerfGlue: perfmodule_submit_request() 132: perfmodule_submit_request()
06-21 15:14:07.523   982 10879 I vendor.qti.hardware.servicetracker@1.2-service: Activity state is changed to : 4
06-21 15:14:07.523   972   972 I ANDR-PERF-LM: Core: getInstance() 84: LM getInstance
06-21 15:14:07.523   972   972 I ANDR-PERF-LM: WQ: push() 59: LMTriggerQ push() size=0
06-21 15:14:07.523   972   972 I ANDR-PERF-LM: WQ: push() 61: LMTriggerQ push() done size=1
06-21 15:14:07.523   982 10879 I vendor.qti.hardware.servicetracker@1.2-service: Activity state is changed to : 2
06-21 15:14:07.523   972  1014 I ANDR-PERF-LM: WQ: pop() 42: LMTriggerQ pop() done size=0
06-21 15:14:07.523   972  1014 I ANDR-PERF-LM: Core: lmMain() 381: Calling runAsync for GameOptimization
06-21 15:14:07.523   972  1014 D ANDR-PERF-LM: Feature: lookup() 101: Feature Name = AppClassifier, total featuers = 3, featureFound = 1
06-21 15:14:07.523   972  1014 D ANDR-PERF-LM: Feature: getData() 112: data.data = 0
06-21 15:14:07.524   972  1014 I ANDR-PERF-LM: Core: lmMain() 391: runAsync for GameOptimization returned
06-21 15:14:07.524   972  1014 I ANDR-PERF-LM: Core: lmMain() 373: Waiting on trigger Queue
06-21 15:14:07.524   972  1014 I ANDR-PERF-LM: WQ: pop() 31: LMTriggerQ pop() size=0
06-21 15:14:07.525   972   972 I ANDR-PERF-LM: LMPerfGlue: perfmodule_submit_request() 132: perfmodule_submit_request()
06-21 15:14:07.525   972   972 I ANDR-PERF-LM: Core: getInstance() 84: LM getInstance
06-21 15:14:07.525   972   972 I ANDR-PERF-LM: WQ: push() 59: LMTriggerQ push() size=0
06-21 15:14:07.525   972   972 I ANDR-PERF-LM: WQ: push() 61: LMTriggerQ push() done size=1
06-21 15:14:07.526   972  1014 I ANDR-PERF-LM: WQ: pop() 42: LMTriggerQ pop() done size=0
06-21 15:14:07.526   972  1014 I ANDR-PERF-LM: Core: lmMain() 381: Calling runAsync for AdaptLaunch
06-21 15:14:07.526   972  1014 I ANDR-PERF-LM: MetaMeter: isValidAsync() 194: AsyncInfo: hintID = 4225
06-21 15:14:07.526   972  1014 I ANDR-PERF-LM: hintType: 102
06-21 15:14:07.526   972  1014 I ANDR-PERF-LM: isPrimary = 0
06-21 15:14:07.526   972  1014 I ANDR-PERF-LM: MetaMeter: isValidAsync() 203: Invalid (hintID,hintType,appName,duration,appPID,appThreadTID) = (4225, 102,com.example.dogglers,19732,1705,4492)
06-21 15:14:07.526   972  1014 E ANDR-PERF-LM: MetaMeter: handleAsync() 164: AdaptLaunch Invalid Async
06-21 15:14:07.526   972  1014 I ANDR-PERF-LM: Core: lmMain() 391: runAsync for AdaptLaunch returned
06-21 15:14:07.526   972  1014 I ANDR-PERF-LM: Core: lmMain() 373: Waiting on trigger Queue
06-21 15:14:07.526   972  1014 I ANDR-PERF-LM: WQ: pop() 31: LMTriggerQ pop() size=0
06-21 15:14:07.526  1705  4492 D CompatibilityInfo: mCompatibilityFlags - 0
06-21 15:14:07.527  1705  4492 D CompatibilityInfo: applicationDensity - 440
06-21 15:14:07.527  1705  4492 D CompatibilityInfo: applicationScale - 1.0
06-21 15:14:07.528   982 10464 I vendor.qti.hardware.servicetracker@1.2-service: Activity state is changed to : 2
06-21 15:14:07.528   982 10879 I vendor.qti.hardware.servicetracker@1.2-service: Activity state is changed to : 2
06-21 15:14:07.531 18990 19381 I BugleRcsEngine: [239524] axeq.l: Reinitialize CSLib Flags: com.google.android.ims.library
06-21 15:14:07.532 18990 19027 I BugleRcsEngine: [239494] awok.run: SystemBindingManager: SystemBinding enabled: true
06-21 15:14:07.532 18990 19027 I BugleRcsEngine: [239494] awol.b: System Binding updated
06-21 15:14:07.532 18990 19381 I BugleRcsEngine: [239524] axeq.l: Reinitialize CSLib Flags: com.google.android.ims.library
06-21 15:14:07.532 18990 19098 I BugleRcsEngine: [239512] ayip.b: Using MCC based URL
06-21 15:14:07.539  1705  4492 D MIUIInput: [FoucsChange]: Display  0 FocusedWindow From Window{dcc25ac mode=1 rootTaskId=6358 u0 com.example.dogglers/com.example.dogglers.VerticalListActivity}(1,1)  to null(0,0)
06-21 15:14:07.543 18990 19381 I BugleRcsEngine: [239524] axeq.l: Reinitialize CSLib Flags: com.google.android.ims.library
06-21 15:14:07.544 18990 19381 I BugleRcsEngine: [239524] axeq.l: Reinitialize CSLib Flags: com.google.android.ims.library
06-21 15:14:07.545 19732 19732 D LifecycleMonitor: Lifecycle status change: androidx.test.core.app.InstrumentationActivityInvoker$EmptyActivity@800b82f in: PRE_ON_CREATE
06-21 15:14:07.545 19732 19732 V ActivityScenario: Activity lifecycle changed event received but ignored because the intent does not match. startActivityIntent=Intent { act=android.intent.action.MAIN cat=[android.intent.category.LAUNCHER] cmp=com.example.dogglers/.VerticalListActivity }, activity.getIntent()=Intent { act=android.intent.action.MAIN cat=[android.intent.category.LAUNCHER] flg=0x10000000 cmp=com.example.dogglers/androidx.test.core.app.InstrumentationActivityInvoker$EmptyActivity }, activity=androidx.test.core.app.InstrumentationActivityInvoker$EmptyActivity@800b82f
06-21 15:14:07.546 18990 19035 E TraceManager: Duplicate trace
06-21 15:14:07.546 18990 19035 E TraceManager: bohm: Starting new trace SharedStorageProvider#call when already associated with a trace. For more help, see http://go/tiktok-tracing#fixing-duplicate-trace-issues
06-21 15:14:07.546 18990 19035 E TraceManager: 	at bolb.g(PG:6)
06-21 15:14:07.546 18990 19035 E TraceManager: 	at bolb.c(PG:2)
06-21 15:14:07.546 18990 19035 E TraceManager: 	at bolb.b(PG:2)
06-21 15:14:07.546 18990 19035 E TraceManager: 	at boko.j(PG:1)
06-21 15:14:07.546 18990 19035 E TraceManager: 	at acgt.call(PG:7)
06-21 15:14:07.546 18990 19035 E TraceManager: 	at android.content.ContentProvider.call(ContentProvider.java:2471)
06-21 15:14:07.546 18990 19035 E TraceManager: 	at acfh.call(PG:2)
06-21 15:14:07.546 18990 19035 E TraceManager: 	at android.content.ContentProvider$Transport.call(ContentProvider.java:517)
06-21 15:14:07.546 18990 19035 E TraceManager: 	at android.content.ContentResolver.call(ContentResolver.java:2433)
06-21 15:14:07.546 18990 19035 E TraceManager: 	at android.content.ContentResolver.call(ContentResolver.java:2413)
06-21 15:14:07.546 18990 19035 E TraceManager: 	at azbb.h(PG:9)
06-21 15:14:07.546 18990 19035 E TraceManager: 	at azbb.k(PG:3)
06-21 15:14:07.546 18990 19035 E TraceManager: 	at azaz.b(PG:1)
06-21 15:14:07.546 18990 19035 E TraceManager: 	at ayhc.g(PG:2)
06-21 15:14:07.546 18990 19035 E TraceManager: 	at sfh.b(PG:1)
06-21 15:14:07.546 18990 19035 E TraceManager: 	at ayen.f(PG:4)
06-21 15:14:07.546 18990 19035 E TraceManager: 	at ayen.c(PG:1)
06-21 15:14:07.546 18990 19035 E TraceManager: 	at akxy.f(PG:12)
06-21 15:14:07.546 18990 19035 E TraceManager: 	at akxy.e(PG:7)
06-21 15:14:07.546 18990 19035 E TraceManager: 	at akxn.a(PG:3)
06-21 15:14:07.546 18990 19035 E TraceManager: 	at bolp.a(PG:2)
06-21 15:14:07.546 18990 19035 E TraceManager: 	at bsvn.a(PG:1)
06-21 15:14:07.546 18990 19035 E TraceManager: 	at bsxh.run(PG:4)
06-21 15:14:07.546 18990 19035 E TraceManager: 	at bcwb.run(PG:1)
06-21 15:14:07.546 18990 19035 E TraceManager: 	at java.util.concurrent.ThreadPoolExecutor.runWorker(ThreadPoolExecutor.java:1167)
06-21 15:14:07.546 18990 19035 E TraceManager: 	at java.util.concurrent.ThreadPoolExecutor$Worker.run(ThreadPoolExecutor.java:641)
06-21 15:14:07.546 18990 19035 E TraceManager: 	at bcvf.run(PG:2)
06-21 15:14:07.546 18990 19035 E TraceManager: 	at bcvm.run(PG:4)
06-21 15:14:07.546 18990 19035 E TraceManager: 	at java.lang.Thread.run(Thread.java:923)
06-21 15:14:07.546 18990 19035 E TraceManager: 	Suppressed: bomf:
06-21 15:14:07.546 18990 19035 E TraceManager: 		at tk_trace.PhenotypeHelper#onBuglePhenotypeChanged(Unknown Source:0)
06-21 15:14:07.546 18990 19035 E TraceManager: 		at tk_trace.PhenotypeHelper#registerPhenotype(Unknown Source:0)
06-21 15:14:07.546 18990 19035 E TraceManager: 		at tk_trace.PhenotypeRestoreStartupTask(Unknown Source:0)
06-21 15:14:07.546 18990 19035 E TraceManager: 		at tk_trace.StartupHandlerImpl#onAppInteractiveInternal(Unknown Source:0)
06-21 15:14:07.546 18990 19035 E TraceManager: 		at tk_trace.StartupHandlerImpl App Interactive Delay Timer Fired(Unknown Source:0)
06-21 15:14:07.548 18990 19035 I BugleTransport: isChatAvailable: true, enabledTransport: 2
06-21 15:14:07.556 19732 19732 D DecorView[]: getWindowModeFromSystem  windowmode is 1
06-21 15:14:07.556 19732 19732 D DecorView: createDecorCaptionView windowingMode:1 mWindowMode 1 isFullscreen: true
06-21 15:14:07.557 18990 19381 I RcsClientLib: Connecting RcsEngineLifecycleService
06-21 15:14:07.560 19732 19732 D LifecycleMonitor: Lifecycle status change: androidx.test.core.app.InstrumentationActivityInvoker$EmptyActivity@800b82f in: CREATED
06-21 15:14:07.561 19732 19732 V ActivityScenario: Activity lifecycle changed event received but ignored because the intent does not match. startActivityIntent=Intent { act=android.intent.action.MAIN cat=[android.intent.category.LAUNCHER] cmp=com.example.dogglers/.VerticalListActivity }, activity.getIntent()=Intent { act=android.intent.action.MAIN cat=[android.intent.category.LAUNCHER] flg=0x10000000 cmp=com.example.dogglers/androidx.test.core.app.InstrumentationActivityInvoker$EmptyActivity }, activity=androidx.test.core.app.InstrumentationActivityInvoker$EmptyActivity@800b82f
06-21 15:14:07.563 19732 19732 D LifecycleMonitor: Lifecycle status change: androidx.test.core.app.InstrumentationActivityInvoker$EmptyActivity@800b82f in: STARTED
06-21 15:14:07.564 19732 19732 V ActivityScenario: Activity lifecycle changed event received but ignored because the intent does not match. startActivityIntent=Intent { act=android.intent.action.MAIN cat=[android.intent.category.LAUNCHER] cmp=com.example.dogglers/.VerticalListActivity }, activity.getIntent()=Intent { act=android.intent.action.MAIN cat=[android.intent.category.LAUNCHER] flg=0x10000000 cmp=com.example.dogglers/androidx.test.core.app.InstrumentationActivityInvoker$EmptyActivity }, activity=androidx.test.core.app.InstrumentationActivityInvoker$EmptyActivity@800b82f
06-21 15:14:07.567 19732 19732 D LifecycleMonitor: Lifecycle status change: androidx.test.core.app.InstrumentationActivityInvoker$EmptyActivity@800b82f in: RESUMED
06-21 15:14:07.568 19732 19732 V ActivityScenario: Activity lifecycle changed event received but ignored because the intent does not match. startActivityIntent=Intent { act=android.intent.action.MAIN cat=[android.intent.category.LAUNCHER] cmp=com.example.dogglers/.VerticalListActivity }, activity.getIntent()=Intent { act=android.intent.action.MAIN cat=[android.intent.category.LAUNCHER] flg=0x10000000 cmp=com.example.dogglers/androidx.test.core.app.InstrumentationActivityInvoker$EmptyActivity }, activity=androidx.test.core.app.InstrumentationActivityInvoker$EmptyActivity@800b82f
06-21 15:14:07.577 18990 19381 I RcsClientLib: shouldUseCarrierServicesJibeService: true, CarrierServices rcs service found: true
06-21 15:14:07.581   982 10879 I vendor.qti.hardware.servicetracker@1.2-service: bindService is called for service : com.google.android.ims/.services.RcsService and for client com.google.android.apps.messaging
06-21 15:14:07.581   982 10879 I vendor.qti.hardware.servicetracker@1.2-service: total connections for service : com.google.android.ims/.services.RcsServiceare :4
06-21 15:14:07.581   982 10879 I vendor.qti.hardware.servicetracker@1.2-service: total connections for client : com.google.android.apps.messagingare :5
06-21 15:14:07.582 24840 24840 D RecentsImpl: mActivityStateObserver androidx.test.core.app.InstrumentationActivityInvoker$EmptyActivity
06-21 15:14:07.582 18990 18990 I RcsClientLib: com.google.android.rcs.client.lifecycle.RcsEngineLifecycleService connected
06-21 15:14:07.583 24840 25110 D GestureStubView: resetRenderProperty: showGestureStub
06-21 15:14:07.583 24840 25110 D GestureStubView: showGestureStub
06-21 15:14:07.583 24840 25110 D GestureStubView: resetRenderProperty: showGestureStub
06-21 15:14:07.583 24840 25110 D GestureStubView: showGestureStub
06-21 15:14:07.586 13977 27570 I CarrierServices: [170723] RcsEngineImpl.triggerStopRcsStack: Stop Registration for redacted-pii:phone_number[chars:13,last2:64]
06-21 15:14:07.587 13977 14233 I CarrierServices: [170708] czq.handleMessage: RCS engine STOP RCS stack
06-21 15:14:07.587 18990 19111 I RcsClientLib: Disconnecting RcsEngineLifecycleService
06-21 15:14:07.588   982 10879 I vendor.qti.hardware.servicetracker@1.2-service: unbindService is called for service : com.google.android.ims/.services.RcsService and for client com.google.android.apps.messaging
06-21 15:14:07.603 19257 19802 E PhenotypeCombinedFlags: Config package com.google.android.gms.phenotype cannot use PROCESS_STABLE backing without declarative registration. See go/phenotype-android-integration#phenotype for more information. This will lead to stale flags.
06-21 15:14:07.609 19257 19301 I Finsky  : [239524] pjp.c(1): Regular flags synced
06-21 15:14:07.610 19257 19301 I Finsky  : [239524] pdp.j(3): Writing flags config, size 1.
06-21 15:14:07.611 19257 19301 I Finsky  : [239524] pdp.j(3): Started writing experiment flags into file [KJuNqwxS2s04hZn-xqnHU2xwsDjo2nXP3Bc7gIw91P4].
06-21 15:14:07.617 19257 19301 I Finsky  : [239524] pdp.j(17): Finished writing experiment flags into file [KJuNqwxS2s04hZn-xqnHU2xwsDjo2nXP3Bc7gIw91P4].
06-21 15:14:07.619 24840 25110 D GestureStubView: gatherTransparentRegion: need render w:54  h:1440
06-21 15:14:07.621 19257 19301 I Finsky  : [239524] pjk.g(22): Successfully applied new configurations for package com.google.android.finsky.regular.
06-21 15:14:07.622 19257 19302 W android.vendin: Long monitor contention with owner bgExecutor #2 (19301) at int pjk.h()(PG:8) waiters=1 in int pjk.h() for 1.095s
06-21 15:14:07.622 19257 19302 I Finsky  : [239525] pjk.h(1): Triggered update for experiment package com.google.android.finsky.regular.
06-21 15:14:07.630 24840 25110 D GestureStubView: gatherTransparentRegion: need render w:54  h:1440
06-21 15:14:07.639   972   972 I ANDR-PERF-LM: LMPerfGlue: perfmodule_submit_request() 132: perfmodule_submit_request()
06-21 15:14:07.639   972   972 I ANDR-PERF-LM: Core: getInstance() 84: LM getInstance
06-21 15:14:07.639   972   972 I ANDR-PERF-LM: WQ: push() 59: LMTriggerQ push() size=0
06-21 15:14:07.639   972   972 I ANDR-PERF-LM: WQ: push() 61: LMTriggerQ push() done size=1
06-21 15:14:07.640   972  1014 I ANDR-PERF-LM: WQ: pop() 42: LMTriggerQ pop() done size=0
06-21 15:14:07.640   972  1014 I ANDR-PERF-LM: Core: lmMain() 373: Waiting on trigger Queue
06-21 15:14:07.640   972  1014 I ANDR-PERF-LM: WQ: pop() 31: LMTriggerQ pop() size=0
06-21 15:14:07.641  1705  1900 I ActivityTaskManager: Displayed com.example.dogglers/androidx.test.core.app.InstrumentationActivityInvoker$EmptyActivity: +143ms
06-21 15:14:07.641   972   972 I ANDR-PERF-LM: LMPerfGlue: perfmodule_submit_request() 132: perfmodule_submit_request()
06-21 15:14:07.641   972   972 I ANDR-PERF-LM: Core: getInstance() 84: LM getInstance
06-21 15:14:07.642   972   972 D ANDR-PERF-LM: Feature: lookup() 101: Feature Name = AppClassifier, total featuers = 3, featureFound = 1
06-21 15:14:07.642   972   972 D ANDR-PERF-LM: Feature: getData() 112: data.data = 0
06-21 15:14:07.642   972   972 I ANDR-PERF-LM: FeedbackAPI: getFeedback() 60: app:com.example.dogglers feature:AppClassifier feedback = 0
06-21 15:14:07.651  1705  4409 D MIUIInput: [FoucsChange]: Display  0 FocusedWindow From null(0,0)  to Window{5ad03f0 mode=1 rootTaskId=6358 u0 com.example.dogglers/androidx.test.core.app.InstrumentationActivityInvoker$EmptyActivity}(1,1)
06-21 15:14:07.659 10194 10237 D MiuiPhoneStatusBarPolicy: updateManagedProfile: secondSpace = false
06-21 15:14:07.664   982 10879 I vendor.qti.hardware.servicetracker@1.2-service: Activity state is changed to : 7
06-21 15:14:07.664   982 10879 I vendor.qti.hardware.servicetracker@1.2-service: Activity state is changed to : 7
06-21 15:14:07.665   982 10464 I vendor.qti.hardware.servicetracker@1.2-service: Activity state is changed to : 7
06-21 15:14:07.666   982 10464 I vendor.qti.hardware.servicetracker@1.2-service: Activity state is changed to : 8
06-21 15:14:07.666   982 10464 I vendor.qti.hardware.servicetracker@1.2-service: Activity state is changed to : 8
06-21 15:14:07.674  1705  5178 D MiuiMultiWindowAdapter: MiuiMultiWindowAdapter::getFreeformBlackList::sSmallWindowBlackList = [com.miui.securitycenter, com.miui.miservice, com.xiaomi.calendar, com.miui.mishare.connectivity, com.android.settings, com.android.printspooler, com.miui.backup, com.miui.huanji, com.android.thememanager, com.mfashiongallery.emag, com.miui.virtualsim, com.miui.smarttravel, com.mi.health, com.android.camera, com.lbe.security.miui, com.miui.cleanmaster, com.miui.newhome, com.miui.voiceassist, com.android.phone, com.miui.yellowpage, com.android.updater, com.miui.tsmclient, com.miui.securitycore, com.xiaomi.account, com.xiaomi.shop, com.mipay.wallet, com.xiaomi.youpin, com.xiaomi.hm.health, com.miui.bugreport, com.xiaomi.mibrain.speech, com.xiaomi.mimoji, com.xiaomi.scanner, com.duokan.phone.remotecontroller, com.miui.hybrid, com.miui.video, com.miui.videoplayer, com.miui.fm, com.miui.packageinstaller, com.mi.android.globallauncher, com.mi.android.globallauncher-poco, com.google.android.dialer, com.google.android.apps.magazines, com.miui.compass, com.miui.greenguard, com.kiteguard, com.google.android.apps.prodcasts, com.google.ar.lens, com.xiangkan.android, com.android.bankabc, com.sohu.inputmethod.sogou, com.tencent.mtt, com.shyz.toutiao, com.netease.mc.mi, com.outfit7.talkingtomgoldrun.mi, com.doudz.mi, com.wepie.snake.new.mi, cn.jj, com.standddz002.mi, com.miHoYo.bh3.mi, com.qqgame.hlddz, com.happyelements.AndroidAnimal, com.minitech.miniworld.TMobile.mi, com.mfp.jelly.xiaomi, com.lilithgames.afk.mi, com.tencent.peng, com.teenpatti.hd.gold, blockpuzzle.jewelgames.jewelslegend, com.playgendary.tanks, com.chillingo.robberybobfree.android.row, com.episodeinteractive.android.catalog, com.playrix.township, com.ansangha.drdriving, com.google.android.youtube, com.gbits.atm.mi, com.tencent.tetris, com.sukhavati.gotoplaying.bubble.BubbleShooter.mint, com.block.puzzle.game.hippo.mi, com.youzu.bs.mi, com.baidu.BaiduMap, com.google.android.googlequicksearchbox, com.appsomniacs.da2, com.android.stk, com.feiyu.carrot3.mi, com.popcap.pvz2cthdxm, com.mxtech.videoplayer.ad, cn.cisc, com.kiloo.subwaysurf, com.cncyj.mostbrain, pdf.tap.scanner, com.og.ttddz.mi, com.ximalaya.ting.lite, com.google.android.apps.podcasts, com.google.android.apps.googleassistant, com.netease.onmyoji.mi, com.netease.onmyoji.bili, com.netease.mrzh.mi, com.netease.mrzh.bili, com.tencent.tmgp.yys.zqb, com.google.android.gm, com.google.android.calendar, com.android.chrome, com.google.android.apps.youtube.music, com.netease.pes.huawei, com.netease.pes.mi, com.netease.pes.bili, com.flyfish.supermario, com.picsart.studio, com.netease.dwrg.mi, com.netease.dwrg.bili, com.netease.dwrg.nearme.gamecenter, com.netease.dwrg, com.netease.dwrg.huawei, com.tencent.tmgp.dwrg, com.netease.dwrg.m4399, com.netease.dwrg.mz, com.netease.dwrg.aligames, com.netease.dwrg.baidu, com.netease.dwrg.qihoo, com.moji.mjweather, com.tencent.tmgp.kof98, com.netease.onmyoji, com.taobao.idlefish, com.ledou.mhhy.mi, com.hzfy.ddzbs.mi, com.qsmy.walkmonkey, com.fy.bzzbc.mi, com.dw.xprqj.mi, com.miui.accessibility, com.ymt.nbaftx.mi]
06-21 15:14:07.675  1705  1869 D EventSequenceValidator: IntentStarted during UNKNOWN. Intent { act=android.intent.action.MAIN cat=[android.intent.category.LAUNCHER] flg=0x10000000 cmp=com.example.dogglers/androidx.test.core.app.InstrumentationActivityInvoker$EmptyActivity }
06-21 15:14:07.675  1705  1869 D EventSequenceValidator: java.lang.Throwable: EventSequenceValidator#getStackTrace
06-21 15:14:07.675  1705  1869 D EventSequenceValidator: 	at com.google.android.startop.iorap.EventSequenceValidator.logWarningWithStackTrace(EventSequenceValidator.java:260)
06-21 15:14:07.675  1705  1869 D EventSequenceValidator: 	at com.google.android.startop.iorap.EventSequenceValidator.onIntentStarted(EventSequenceValidator.java:106)
06-21 15:14:07.675  1705  1869 D EventSequenceValidator: 	at com.android.server.wm.LaunchObserverRegistryImpl.handleOnIntentStarted(LaunchObserverRegistryImpl.java:139)
06-21 15:14:07.675  1705  1869 D EventSequenceValidator: 	at com.android.server.wm.LaunchObserverRegistryImpl.lambda$veRn_GhgLZLlOHOJ0ZYT6KcfYqo(Unknown Source:0)
06-21 15:14:07.675  1705  1869 D EventSequenceValidator: 	at com.android.server.wm.-$$Lambda$LaunchObserverRegistryImpl$veRn_GhgLZLlOHOJ0ZYT6KcfYqo.accept(Unknown Source:10)
