06-21 15:14:06.884   972  1014 I ANDR-PERF-LM: WQ: pop() 42: LMTriggerQ pop() done size=0
06-21 15:14:06.884   972  1014 I ANDR-PERF-LM: Core: lmMain() 381: Calling runAsync for GameOptimization
06-21 15:14:06.884   972  1014 D ANDR-PERF-LM: Feature: lookup() 101: Feature Name = AppClassifier, total featuers = 3, featureFound = 1
06-21 15:14:06.884   972  1014 D ANDR-PERF-LM: Feature: getData() 112: data.data = 0
06-21 15:14:06.884   972  1014 I ANDR-PERF-LM: Core: lmMain() 391: runAsync for GameOptimization returned
06-21 15:14:06.884   972  1014 I ANDR-PERF-LM: Core: lmMain() 373: Waiting on trigger Queue
06-21 15:14:06.884   972  1014 I ANDR-PERF-LM: WQ: pop() 31: LMTriggerQ pop() size=0
06-21 15:14:06.885   982 10464 I vendor.qti.hardware.servicetracker@1.2-service: Activity state is changed to : 2
06-21 15:14:06.886   972   972 I ANDR-PERF-LM: LMPerfGlue: perfmodule_submit_request() 132: perfmodule_submit_request()
06-21 15:14:06.886   972   972 I ANDR-PERF-LM: Core: getInstance() 84: LM getInstance
06-21 15:14:06.886   972   972 I ANDR-PERF-LM: WQ: push() 59: LMTriggerQ push() size=0
06-21 15:14:06.886   972   972 I ANDR-PERF-LM: WQ: push() 61: LMTriggerQ push() done size=1
06-21 15:14:06.886   972  1014 I ANDR-PERF-LM: WQ: pop() 42: LMTriggerQ pop() done size=0
06-21 15:14:06.886   972  1014 I ANDR-PERF-LM: Core: lmMain() 381: Calling runAsync for AdaptLaunch
06-21 15:14:06.887   972  1014 I ANDR-PERF-LM: MetaMeter: isValidAsync() 194: AsyncInfo: hintID = 4225
06-21 15:14:06.887   972  1014 I ANDR-PERF-LM: hintType: 102
06-21 15:14:06.887   972  1014 I ANDR-PERF-LM: isPrimary = 0
06-21 15:14:06.887   972  1014 I ANDR-PERF-LM: MetaMeter: isValidAsync() 203: Invalid (hintID,hintType,appName,duration,appPID,appThreadTID) = (4225, 102,com.example.dogglers,19732,1705,2475)
06-21 15:14:06.887   972  1014 E ANDR-PERF-LM: MetaMeter: handleAsync() 164: AdaptLaunch Invalid Async
06-21 15:14:06.887   972  1014 I ANDR-PERF-LM: Core: lmMain() 391: runAsync for AdaptLaunch returned
06-21 15:14:06.887   972  1014 I ANDR-PERF-LM: Core: lmMain() 373: Waiting on trigger Queue
06-21 15:14:06.887   972  1014 I ANDR-PERF-LM: WQ: pop() 31: LMTriggerQ pop() size=0
06-21 15:14:06.888  1705  2475 D CompatibilityInfo: mCompatibilityFlags - 0
06-21 15:14:06.888  1705  2475 D CompatibilityInfo: applicationDensity - 440
06-21 15:14:06.888  1705  2475 D CompatibilityInfo: applicationScale - 1.0
06-21 15:14:06.889   982 10464 I vendor.qti.hardware.servicetracker@1.2-service: Activity state is changed to : 2
06-21 15:14:06.889   982 10464 I vendor.qti.hardware.servicetracker@1.2-service: Activity state is changed to : 2
06-21 15:14:06.897  7791  7791 I adbd    : New TLS connection [fd=30]
06-21 15:14:06.898  7791 19819 I adbd    : host-30: write thread spawning
06-21 15:14:06.904  7791 19818 I adbd    : host-30: read thread spawning
06-21 15:14:06.904  7791 19818 I adbd    : host-30: read failed: Success
06-21 15:14:06.904  7791 19818 I adbd    : host-30: connection terminated: read failed
06-21 15:14:06.904  7791  7791 I adbd    : host-30: already offline
06-21 15:14:06.904  7791  7791 I adbd    : destroying transport host-30
06-21 15:14:06.904  7791  7791 I adbd    : BlockingConnectionAdapter(host-30): stopping
06-21 15:14:06.905  7791  7791 I adbd    : BlockingConnectionAdapter(host-30): stopped
06-21 15:14:06.905  7791  7791 I adbd    : BlockingConnectionAdapter(host-30): destructing
06-21 15:14:06.905  7791  7791 I adbd    : BlockingConnectionAdapter(host-30): already stopped
06-21 15:14:06.907  7791  7791 I adbd    : New TLS connection [fd=30]
06-21 15:14:06.911  7791  7791 I adbd    : New TLS connection [fd=31]
06-21 15:14:06.912  7791 19824 I adbd    : host-31: read thread spawning
06-21 15:14:06.912  7791 19825 I adbd    : host-31: write thread spawning
06-21 15:14:06.912  7791 19824 I adbd    : host-31: read failed: Success
06-21 15:14:06.912  7791 19824 I adbd    : host-31: connection terminated: read failed
06-21 15:14:06.912  7791  7791 I adbd    : host-31: already offline
06-21 15:14:06.912  7791  7791 I adbd    : destroying transport host-31
06-21 15:14:06.912  7791  7791 I adbd    : BlockingConnectionAdapter(host-31): stopping
06-21 15:14:06.915  7791  7791 I adbd    : BlockingConnectionAdapter(host-31): stopped
06-21 15:14:06.915  7791 19822 I adbd    : host-30: write thread spawning
06-21 15:14:06.915  7791 19821 I adbd    : host-30: read thread spawning
06-21 15:14:06.915  7791 19821 I adbd    : host-30: read failed: Success
06-21 15:14:06.915  7791 19821 I adbd    : host-30: connection terminated: read failed
06-21 15:14:06.915  7791  7791 I adbd    : New TLS connection [fd=31]
06-21 15:14:06.915  7791  7791 I adbd    : BlockingConnectionAdapter(): destructing
06-21 15:14:06.915  7791  7791 I adbd    : BlockingConnectionAdapter(): not started
06-21 15:14:06.915  7791  7791 I adbd    : host-30: already offline
06-21 15:14:06.915  7791  7791 I adbd    : destroying transport host-30
06-21 15:14:06.915  7791  7791 I adbd    : BlockingConnectionAdapter(host-30): stopping
06-21 15:14:06.918  7791  7791 I adbd    : BlockingConnectionAdapter(host-30): stopped
06-21 15:14:06.918  7791  7791 I adbd    : BlockingConnectionAdapter(host-31): destructing
06-21 15:14:06.918  7791  7791 I adbd    : BlockingConnectionAdapter(host-31): already stopped
06-21 15:14:06.919  7791  7791 I adbd    : BlockingConnectionAdapter(host-30): destructing
06-21 15:14:06.919  7791  7791 I adbd    : BlockingConnectionAdapter(host-30): already stopped
06-21 15:14:06.920  7791  7791 I adbd    : New TLS connection [fd=30]
06-21 15:14:06.922 18990 19023 I BugleRcsEngine: [239491] aoap.b: SystemBindingManager: force P/H Flag update scheduled and start updateBinding
06-21 15:14:06.923 18990 19023 I Bugle   : RcsAvailabilityUtilForProvisioningEngineV2: onCsLibPhenotypeUpdated
06-21 15:14:06.924 18990 19023 I BugleRcsProvisioning: RcsProvisioningTrigger: onCsLibPhenotypeUpdated, enableProvisioningTaskInBugle = true
06-21 15:14:06.925 18990 19023 I BugleRcsProvisioning: RcsProvisioningTrigger: updateRcsAvailability : hint = CSLIB_PHENOTYPE_UPDATE
06-21 15:14:06.926   982 10464 I vendor.qti.hardware.servicetracker@1.2-service: Activity state is changed to : 5
06-21 15:14:06.926   982 10464 I vendor.qti.hardware.servicetracker@1.2-service: Activity state is changed to : 5
06-21 15:14:06.926 18990 19381 I BugleRcsEngine: [239524] ayip.b: Using MCC based URL
06-21 15:14:06.920  7791 19827 I adbd    : host-30: write thread spawning
06-21 15:14:06.929  7791 19826 I adbd    : host-30: read thread spawning
06-21 15:14:06.930  6642  7060 I DisplayFrameSetting: homeToAppEnd pkg=com.example.dogglers
06-21 15:14:06.930  7791 19826 I adbd    : host-30: read failed: Success
06-21 15:14:06.930  7791 19826 I adbd    : host-30: connection terminated: read failed
06-21 15:14:06.931  7791  7791 I adbd    : host-30: already offline
06-21 15:14:06.931  7791  7791 I adbd    : destroying transport host-30
06-21 15:14:06.931  7791  7791 I adbd    : BlockingConnectionAdapter(host-30): stopping
06-21 15:14:06.931 24840 25110 D GestureStubView: gatherTransparentRegion: need render w:54  h:1440
06-21 15:14:06.931 13977 14087 I CarrierServices: [170696] cxp.b: Using MCC based URL
06-21 15:14:06.931  7791  7791 I adbd    : BlockingConnectionAdapter(host-30): stopped
06-21 15:14:06.931  7791  7791 I adbd    : BlockingConnectionAdapter(host-30): destructing
06-21 15:14:06.931  7791  7791 I adbd    : BlockingConnectionAdapter(host-30): already stopped
06-21 15:14:06.932 10194 10237 D MiuiPhoneStatusBarPolicy: updateManagedProfile: secondSpace = false
06-21 15:14:06.932 18990 19023 I Bugle   : RcsAvailabilityUtilForProvisioningEngineV2: updateAvailabilityAsync, hint: CSLIB_PHENOTYPE_UPDATE
06-21 15:14:06.932 18990 19023 I Bugle   : RcsAvailabilityUtilForProvisioningEngineV2: swapAvailabilityUpdater, provisioningTaskInBugle: true, activeRcsAvailabilityUpdater: ahew
06-21 15:14:06.933 19732 19732 D LifecycleMonitor: Lifecycle status change: com.example.dogglers.VerticalListActivity@9a75a63 in: PRE_ON_CREATE
06-21 15:14:06.933 19732 19732 V ActivityScenario: Activity lifecycle changed event received but ignored because the reported transition was not ON_CREATE while the last known transition was PRE_ON_CREATE
06-21 15:14:06.933 18990 19023 I BugleRcsProvisioning: RcsAvailabilityUpdaterLocal: updateAvailabilityAsync: scheduling updateRcsAvailability call, hint: CSLIB_PHENOTYPE_UPDATE, enableWelcomePopupWithoutGoogleTos: false, reshowSuccessPopup: false
06-21 15:14:06.935 18990 19024 I BugleRcsEngine: [239492] axeq.l: Reinitialize CSLib Flags: com.google.android.ims.library
06-21 15:14:06.935  7791  7791 I adbd    : New TLS connection [fd=30]
06-21 15:14:06.935 18990 19024 I BugleRcsEngine: [239492] axeq.l: Reinitialize CSLib Flags: com.google.android.ims.library
06-21 15:14:06.936  7791 19829 I adbd    : host-30: write thread spawning
06-21 15:14:06.938 18990 19023 W BugleRcsEngine: [239491] axxd.b: [SR]: Single Registration is disabled. Skipping Single Registration capability check for subId: 1
06-21 15:14:06.939 18990 19023 I BugleRcsProvisioning: RcsProvisioningTrigger: DR is active, initializing DR provisioning. DUAL_REG
06-21 15:14:06.939 18990 19023 W BugleRcsEngine: [239491] axxd.b: [SR]: Single Registration is disabled. Skipping Single Registration capability check for subId: 1
06-21 15:14:06.940 18990 19023 E TraceManager: Duplicate trace
06-21 15:14:06.940 18990 19023 E TraceManager: bohm: Starting new trace SharedStorageProvider#call when already associated with a trace. For more help, see http://go/tiktok-tracing#fixing-duplicate-trace-issues
06-21 15:14:06.940 18990 19023 E TraceManager: 	at bolb.g(PG:6)
06-21 15:14:06.940 18990 19023 E TraceManager: 	at bolb.c(PG:2)
06-21 15:14:06.940 18990 19023 E TraceManager: 	at bolb.b(PG:2)
06-21 15:14:06.940 18990 19023 E TraceManager: 	at boko.j(PG:1)
06-21 15:14:06.940 18990 19023 E TraceManager: 	at acgt.call(PG:7)
06-21 15:14:06.940 18990 19023 E TraceManager: 	at android.content.ContentProvider.call(ContentProvider.java:2471)
06-21 15:14:06.940 18990 19023 E TraceManager: 	at acfh.call(PG:2)
06-21 15:14:06.940 18990 19023 E TraceManager: 	at android.content.ContentProvider$Transport.call(ContentProvider.java:517)
06-21 15:14:06.940 18990 19023 E TraceManager: 	at android.content.ContentResolver.call(ContentResolver.java:2433)
06-21 15:14:06.940 18990 19023 E TraceManager: 	at android.content.ContentResolver.call(ContentResolver.java:2413)
06-21 15:14:06.940 18990 19023 E TraceManager: 	at azbb.h(PG:9)
06-21 15:14:06.940 18990 19023 E TraceManager: 	at azbb.k(PG:3)
06-21 15:14:06.940 18990 19023 E TraceManager: 	at azaz.b(PG:1)
06-21 15:14:06.940 18990 19023 E TraceManager: 	at ayhc.d(PG:2)
06-21 15:14:06.940 18990 19023 E TraceManager: 	at sfv.run(PG:10)
06-21 15:14:06.940 18990 19023 E TraceManager: 	at bolm.run(PG:2)
06-21 15:14:06.940 18990 19023 E TraceManager: 	at java.util.concurrent.Executors$RunnableAdapter.call(Executors.java:462)
06-21 15:14:06.940 18990 19023 E TraceManager: 	at bsyf.a(PG:1)
06-21 15:14:06.940 18990 19023 E TraceManager: 	at bsxh.run(PG:4)
06-21 15:14:06.940 18990 19023 E TraceManager: 	at bsyg.run(PG:1)
06-21 15:14:06.940 18990 19023 E TraceManager: 	at bcwb.run(PG:1)
06-21 15:14:06.940 18990 19023 E TraceManager: 	at java.util.concurrent.ThreadPoolExecutor.runWorker(ThreadPoolExecutor.java:1167)
06-21 15:14:06.940 18990 19023 E TraceManager: 	at java.util.concurrent.ThreadPoolExecutor$Worker.run(ThreadPoolExecutor.java:641)
06-21 15:14:06.940 18990 19023 E TraceManager: 	at bcvf.run(PG:2)
06-21 15:14:06.940 18990 19023 E TraceManager: 	at bcvm.run(PG:4)
06-21 15:14:06.940 18990 19023 E TraceManager: 	at java.lang.Thread.run(Thread.java:923)
06-21 15:14:06.940 18990 19023 E TraceManager: 	Suppressed: bomf:
06-21 15:14:06.940 18990 19023 E TraceManager: 		at tk_trace.PhenotypeHelper#onCsLibPhenotypeChanged(Unknown Source:0)
06-21 15:14:06.940 18990 19023 E TraceManager: 		at tk_trace.PhenotypeHelper#registerCsLibPhenotype(Unknown Source:0)
06-21 15:14:06.940 18990 19023 E TraceManager: 		at tk_trace.SimChangeReceiver Receive broadcast(Unknown Source:0)
06-21 15:14:06.943 18990 19023 I BugleRcsEngine: [239491] sfx.k: Scheduled provisioning task with 0 seconds delay, KEEP policy
06-21 15:14:06.945 18990 19027 I BugleRcsEngine: [239494] awok.run: SystemBindingManager: SystemBinding enabled: true
06-21 15:14:06.945 18990 19027 I BugleRcsEngine: [239494] awol.b: System Binding updated
06-21 15:14:06.946 18990 19094 I BugleRcsEngine: [239510] ayip.b: Using MCC based URL
06-21 15:14:06.949  1705  2318 I MiuiNetworkPolicy: updateUidState uid = 10186, uidState = 5
06-21 15:14:06.949  1705  2318 I MiuiNetworkPolicy: updateUidState uid = 10095, uidState = 5
06-21 15:14:06.949 15582 15627 I BtGatt.ScanManager: msg.what = 6
06-21 15:14:06.952 19732 19732 D DecorView[]: getWindowModeFromSystem  windowmode is 1
06-21 15:14:06.952 19732 19732 D DecorView: createDecorCaptionView windowingMode:1 mWindowMode 1 isFullscreen: true
06-21 15:14:06.954  7791 19828 I adbd    : host-30: read thread spawning
06-21 15:14:06.955  7791 19828 I adbd    : host-30: read failed: Success
06-21 15:14:06.955  7791 19828 I adbd    : host-30: connection terminated: read failed
06-21 15:14:06.955  7791  7791 I adbd    : host-30: already offline
06-21 15:14:06.955  7791  7791 I adbd    : destroying transport host-30
06-21 15:14:06.955  7791  7791 I adbd    : BlockingConnectionAdapter(host-30): stopping
06-21 15:14:06.958  7791  7791 I adbd    : BlockingConnectionAdapter(host-30): stopped
06-21 15:14:06.958  7791  7791 I adbd    : BlockingConnectionAdapter(host-30): destructing
06-21 15:14:06.958  7791  7791 I adbd    : BlockingConnectionAdapter(host-30): already stopped
06-21 15:14:06.958   982 10464 I vendor.qti.hardware.servicetracker@1.2-service: bindService is called for service : com.xiaomi.discover/com.xiaomi.market.data.AppDownloadService and for client com.mi.android.globallauncher
06-21 15:14:06.958   982 10464 I vendor.qti.hardware.servicetracker@1.2-service: total connections for service : com.xiaomi.discover/com.xiaomi.market.data.AppDownloadServiceare :1
06-21 15:14:06.958   982 10464 I vendor.qti.hardware.servicetracker@1.2-service: total connections for client : com.mi.android.globallauncherare :3
06-21 15:14:06.959 18990 19021 W BugleRcsEngine: [239490] axxd.b: [SR]: Single Registration is disabled. Skipping Single Registration capability check for subId: 1
06-21 15:14:06.960 13977 14087 I CarrierServices: [170696] cpt.u: ProvisioningEngineManager: onCsLibPhenotypeUpdated, provisioningTaskInBugleEnabled = true, currentProvisioningStrategy = cty
06-21 15:14:06.961  1705  4473 D CompatibilityInfo: mCompatibilityFlags - 0
06-21 15:14:06.961  1705  4473 D CompatibilityInfo: applicationDensity - 440
06-21 15:14:06.961  1705  4473 D CompatibilityInfo: applicationScale - 1.0
06-21 15:14:06.962   982 10464 I vendor.qti.hardware.servicetracker@1.2-service: startService() is called for servicecom.xiaomi.discover/com.xiaomi.market.data.AppDownloadService
06-21 15:14:06.963  1705  2318 I MiuiNetworkPolicy: updateUidState uid = 10125, uidState = 5
06-21 15:14:06.970 18990 19024 I BugleRcsEngine: [239492] axeq.l: Reinitialize CSLib Flags: com.google.android.ims.library
06-21 15:14:06.971 18990 19024 I BugleRcsEngine: [239492] axeq.l: Reinitialize CSLib Flags: com.google.android.ims.library
06-21 15:14:06.974   982 10464 I vendor.qti.hardware.servicetracker@1.2-service: bindService is called for service : com.google.android.gms/.chimera.PersistentDirectBootAwareApiService and for client com.google.android.ims
06-21 15:14:06.974   982 10464 I vendor.qti.hardware.servicetracker@1.2-service: total connections for service : com.google.android.gms/.chimera.PersistentDirectBootAwareApiServiceare :10
06-21 15:14:06.974   982 10464 I vendor.qti.hardware.servicetracker@1.2-service: total connections for client : com.google.android.imsare :1
06-21 15:14:06.974 18990 19021 E TraceManager: Duplicate trace
06-21 15:14:06.974 18990 19021 E TraceManager: bohm: Starting new trace SharedStorageProvider#call when already associated with a trace. For more help, see http://go/tiktok-tracing#fixing-duplicate-trace-issues
06-21 15:14:06.974 18990 19021 E TraceManager: 	at bolb.g(PG:6)
06-21 15:14:06.974 18990 19021 E TraceManager: 	at bolb.c(PG:2)
06-21 15:14:06.974 18990 19021 E TraceManager: 	at bolb.b(PG:2)
06-21 15:14:06.974 18990 19021 E TraceManager: 	at boko.j(PG:1)
06-21 15:14:06.974 18990 19021 E TraceManager: 	at acgt.call(PG:7)
06-21 15:14:06.974 18990 19021 E TraceManager: 	at android.content.ContentProvider.call(ContentProvider.java:2471)
06-21 15:14:06.974 18990 19021 E TraceManager: 	at acfh.call(PG:2)
06-21 15:14:06.974 18990 19021 E TraceManager: 	at android.content.ContentProvider$Transport.call(ContentProvider.java:517)
06-21 15:14:06.974 18990 19021 E TraceManager: 	at android.content.ContentResolver.call(ContentResolver.java:2433)
06-21 15:14:06.974 18990 19021 E TraceManager: 	at android.content.ContentResolver.call(ContentResolver.java:2413)
06-21 15:14:06.974 18990 19021 E TraceManager: 	at azbb.h(PG:9)
06-21 15:14:06.974 18990 19021 E TraceManager: 	at azbb.k(PG:3)
06-21 15:14:06.974 18990 19021 E TraceManager: 	at azaz.b(PG:1)
06-21 15:14:06.974 18990 19021 E TraceManager: 	at ayhc.d(PG:2)
06-21 15:14:06.974 18990 19021 E TraceManager: 	at ayhc.E(PG:1)
06-21 15:14:06.974 18990 19021 E TraceManager: 	at ahew.j(PG:25)
06-21 15:14:06.974 18990 19021 E TraceManager: 	at ahew.i(PG:1)
06-21 15:14:06.974 18990 19021 E TraceManager: 	at ahes.run(Unknown Source:4)
06-21 15:14:06.974 18990 19021 E TraceManager: 	at bolm.run(PG:2)
06-21 15:14:06.974 18990 19021 E TraceManager: 	at java.util.concurrent.Executors$RunnableAdapter.call(Executors.java:462)
06-21 15:14:06.974 18990 19021 E TraceManager: 	at bsyf.a(PG:1)
06-21 15:14:06.974 18990 19021 E TraceManager: 	at bsxh.run(PG:4)
06-21 15:14:06.974 18990 19021 E TraceManager: 	at bsyg.run(PG:1)
06-21 15:14:06.974 18990 19021 E TraceManager: 	at bcwb.run(PG:1)
06-21 15:14:06.974 18990 19021 E TraceManager: 	at java.util.concurrent.ThreadPoolExecutor.runWorker(ThreadPoolExecutor.java:1167)
06-21 15:14:06.974 18990 19021 E TraceManager: 	at java.util.concurrent.ThreadPoolExecutor$Worker.run(ThreadPoolExecutor.java:641)
06-21 15:14:06.974 18990 19021 E TraceManager: 	at bcvf.run(PG:2)
06-21 15:14:06.974 18990 19021 E TraceManager: 	at bcvm.run(PG:4)
06-21 15:14:06.974 18990 19021 E TraceManager: 	at java.lang.Thread.run(Thread.java:923)
06-21 15:14:06.974 18990 19021 E TraceManager: 	Suppressed: bomf:
06-21 15:14:06.974 18990 19021 E TraceManager: 		at tk_trace.PhenotypeHelper#onCsLibPhenotypeChanged(Unknown Source:0)
06-21 15:14:06.974 18990 19021 E TraceManager: 		at tk_trace.PhenotypeHelper#registerCsLibPhenotype(Unknown Source:0)
06-21 15:14:06.974 18990 19021 E TraceManager: 		at tk_trace.SimChangeReceiver Receive broadcast(Unknown Source:0)
06-21 15:14:06.975 18990 19021 I BugleRcsProvisioning: RcsAvailabilityUpdaterLocal: [SR]: SingleRegistration configuration, singleRegistrationRcsConfigAvailableAndEnabled: false, simId: redacted-pii:sim_id[chars:20]
06-21 15:14:06.976 18990 19021 E TraceManager: Duplicate trace
06-21 15:14:06.976 18990 19021 E TraceManager: bohm: Starting new trace SharedStorageProvider#call when already associated with a trace. For more help, see http://go/tiktok-tracing#fixing-duplicate-trace-issues
06-21 15:14:06.976 18990 19021 E TraceManager: 	at bolb.g(PG:6)
06-21 15:14:06.976 18990 19021 E TraceManager: 	at bolb.c(PG:2)
06-21 15:14:06.976 18990 19021 E TraceManager: 	at bolb.b(PG:2)
06-21 15:14:06.976 18990 19021 E TraceManager: 	at boko.j(PG:1)
06-21 15:14:06.976 18990 19021 E TraceManager: 	at acgt.call(PG:7)
06-21 15:14:06.976 18990 19021 E TraceManager: 	at android.content.ContentProvider.call(ContentProvider.java:2471)
06-21 15:14:06.976 18990 19021 E TraceManager: 	at acfh.call(PG:2)
06-21 15:14:06.976 18990 19021 E TraceManager: 	at android.content.ContentProvider$Transport.call(ContentProvider.java:517)
06-21 15:14:06.976 18990 19021 E TraceManager: 	at android.content.ContentResolver.call(ContentResolver.java:2433)
06-21 15:14:06.976 18990 19021 E TraceManager: 	at android.content.ContentResolver.call(ContentResolver.java:2413)
06-21 15:14:06.976 18990 19021 E TraceManager: 	at azbb.h(PG:9)
06-21 15:14:06.976 18990 19021 E TraceManager: 	at azbb.k(PG:3)
06-21 15:14:06.976 18990 19021 E TraceManager: 	at azaz.b(PG:1)
06-21 15:14:06.976 18990 19021 E TraceManager: 	at ayhc.d(PG:2)
06-21 15:14:06.976 18990 19021 E TraceManager: 	at ayhc.D(PG:1)
06-21 15:14:06.976 18990 19021 E TraceManager: 	at ahew.j(PG:32)
06-21 15:14:06.976 18990 19021 E TraceManager: 	at ahew.i(PG:1)
06-21 15:14:06.976 18990 19021 E TraceManager: 	at ahes.run(Unknown Source:4)
06-21 15:14:06.976 18990 19021 E TraceManager: 	at bolm.run(PG:2)
06-21 15:14:06.976 18990 19021 E TraceManager: 	at java.util.concurrent.Executors$RunnableAdapter.call(Executors.java:462)
06-21 15:14:06.976 18990 19021 E TraceManager: 	at bsyf.a(PG:1)
06-21 15:14:06.976 18990 19021 E TraceManager: 	at bsxh.run(PG:4)
06-21 15:14:06.976 18990 19021 E TraceManager: 	at bsyg.run(PG:1)
06-21 15:14:06.976 18990 19021 E TraceManager: 	at bcwb.run(PG:1)
06-21 15:14:06.976 18990 19021 E TraceManager: 	at java.util.concurrent.ThreadPoolExecutor.runWorker(ThreadPoolExecutor.java:1167)
06-21 15:14:06.976 18990 19021 E TraceManager: 	at java.util.concurrent.ThreadPoolExecutor$Worker.run(ThreadPoolExecutor.java:641)
06-21 15:14:06.976 18990 19021 E TraceManager: 	at bcvf.run(PG:2)
06-21 15:14:06.976 18990 19021 E TraceManager: 	at bcvm.run(PG:4)
06-21 15:14:06.976 18990 19021 E TraceManager: 	at java.lang.Thread.run(Thread.java:923)
06-21 15:14:06.976 18990 19021 E TraceManager: 	Suppressed: bomf:
06-21 15:14:06.976 18990 19021 E TraceManager: 		at tk_trace.PhenotypeHelper#onCsLibPhenotypeChanged(Unknown Source:0)
06-21 15:14:06.976 18990 19021 E TraceManager: 		at tk_trace.PhenotypeHelper#registerCsLibPhenotype(Unknown Source:0)
06-21 15:14:06.976 18990 19021 E TraceManager: 		at tk_trace.SimChangeReceiver Receive broadcast(Unknown Source:0)
06-21 15:14:06.979 18990 19021 E TraceManager: Duplicate trace
06-21 15:14:06.979 18990 19021 E TraceManager: bohm: Starting new trace SharedStorageProvider#call when already associated with a trace. For more help, see http://go/tiktok-tracing#fixing-duplicate-trace-issues
06-21 15:14:06.979 18990 19021 E TraceManager: 	at bolb.g(PG:6)
06-21 15:14:06.979 18990 19021 E TraceManager: 	at bolb.c(PG:2)
06-21 15:14:06.979 18990 19021 E TraceManager: 	at bolb.b(PG:2)
06-21 15:14:06.979 18990 19021 E TraceManager: 	at boko.j(PG:1)
06-21 15:14:06.979 18990 19021 E TraceManager: 	at acgt.call(PG:7)
06-21 15:14:06.979 18990 19021 E TraceManager: 	at android.content.ContentProvider.call(ContentProvider.java:2471)
06-21 15:14:06.979 18990 19021 E TraceManager: 	at acfh.call(PG:2)
06-21 15:14:06.979 18990 19021 E TraceManager: 	at android.content.ContentProvider$Transport.call(ContentProvider.java:517)
06-21 15:14:06.979 18990 19021 E TraceManager: 	at android.content.ContentResolver.call(ContentResolver.java:2433)
06-21 15:14:06.979 18990 19021 E TraceManager: 	at android.content.ContentResolver.call(ContentResolver.java:2413)
06-21 15:14:06.979 18990 19021 E TraceManager: 	at azbb.h(PG:9)
06-21 15:14:06.979 18990 19021 E TraceManager: 	at azbb.k(PG:3)
06-21 15:14:06.979 18990 19021 E TraceManager: 	at azaz.b(PG:1)
06-21 15:14:06.979 18990 19021 E TraceManager: 	at ayhc.g(PG:2)
06-21 15:14:06.979 18990 19021 E TraceManager: 	at sfh.b(PG:1)
06-21 15:14:06.979 18990 19021 E TraceManager: 	at ayen.f(PG:4)
06-21 15:14:06.979 18990 19021 E TraceManager: 	at ayen.c(PG:1)
06-21 15:14:06.979 18990 19021 E TraceManager: 	at seq.a(PG:3)
06-21 15:14:06.979 18990 19021 E TraceManager: 	at ahew.j(PG:41)
06-21 15:14:06.979 18990 19021 E TraceManager: 	at ahew.i(PG:1)
06-21 15:14:06.979 18990 19021 E TraceManager: 	at ahes.run(Unknown Source:4)
06-21 15:14:06.979 18990 19021 E TraceManager: 	at bolm.run(PG:2)
06-21 15:14:06.979 18990 19021 E TraceManager: 	at java.util.concurrent.Executors$RunnableAdapter.call(Executors.java:462)
06-21 15:14:06.979 18990 19021 E TraceManager: 	at bsyf.a(PG:1)
06-21 15:14:06.979 18990 19021 E TraceManager: 	at bsxh.run(PG:4)
06-21 15:14:06.979 18990 19021 E TraceManager: 	at bsyg.run(PG:1)
06-21 15:14:06.979 18990 19021 E TraceManager: 	at bcwb.run(PG:1)
06-21 15:14:06.979 18990 19021 E TraceManager: 	at java.util.concurrent.ThreadPoolExecutor.runWorker(ThreadPoolExecutor.java:1167)
06-21 15:14:06.979 18990 19021 E TraceManager: 	at java.util.concurrent.ThreadPoolExecutor$Worker.run(ThreadPoolExecutor.java:641)
06-21 15:14:06.979 18990 19021 E TraceManager: 	at bcvf.run(PG:2)
06-21 15:14:06.979 18990 19021 E TraceManager: 	at bcvm.run(PG:4)
06-21 15:14:06.979 18990 19021 E TraceManager: 	at java.lang.Thread.run(Thread.java:923)
06-21 15:14:06.979 18990 19021 E TraceManager: 	Suppressed: bomf:
06-21 15:14:06.979 18990 19021 E TraceManager: 		at tk_trace.PhenotypeHelper#onCsLibPhenotypeChanged(Unknown Source:0)
06-21 15:14:06.979 18990 19021 E TraceManager: 		at tk_trace.PhenotypeHelper#registerCsLibPhenotype(Unknown Source:0)
06-21 15:14:06.979 18990 19021 E TraceManager: 		at tk_trace.SimChangeReceiver Receive broadcast(Unknown Source:0)
06-21 15:14:06.981 18990 19021 I BugleRcsProvisioning: RcsAvailabilityUpdaterLocal: Provisioning Engine subscription{id:1}, simId: redacted-pii:sim_id[chars:20], sipConnectionType: DUAL_REG
06-21 15:14:06.981 18990 19021 I BugleRcsProvisioning: RcsAvailabilityUpdaterLocal: updateRcsAvailability, currentAvailability: 7, newAvailability: 7, hint: CSLIB_PHENOTYPE_UPDATE
06-21 15:14:06.983 18990 19021 I BugleRcsProvisioning: RcsProvisioningTrigger: onRcsAvailabilityUpdate : availability is updated to RCS is setup, lastAvailability is RCS is setup, simId hash = 1154233526520896626, isPev3Enabled = true
06-21 15:14:06.991   982 10464 I vendor.qti.hardware.servicetracker@1.2-service: bindService is called for service : com.xiaomi.discover/com.xiaomi.market.data.AppDownloadService and for client com.mi.android.globallauncher
06-21 15:14:06.991   982 10464 I vendor.qti.hardware.servicetracker@1.2-service: total connections for service : com.xiaomi.discover/com.xiaomi.market.data.AppDownloadServiceare :1
06-21 15:14:06.991   982 10464 I vendor.qti.hardware.servicetracker@1.2-service: total connections for client : com.mi.android.globallauncherare :3
06-21 15:14:06.992 24840 25110 D GestureStubView: gatherTransparentRegion: need render w:54  h:1440
06-21 15:14:06.994 18990 19024 I BugleRcsEngine: [239492] axeq.l: Reinitialize CSLib Flags: com.google.android.ims.library
06-21 15:14:06.995 18990 19024 I BugleRcsEngine: [239492] axeq.l: Reinitialize CSLib Flags: com.google.android.ims.library
06-21 15:14:06.996 18990 19024 I BugleEtouffee: EtouffeeStateMachine: Ensuring state machine consistency
06-21 15:14:06.997   982 10464 I vendor.qti.hardware.servicetracker@1.2-service: Activity state is changed to : 6
06-21 15:14:06.999   982 10464 I vendor.qti.hardware.servicetracker@1.2-service: Activity state is changed to : 6
06-21 15:14:07.000 18990 19024 I BugleEtouffee: EtouffeeStateMachine: onRegistrationUpdate from Tachyon, previousState: REGISTERED_WITH_PREKEYS, newState: REGISTERED_WITH_PREKEYS, reason: STARTUP_ENSURE_CONSISTENCY
06-21 15:14:07.003 19732 19732 D LifecycleMonitor: Lifecycle status change: com.example.dogglers.VerticalListActivity@9a75a63 in: CREATED
06-21 15:14:07.005 19732 19732 V ActivityScenario: Update currentActivityStage to CREATED, currentActivity=com.example.dogglers.VerticalListActivity@9a75a63
06-21 15:14:07.008 18990 19023 I BugleEtouffee: EtouffeeStateMachine: E2EE provisioning state update, Previous Etouffee status: PROVISIONED, New Etouffee status: PROVISIONED
06-21 15:14:07.012 18990 19114 D StrictMode: StrictMode policy violation: android.os.strictmode.DiskReadViolation
06-21 15:14:07.012 18990 19114 D StrictMode: 	at android.os.StrictMode$AndroidBlockGuardPolicy.onReadFromDisk(StrictMode.java:1596)
06-21 15:14:07.012 18990 19114 D StrictMode: 	at libcore.io.BlockGuardOs.open(BlockGuardOs.java:249)
06-21 15:14:07.012 18990 19114 D StrictMode: 	at libcore.io.ForwardingOs.open(ForwardingOs.java:166)
06-21 15:14:07.012 18990 19114 D StrictMode: 	at android.app.ActivityThread$AndroidOs.open(ActivityThread.java:7775)
06-21 15:14:07.012 18990 19114 D StrictMode: 	at libcore.io.IoUtils.canOpenReadOnly(IoUtils.java:275)
06-21 15:14:07.012 18990 19114 D StrictMode: 	at dalvik.system.DexPathList$NativeLibraryElement.findNativeLibrary(DexPathList.java:884)
06-21 15:14:07.012 18990 19114 D StrictMode: 	at dalvik.system.DexPathList.findLibrary(DexPathList.java:595)
06-21 15:14:07.012 18990 19114 D StrictMode: 	at dalvik.system.BaseDexClassLoader.findLibrary(BaseDexClassLoader.java:281)
06-21 15:14:07.012 18990 19114 D StrictMode: 	at java.lang.Runtime.loadLibrary0(Runtime.java:1061)
06-21 15:14:07.012 18990 19114 D StrictMode: 	at java.lang.Runtime.loadLibrary0(Runtime.java:1008)
06-21 15:14:07.012 18990 19114 D StrictMode: 	at java.lang.System.loadLibrary(System.java:1664)
06-21 15:14:07.012 18990 19114 D StrictMode: 	at alqv.a(PG:1)
06-21 15:14:07.012 18990 19114 D StrictMode: 	at abio.<init>(PG:1)
06-21 15:14:07.012 18990 19114 D StrictMode: 	at ablm.a(PG:1)
06-21 15:14:07.012 18990 19114 D StrictMode: 	at ske.h(PG:72)
06-21 15:14:07.012 18990 19114 D StrictMode: 	at ske.b(PG:333)
06-21 15:14:07.012 18990 19114 D StrictMode: 	at bzaq.b(PG:1)
06-21 15:14:07.012 18990 19114 D StrictMode: 	at aayu.a(PG:6)
06-21 15:14:07.012 18990 19114 D StrictMode: 	at bolr.a(PG:2)
06-21 15:14:07.012 18990 19114 D StrictMode: 	at bstu.d(PG:2)
06-21 15:14:07.012 18990 19114 D StrictMode: 	at bstw.run(PG:9)
06-21 15:14:07.012 18990 19114 D StrictMode: 	at bcwb.run(PG:1)
06-21 15:14:07.012 18990 19114 D StrictMode: 	at java.util.concurrent.ThreadPoolExecutor.runWorker(ThreadPoolExecutor.java:1167)
06-21 15:14:07.012 18990 19114 D StrictMode: 	at java.util.concurrent.ThreadPoolExecutor$Worker.run(ThreadPoolExecutor.java:641)
06-21 15:14:07.012 18990 19114 D StrictMode: 	at bcvf.run(PG:2)
06-21 15:14:07.012 18990 19114 D StrictMode: 	at bcvm.run(PG:4)
06-21 15:14:07.012 18990 19114 D StrictMode: 	at java.lang.Thread.run(Thread.java:923)
06-21 15:14:07.013   982 10464 I vendor.qti.hardware.servicetracker@1.2-service: unbindService is called for service : com.xiaomi.discover/com.xiaomi.market.data.AppDownloadService and for client com.mi.android.globallauncher
06-21 15:14:07.013 18990 19114 D StrictMode: StrictMode policy violation: android.os.strictmode.DiskReadViolation
06-21 15:14:07.013 18990 19114 D StrictMode: 	at android.os.StrictMode$AndroidBlockGuardPolicy.onReadFromDisk(StrictMode.java:1596)
06-21 15:14:07.013 18990 19114 D StrictMode: 	at libcore.io.BlockGuardOs.open(BlockGuardOs.java:249)
06-21 15:14:07.013 18990 19114 D StrictMode: 	at libcore.io.ForwardingOs.open(ForwardingOs.java:166)
06-21 15:14:07.013 18990 19114 D StrictMode: 	at android.app.ActivityThread$AndroidOs.open(ActivityThread.java:7775)
06-21 15:14:07.013 18990 19114 D StrictMode: 	at libcore.io.IoUtils.canOpenReadOnly(IoUtils.java:275)
06-21 15:14:07.013 18990 19114 D StrictMode: 	at dalvik.system.DexPathList$NativeLibraryElement.findNativeLibrary(DexPathList.java:884)
06-21 15:14:07.013 18990 19114 D StrictMode: 	at dalvik.system.DexPathList.findLibrary(DexPathList.java:595)
06-21 15:14:07.013 18990 19114 D StrictMode: 	at dalvik.system.BaseDexClassLoader.findLibrary(BaseDexClassLoader.java:281)
06-21 15:14:07.013 18990 19114 D StrictMode: 	at java.lang.Runtime.loadLibrary0(Runtime.java:1061)
06-21 15:14:07.013 18990 19114 D StrictMode: 	at java.lang.Runtime.loadLibrary0(Runtime.java:1008)
06-21 15:14:07.013 18990 19114 D StrictMode: 	at java.lang.System.loadLibrary(System.java:1664)
06-21 15:14:07.013 18990 19114 D StrictMode: 	at alqv.a(PG:1)
06-21 15:14:07.013 18990 19114 D StrictMode: 	at abio.<init>(PG:1)
06-21 15:14:07.013 18990 19114 D StrictMode: 	at ablm.a(PG:1)
06-21 15:14:07.013 18990 19114 D StrictMode: 	at ske.h(PG:72)
06-21 15:14:07.013 18990 19114 D StrictMode: 	at ske.b(PG:333)
06-21 15:14:07.013 18990 19114 D StrictMode: 	at bzaq.b(PG:1)
06-21 15:14:07.013 18990 19114 D StrictMode: 	at aaxx.a(PG:4)
06-21 15:14:07.013 18990 19114 D StrictMode: 	at aayu.a(PG:8)
06-21 15:14:07.013 18990 19114 D StrictMode: 	at bolr.a(PG:2)
06-21 15:14:07.013 18990 19114 D StrictMode: 	at bstu.d(PG:2)
06-21 15:14:07.013 18990 19114 D StrictMode: 	at bstw.run(PG:9)
06-21 15:14:07.013 18990 19114 D StrictMode: 	at bcwb.run(PG:1)
06-21 15:14:07.013 18990 19114 D StrictMode: 	at java.util.concurrent.ThreadPoolExecutor.runWorker(ThreadPoolExecutor.java:1167)
06-21 15:14:07.013 18990 19114 D StrictMode: 	at java.util.concurrent.ThreadPoolExecutor$Worker.run(ThreadPoolExecutor.java:641)
06-21 15:14:07.013 18990 19114 D StrictMode: 	at bcvf.run(PG:2)
06-21 15:14:07.013 18990 19114 D StrictMode: 	at bcvm.run(PG:4)
06-21 15:14:07.013 18990 19114 D StrictMode: 	at java.lang.Thread.run(Thread.java:923)
06-21 15:14:07.021 18990 19031 I SqlStatement: executing sql stmt: SELECT count(*) FROM sqlite_master WHERE type='table' AND name = ?;
06-21 15:14:07.022 19732 19732 D LifecycleMonitor: Lifecycle status change: com.example.dogglers.VerticalListActivity@9a75a63 in: STARTED
06-21 15:14:07.022 18990 19037 I FirebaseApp: Device unlocked: initializing all Firebase APIs for app [DEFAULT]
06-21 15:14:07.024 19732 19732 V ActivityScenario: Update currentActivityStage to STARTED, currentActivity=com.example.dogglers.VerticalListActivity@9a75a63
06-21 15:14:07.025   982 10464 I vendor.qti.hardware.servicetracker@1.2-service: unbindService is called for service : com.xiaomi.discover/com.xiaomi.market.data.AppDownloadService and for client com.mi.android.globallauncher
06-21 15:14:07.025   982 10464 I vendor.qti.hardware.servicetracker@1.2-service: size of service connections for service: com.xiaomi.discover/com.xiaomi.market.data.AppDownloadServiceafter removal is 0
06-21 15:14:07.025   982 10464 I vendor.qti.hardware.servicetracker@1.2-service: size of client connections for client: com.mi.android.globallauncherafter removal is 2
06-21 15:14:07.031 19732 19732 D LifecycleMonitor: Lifecycle status change: com.example.dogglers.VerticalListActivity@9a75a63 in: RESUMED
06-21 15:14:07.033 19732 19732 V ActivityScenario: Update currentActivityStage to RESUMED, currentActivity=com.example.dogglers.VerticalListActivity@9a75a63
06-21 15:14:07.041   982 10464 I vendor.qti.hardware.servicetracker@1.2-service: destroyService is called for service : com.xiaomi.discover/com.xiaomi.market.data.AppDownloadService
06-21 15:14:07.042 18990 19031 I SqlStatement: executing sql stmt: SELECT schema_version FROM scytale_05c8a09795063362465d5a48048a079e999c14e00430b6022eb8097da220634203_db_configuration
06-21 15:14:07.046 18990 19031 I native  : I0000 00:00:1655842447.046751   19031 db_store.cc:98] Loading an existing database with version 14
06-21 15:14:07.047 18990 19031 I native  : I0000 00:00:1655842447.047033   19031 db_store.cc:504] Checking presence of tables, run_sqlite_master_schema_validation=true, run_per_table_schema_validation=true
06-21 15:14:07.048 18990 19031 I SqlStatement: executing sql stmt: select tbl_name from sqlite_master WHERE type='table' AND tbl_name LIKE ? ORDER BY name;
06-21 15:14:07.050 24840 24840 D RecentsImpl: mActivityStateObserver com.example.dogglers.VerticalListActivity
06-21 15:14:07.052 24840 25110 D GestureStubView: resetRenderProperty: showGestureStub
06-21 15:14:07.052 24840 25110 D GestureStubView: showGestureStub
06-21 15:14:07.053 24840 25110 D GestureStubView: resetRenderProperty: showGestureStub
06-21 15:14:07.053 24840 25110 D GestureStubView: showGestureStub
06-21 15:14:07.055  1705  2318 I MiuiNetworkPolicy: updateUidState uid = 10125, uidState = 10
06-21 15:14:07.058 18990 19031 I native  : I0000 00:00:1655842447.058848   19031 db_store.cc:415] Database schema, prefix=scytale_05c8a09795063362465d5a48048a079e999c14e00430b6022eb8097da220634203_
06-21 15:14:07.059 18990 19031 I SqlStatement: executing sql stmt: select sql from sqlite_master WHERE type='table' AND tbl_name LIKE ? ORDER BY name;
06-21 15:14:07.060  1705  2318 I MiuiNetworkPolicy: updateUidState uid = 10125, uidState = 19
06-21 15:14:07.062 18990 19031 I native  : I0000 00:00:1655842447.062772   19031 db_store.cc:436] Database schema=CREATE TABLE scytale_05c8a09795063362465d5a48048a079e999c14e00430b6022eb8097da220634203_db_configuration(single_row INTEGER NOT NULL DEFAULT 1,schema_version INTEGER NOT NULL,PRIMARY KEY(single_row) CHECK(single_row = 1))
06-21 15:14:07.063 18990 19031 I native  : I0000 00:00:1655842447.063007   19031 db_store.cc:436] Database schema=CREATE TABLE scytale_05c8a09795063362465d5a48048a079e999c14e00430b6022eb8097da220634203_identity_keys(device_id TEXT NOT NULL,identity_key BLOB NOT NULL,revision_timestamp_millis LONG NOT NULL DEFAULT(0),PRIMARY KEY(device_id) )
06-21 15:14:07.063 18990 19031 I native  : I0000 00:00:1655842447.063162   19031 db_store.cc:436] Database schema=CREATE TABLE scytale_05c8a09795063362465d5a48048a079e999c14e00430b6022eb8097da220634203_prekeys(key_id INTEGER NOT NULL,key_type INTEGER NOT NULL DEFAULT(0),prekey BLOB ,timestamp_millis LONG ,PRIMARY KEY(key_id) )
06-21 15:14:07.063 18990 19031 I native  : I0000 00:00:1655842447.063261   19031 db_store.cc:436] Database schema=CREATE TABLE scytale_05c8a09795063362465d5a48048a079e999c14e00430b6022eb8097da220634203_received_message_state(message_id TEXT NOT NULL,message_state INTEGER NOT NULL DEFAULT(0),insert_timestamp_millis LONG NOT NULL DEFAULT(0),PRIMARY KEY(message_id) )
06-21 15:14:07.063 18990 19031 I native  : I0000 00:00:1655842447.063342   19031 db_store.cc:436] Database schema=CREATE TABLE scytale_05c8a09795063362465d5a48048a079e999c14e00430b6022eb8097da220634203_sent_message_digests(message_id TEXT NOT NULL,device_id TEXT NOT NULL,message_digest BLOB NOT NULL,insert_timestamp_millis LONG NOT NULL DEFAULT(0),PRIMARY KEY(message_id, device_id) )
06-21 15:14:07.063 18990 19031 I native  : I0000 00:00:1655842447.063414   19031 db_store.cc:436] Database schema=CREATE TABLE scytale_05c8a09795063362465d5a48048a079e999c14e00430b6022eb8097da220634203_sessions(device_id TEXT NOT NULL DEFAULT(0),session BLOB ,PRIMARY KEY(device_id) )
06-21 15:14:07.066 24840 25110 D GestureStubView: gatherTransparentRegion: need render w:54  h:1440
06-21 15:14:07.067   982 10464 I vendor.qti.hardware.servicetracker@1.2-service: bindService is called for service : com.google.android.gms/.wearable.service.WearableService and for client com.google.android.apps.messaging
06-21 15:14:07.067   982 10464 I vendor.qti.hardware.servicetracker@1.2-service: total connections for service : com.google.android.gms/.wearable.service.WearableServiceare :1
06-21 15:14:07.067   982 10464 I vendor.qti.hardware.servicetracker@1.2-service: total connections for client : com.google.android.apps.messagingare :4
06-21 15:14:07.070 18990 19031 I BugleEtouffee: CryptoV2Provider: Base crypto created
06-21 15:14:07.071 18990 19031 I SqlStatement: executing sql stmt: SELECT `key_id` FROM `scytale_05c8a09795063362465d5a48048a079e999c14e00430b6022eb8097da220634203_prekeys` WHERE key_type = 0 LIMIT 1
06-21 15:14:07.074  1705  4473 D CompatibilityInfo: mCompatibilityFlags - 0
06-21 15:14:07.074  1705  4473 D CompatibilityInfo: applicationDensity - 440
06-21 15:14:07.074  1705  4473 D CompatibilityInfo: applicationScale - 1.0
06-21 15:14:07.075   982 10464 I vendor.qti.hardware.servicetracker@1.2-service: startService() is called for servicecom.google.android.gms/.wearable.service.WearableService
06-21 15:14:07.079 19257 19802 E PhenotypeCombinedFlags: Config package com.google.android.gms.phenotype cannot use PROCESS_STABLE backing without declarative registration. See go/phenotype-android-integration#phenotype for more information. This will lead to stale flags.
06-21 15:14:07.081 19257 19301 I Finsky  : [239524] pjk.h(7): Already at the latest configurations for experiment package com.google.android.finsky.stable.
06-21 15:14:07.081 19257 19301 I Finsky  : [239524] pjk.h(1): Triggered update for experiment package com.google.android.finsky.regular.
06-21 15:14:07.082 24840 25110 D GestureStubView: gatherTransparentRegion: need render w:54  h:1440
06-21 15:14:07.087 18990 19036 I BugleRcsProvisioning: RcsProvisioningTrigger: Schedule provisioning on app startup
06-21 15:14:07.088 18990 19036 W BugleRcsEngine: [239501] axxd.b: [SR]: Single Registration is disabled. Skipping Single Registration capability check for subId: 1
06-21 15:14:07.089 18990 19036 I BugleRcsProvisioning: RcsProvisioningTrigger: DR is active, initializing DR provisioning. DUAL_REG
06-21 15:14:07.090 18990 19036 W BugleRcsEngine: [239501] axxd.b: [SR]: Single Registration is disabled. Skipping Single Registration capability check for subId: 1
06-21 15:14:07.091 18990 19036 E TraceManager: Duplicate trace
06-21 15:14:07.091 18990 19036 E TraceManager: bohm: Starting new trace SharedStorageProvider#call when already associated with a trace. For more help, see http://go/tiktok-tracing#fixing-duplicate-trace-issues
06-21 15:14:07.091 18990 19036 E TraceManager: 	at bolb.g(PG:6)
06-21 15:14:07.091 18990 19036 E TraceManager: 	at bolb.c(PG:2)
06-21 15:14:07.091 18990 19036 E TraceManager: 	at bolb.b(PG:2)
06-21 15:14:07.091 18990 19036 E TraceManager: 	at boko.j(PG:1)
06-21 15:14:07.091 18990 19036 E TraceManager: 	at acgt.call(PG:7)
06-21 15:14:07.091 18990 19036 E TraceManager: 	at android.content.ContentProvider.call(ContentProvider.java:2471)
06-21 15:14:07.091 18990 19036 E TraceManager: 	at acfh.call(PG:2)
06-21 15:14:07.091 18990 19036 E TraceManager: 	at android.content.ContentProvider$Transport.call(ContentProvider.java:517)
06-21 15:14:07.091 18990 19036 E TraceManager: 	at android.content.ContentResolver.call(ContentResolver.java:2433)
06-21 15:14:07.091 18990 19036 E TraceManager: 	at android.content.ContentResolver.call(ContentResolver.java:2413)
06-21 15:14:07.091 18990 19036 E TraceManager: 	at azbb.h(PG:9)
06-21 15:14:07.091 18990 19036 E TraceManager: 	at azbb.k(PG:3)
06-21 15:14:07.091 18990 19036 E TraceManager: 	at azaz.b(PG:1)
06-21 15:14:07.091 18990 19036 E TraceManager: 	at ayhc.d(PG:2)
06-21 15:14:07.091 18990 19036 E TraceManager: 	at sfv.run(PG:10)
06-21 15:14:07.091 18990 19036 E TraceManager: 	at bolm.run(PG:2)
06-21 15:14:07.091 18990 19036 E TraceManager: 	at java.util.concurrent.Executors$RunnableAdapter.call(Executors.java:462)
06-21 15:14:07.091 18990 19036 E TraceManager: 	at bsyf.a(PG:1)
06-21 15:14:07.091 18990 19036 E TraceManager: 	at bsxh.run(PG:4)
06-21 15:14:07.091 18990 19036 E TraceManager: 	at bsyg.run(PG:1)
06-21 15:14:07.091 18990 19036 E TraceManager: 	at bcwb.run(PG:1)
06-21 15:14:07.091 18990 19036 E TraceManager: 	at java.util.concurrent.ThreadPoolExecutor.runWorker(ThreadPoolExecutor.java:1167)
06-21 15:14:07.091 18990 19036 E TraceManager: 	at java.util.concurrent.ThreadPoolExecutor$Worker.run(ThreadPoolExecutor.java:641)
06-21 15:14:07.091 18990 19036 E TraceManager: 	at bcvf.run(PG:2)
06-21 15:14:07.091 18990 19036 E TraceManager: 	at bcvm.run(PG:4)
06-21 15:14:07.091 18990 19036 E TraceManager: 	at java.lang.Thread.run(Thread.java:923)
06-21 15:14:07.091 18990 19036 E TraceManager: 	Suppressed: bomf:
06-21 15:14:07.091 18990 19036 E TraceManager: 		at tk_trace.RcsProvisioningStartupTask(Unknown Source:0)
06-21 15:14:07.091 18990 19036 E TraceManager: 		at tk_trace.StartupHandlerImpl#onAppInteractiveInternal(Unknown Source:0)
06-21 15:14:07.091 18990 19036 E TraceManager: 		at tk_trace.StartupHandlerImpl App Interactive Delay Timer Fired(Unknown Source:0)
06-21 15:14:07.092 18990 19024 I BugleNetwork: Startup: registering tachyon.
06-21 15:14:07.104 18990 19024 I BugleNetwork: Startup: registering tachyon for phone.
06-21 15:14:07.111 18990 19036 I BugleRcsEngine: [239501] sfx.k: Scheduled provisioning task with 0 seconds delay, KEEP policy
06-21 15:14:07.117 18990 19094 E TraceManager: Duplicate trace
06-21 15:14:07.117 18990 19094 E TraceManager: bohm: Starting new trace SharedStorageProvider#call when already associated with a trace. For more help, see http://go/tiktok-tracing#fixing-duplicate-trace-issues
06-21 15:14:07.117 18990 19094 E TraceManager: 	at bolb.g(PG:6)
06-21 15:14:07.117 18990 19094 E TraceManager: 	at bolb.c(PG:2)
06-21 15:14:07.117 18990 19094 E TraceManager: 	at bolb.b(PG:2)
06-21 15:14:07.117 18990 19094 E TraceManager: 	at boko.j(PG:1)
06-21 15:14:07.117 18990 19094 E TraceManager: 	at acgt.call(PG:7)
06-21 15:14:07.117 18990 19094 E TraceManager: 	at android.content.ContentProvider.call(ContentProvider.java:2471)
06-21 15:14:07.117 18990 19094 E TraceManager: 	at acfh.call(PG:2)
06-21 15:14:07.117 18990 19094 E TraceManager: 	at android.content.ContentProvider$Transport.call(ContentProvider.java:517)
06-21 15:14:07.117 18990 19094 E TraceManager: 	at android.content.ContentResolver.call(ContentResolver.java:2433)
06-21 15:14:07.117 18990 19094 E TraceManager: 	at android.content.ContentResolver.call(ContentResolver.java:2413)
06-21 15:14:07.117 18990 19094 E TraceManager: 	at azbb.h(PG:9)
06-21 15:14:07.117 18990 19094 E TraceManager: 	at azbb.k(PG:3)
06-21 15:14:07.117 18990 19094 E TraceManager: 	at azaz.b(PG:1)
06-21 15:14:07.117 18990 19094 E TraceManager: 	at ahdw.aE(PG:5)
06-21 15:14:07.117 18990 19094 E TraceManager: 	at ahdw.K(PG:2)
06-21 15:14:07.117 18990 19094 E TraceManager: 	at afom.e(PG:1)
06-21 15:14:07.117 18990 19094 E TraceManager: 	at afqp.call(Unknown Source:2)
06-21 15:14:07.117 18990 19094 E TraceManager: 	at bonj.a(PG:1)
06-21 15:14:07.117 18990 19094 E TraceManager: 	at bolp.a(PG:2)
06-21 15:14:07.117 18990 19094 E TraceManager: 	at bsye.a(PG:1)
06-21 15:14:07.117 18990 19094 E TraceManager: 	at bsxh.run(PG:4)
06-21 15:14:07.117 18990 19094 E TraceManager: 	at bsyg.run(PG:1)
06-21 15:14:07.117 18990 19094 E TraceManager: 	at bcwb.run(PG:1)
06-21 15:14:07.117 18990 19094 E TraceManager: 	at java.util.concurrent.ThreadPoolExecutor.runWorker(ThreadPoolExecutor.java:1167)
06-21 15:14:07.117 18990 19094 E TraceManager: 	at java.util.concurrent.ThreadPoolExecutor$Worker.run(ThreadPoolExecutor.java:641)
06-21 15:14:07.117 18990 19094 E TraceManager: 	at bcvd.run(PG:2)
06-21 15:14:07.117 18990 19094 E TraceManager: 	at bcvm.run(PG:4)
06-21 15:14:07.117 18990 19094 E TraceManager: 	at java.lang.Thread.run(Thread.java:923)
06-21 15:14:07.117 18990 19094 E TraceManager: 	Suppressed: bomf:
06-21 15:14:07.117 18990 19094 E TraceManager: 		at tk_trace.TachyonBackgroundStartupTask(Unknown Source:0)
06-21 15:14:07.117 18990 19094 E TraceManager: 		at tk_trace.StartupHandlerImpl#onAppInteractiveInternal(Unknown Source:0)
06-21 15:14:07.117 18990 19094 E TraceManager: 		at tk_trace.StartupHandlerImpl App Interactive Delay Timer Fired(Unknown Source:0)
06-21 15:14:07.126   982 10464 I vendor.qti.hardware.servicetracker@1.2-service: bindService is called for service : com.google.android.gms/com.google.android.location.internal.GoogleLocationManagerService and for client com.google.android.apps.messaging
06-21 15:14:07.127   982 10464 I vendor.qti.hardware.servicetracker@1.2-service: total connections for service : com.google.android.gms/com.google.android.location.internal.GoogleLocationManagerServiceare :8
06-21 15:14:07.127   982 10464 I vendor.qti.hardware.servicetracker@1.2-service: total connections for client : com.google.android.apps.messagingare :5
06-21 15:14:07.130 18990 19094 I BugleRcsEngine: [239510] axeq.l: Reinitialize CSLib Flags: com.google.android.ims.library
06-21 15:14:07.137 18990 19094 I BugleRcsEngine: [239510] axeq.l: Reinitialize CSLib Flags: com.google.android.ims.library
06-21 15:14:07.142 19257 19802 E PhenotypeCombinedFlags: Config package com.google.android.gms.phenotype cannot use PROCESS_STABLE backing without declarative registration. See go/phenotype-android-integration#phenotype for more information. This will lead to stale flags.
06-21 15:14:07.151 18990 19094 I BugleRcsEngine: [239510] axeq.l: Reinitialize CSLib Flags: com.google.android.ims.library
06-21 15:14:07.152 18990 19094 I BugleRcsEngine: [239510] axeq.l: Reinitialize CSLib Flags: com.google.android.ims.library
06-21 15:14:07.154 18990 19381 I BugleMDD: MddBackgroundStartupTask: Scheduled MDD periodic tasks.
06-21 15:14:07.164 18990 19094 I BugleRcsEngine: [239510] axeq.l: Reinitialize CSLib Flags: com.google.android.ims.library
06-21 15:14:07.165 18990 19094 I BugleRcsEngine: [239510] axeq.l: Reinitialize CSLib Flags: com.google.android.ims.library
06-21 15:14:07.166 18990 19103 I BugleNetwork: TachyonPhoneRegistration: Ensuring Tachyon phone registration
06-21 15:14:07.172 18990 19035 E TraceManager: Duplicate trace
06-21 15:14:07.172 18990 19035 E TraceManager: bohm: Starting new trace SharedStorageProvider#call when already associated with a trace. For more help, see http://go/tiktok-tracing#fixing-duplicate-trace-issues
06-21 15:14:07.172 18990 19035 E TraceManager: 	at bolb.g(PG:6)
06-21 15:14:07.172 18990 19035 E TraceManager: 	at bolb.c(PG:2)
06-21 15:14:07.172 18990 19035 E TraceManager: 	at bolb.b(PG:2)
06-21 15:14:07.172 18990 19035 E TraceManager: 	at boko.j(PG:1)
06-21 15:14:07.172 18990 19035 E TraceManager: 	at acgt.call(PG:7)
06-21 15:14:07.172 18990 19035 E TraceManager: 	at android.content.ContentProvider.call(ContentProvider.java:2471)
06-21 15:14:07.172 18990 19035 E TraceManager: 	at acfh.call(PG:2)
06-21 15:14:07.172 18990 19035 E TraceManager: 	at android.content.ContentProvider$Transport.call(ContentProvider.java:517)
06-21 15:14:07.172 18990 19035 E TraceManager: 	at android.content.ContentResolver.call(ContentResolver.java:2433)
