06-21 15:14:06.610 19732 19756 I TestRunner: started: vertical_scroll_content_at_last_position(com.example.dogglers.VerticalListTests)
06-21 15:14:06.621   982 15684 I vendor.qti.hardware.servicetracker@1.2-service: Activity state is changed to : 9
06-21 15:14:06.621   982 15684 I vendor.qti.hardware.servicetracker@1.2-service: Activity state is changed to : 9
06-21 15:14:06.624 19732 19756 W Settings: Setting always_finish_activities has moved from android.provider.Settings.System to android.provider.Settings.Global, returning read-only value.
06-21 15:14:06.627 19257 19802 E PhenotypeCombinedFlags: Config package com.google.android.gms.phenotype cannot use PROCESS_STABLE backing without declarative registration. See go/phenotype-android-integration#phenotype for more information. This will lead to stale flags.
06-21 15:14:06.628 19257 19802 E PhenotypeCombinedFlags: Config package com.google.android.gms.phenotype cannot use PROCESS_STABLE backing without declarative registration. See go/phenotype-android-integration#phenotype for more information. This will lead to stale flags.
06-21 15:14:06.634  1705  1869 D EventSequenceValidator: IntentStarted during UNKNOWN. Intent { act=android.intent.action.MAIN cat=[android.intent.category.LAUNCHER] flg=0x10008000 cmp=com.example.dogglers/androidx.test.core.app.InstrumentationActivityInvoker$BootstrapActivity (has extras) }
06-21 15:14:06.634  1705  1869 D EventSequenceValidator: java.lang.Throwable: EventSequenceValidator#getStackTrace
06-21 15:14:06.634  1705  1869 D EventSequenceValidator: 	at com.google.android.startop.iorap.EventSequenceValidator.logWarningWithStackTrace(EventSequenceValidator.java:260)
06-21 15:14:06.634  1705  1869 D EventSequenceValidator: 	at com.google.android.startop.iorap.EventSequenceValidator.onIntentStarted(EventSequenceValidator.java:106)
06-21 15:14:06.634  1705  1869 D EventSequenceValidator: 	at com.android.server.wm.LaunchObserverRegistryImpl.handleOnIntentStarted(LaunchObserverRegistryImpl.java:139)
06-21 15:14:06.634  1705  1869 D EventSequenceValidator: 	at com.android.server.wm.LaunchObserverRegistryImpl.lambda$veRn_GhgLZLlOHOJ0ZYT6KcfYqo(Unknown Source:0)
06-21 15:14:06.634  1705  1869 D EventSequenceValidator: 	at com.android.server.wm.-$$Lambda$LaunchObserverRegistryImpl$veRn_GhgLZLlOHOJ0ZYT6KcfYqo.accept(Unknown Source:10)
06-21 15:14:06.634  1705  1869 D EventSequenceValidator: 	at com.android.internal.util.function.pooled.PooledLambdaImpl.doInvoke(PooledLambdaImpl.java:292)
06-21 15:14:06.634  1705  1869 D EventSequenceValidator: 	at com.android.internal.util.function.pooled.PooledLambdaImpl.invoke(PooledLambdaImpl.java:201)
06-21 15:14:06.634  1705  1869 D EventSequenceValidator: 	at com.android.internal.util.function.pooled.OmniFunction.run(OmniFunction.java:97)
06-21 15:14:06.634  1705  1869 D EventSequenceValidator: 	at android.os.Handler.handleCallback(Handler.java:938)
06-21 15:14:06.634  1705  1869 D EventSequenceValidator: 	at android.os.Handler.dispatchMessage(Handler.java:99)
06-21 15:14:06.634  1705  1869 D EventSequenceValidator: 	at android.os.Looper.loop(Looper.java:236)
06-21 15:14:06.634  1705  1869 D EventSequenceValidator: 	at android.os.HandlerThread.run(HandlerThread.java:67)
06-21 15:14:06.634  1705  1869 D EventSequenceValidator: 	at com.android.server.ServiceThread.run(ServiceThread.java:45)
06-21 15:14:06.634  1705  1869 D EventSequenceValidator: inc AccIntentStartedEvents to 8
06-21 15:14:06.638  1705  4406 D MiuiMultiWindowAdapter: MiuiMultiWindowAdapter::getFreeformBlackList::sSmallWindowBlackList = [com.miui.securitycenter, com.miui.miservice, com.xiaomi.calendar, com.miui.mishare.connectivity, com.android.settings, com.android.printspooler, com.miui.backup, com.miui.huanji, com.android.thememanager, com.mfashiongallery.emag, com.miui.virtualsim, com.miui.smarttravel, com.mi.health, com.android.camera, com.lbe.security.miui, com.miui.cleanmaster, com.miui.newhome, com.miui.voiceassist, com.android.phone, com.miui.yellowpage, com.android.updater, com.miui.tsmclient, com.miui.securitycore, com.xiaomi.account, com.xiaomi.shop, com.mipay.wallet, com.xiaomi.youpin, com.xiaomi.hm.health, com.miui.bugreport, com.xiaomi.mibrain.speech, com.xiaomi.mimoji, com.xiaomi.scanner, com.duokan.phone.remotecontroller, com.miui.hybrid, com.miui.video, com.miui.videoplayer, com.miui.fm, com.miui.packageinstaller, com.mi.android.globallauncher, com.mi.android.globallauncher-poco, com.google.android.dialer, com.google.android.apps.magazines, com.miui.compass, com.miui.greenguard, com.kiteguard, com.google.android.apps.prodcasts, com.google.ar.lens, com.xiangkan.android, com.android.bankabc, com.sohu.inputmethod.sogou, com.tencent.mtt, com.shyz.toutiao, com.netease.mc.mi, com.outfit7.talkingtomgoldrun.mi, com.doudz.mi, com.wepie.snake.new.mi, cn.jj, com.standddz002.mi, com.miHoYo.bh3.mi, com.qqgame.hlddz, com.happyelements.AndroidAnimal, com.minitech.miniworld.TMobile.mi, com.mfp.jelly.xiaomi, com.lilithgames.afk.mi, com.tencent.peng, com.teenpatti.hd.gold, blockpuzzle.jewelgames.jewelslegend, com.playgendary.tanks, com.chillingo.robberybobfree.android.row, com.episodeinteractive.android.catalog, com.playrix.township, com.ansangha.drdriving, com.google.android.youtube, com.gbits.atm.mi, com.tencent.tetris, com.sukhavati.gotoplaying.bubble.BubbleShooter.mint, com.block.puzzle.game.hippo.mi, com.youzu.bs.mi, com.baidu.BaiduMap, com.google.android.googlequicksearchbox, com.appsomniacs.da2, com.android.stk, com.feiyu.carrot3.mi, com.popcap.pvz2cthdxm, com.mxtech.videoplayer.ad, cn.cisc, com.kiloo.subwaysurf, com.cncyj.mostbrain, pdf.tap.scanner, com.og.ttddz.mi, com.ximalaya.ting.lite, com.google.android.apps.podcasts, com.google.android.apps.googleassistant, com.netease.onmyoji.mi, com.netease.onmyoji.bili, com.netease.mrzh.mi, com.netease.mrzh.bili, com.tencent.tmgp.yys.zqb, com.google.android.gm, com.google.android.calendar, com.android.chrome, com.google.android.apps.youtube.music, com.netease.pes.huawei, com.netease.pes.mi, com.netease.pes.bili, com.flyfish.supermario, com.picsart.studio, com.netease.dwrg.mi, com.netease.dwrg.bili, com.netease.dwrg.nearme.gamecenter, com.netease.dwrg, com.netease.dwrg.huawei, com.tencent.tmgp.dwrg, com.netease.dwrg.m4399, com.netease.dwrg.mz, com.netease.dwrg.aligames, com.netease.dwrg.baidu, com.netease.dwrg.qihoo, com.moji.mjweather, com.tencent.tmgp.kof98, com.netease.onmyoji, com.taobao.idlefish, com.ledou.mhhy.mi, com.hzfy.ddzbs.mi, com.qsmy.walkmonkey, com.fy.bzzbc.mi, com.dw.xprqj.mi, com.miui.accessibility, com.ymt.nbaftx.mi]
06-21 15:14:06.638 19257 19802 E PhenotypeCombinedFlags: Config package com.google.android.gms.phenotype cannot use PROCESS_STABLE backing without declarative registration. See go/phenotype-android-integration#phenotype for more information. This will lead to stale flags.
06-21 15:14:06.639   982 15684 I vendor.qti.hardware.servicetracker@1.2-service: Activity state is changed to : 0
06-21 15:14:06.639   982 15684 I vendor.qti.hardware.servicetracker@1.2-service: Activity state is changed to : 0
06-21 15:14:06.639   972   972 I ANDR-PERF-LM: LMPerfGlue: perfmodule_submit_request() 132: perfmodule_submit_request()
06-21 15:14:06.639   972   972 I ANDR-PERF-LM: Core: getInstance() 84: LM getInstance
06-21 15:14:06.639   972   972 I ANDR-PERF-LM: WQ: push() 59: LMTriggerQ push() size=0
06-21 15:14:06.639   972   972 I ANDR-PERF-LM: WQ: push() 61: LMTriggerQ push() done size=1
06-21 15:14:06.639   972  1014 I ANDR-PERF-LM: WQ: pop() 42: LMTriggerQ pop() done size=0
06-21 15:14:06.639   972  1014 I ANDR-PERF-LM: Core: lmMain() 381: Calling runAsync for AdaptLaunch
06-21 15:14:06.639   972  1014 D ANDR-PERF-LM: Feature: lookup() 101: Feature Name = AppClassifier, total featuers = 3, featureFound = 1
06-21 15:14:06.640   972   972 I ANDR-PERF-LM: LMPerfGlue: perfmodule_submit_request() 132: perfmodule_submit_request()
06-21 15:14:06.640   972   972 I ANDR-PERF-LM: Core: getInstance() 84: LM getInstance
06-21 15:14:06.640   972   972 I ANDR-PERF-LM: WQ: push() 59: LMTriggerQ push() size=0
06-21 15:14:06.640   972   972 I ANDR-PERF-LM: WQ: push() 61: LMTriggerQ push() done size=1
06-21 15:14:06.640   972  1014 D ANDR-PERF-LM: Feature: getData() 112: data.data = 0
06-21 15:14:06.640   972  1014 I ANDR-PERF-LM: Core: lmMain() 391: runAsync for AdaptLaunch returned
06-21 15:14:06.640   972  1014 I ANDR-PERF-LM: Core: lmMain() 373: Waiting on trigger Queue
06-21 15:14:06.640   972  1014 I ANDR-PERF-LM: WQ: pop() 31: LMTriggerQ pop() size=1
06-21 15:14:06.640   972  1014 I ANDR-PERF-LM: WQ: pop() 42: LMTriggerQ pop() done size=0
06-21 15:14:06.640   972  1014 I ANDR-PERF-LM: Core: lmMain() 381: Calling runAsync for AdaptLaunch
06-21 15:14:06.640   972   972 I ANDR-PERF-LM: LMPerfGlue: perfmodule_submit_request() 132: perfmodule_submit_request()
06-21 15:14:06.640   972   972 I ANDR-PERF-LM: Core: getInstance() 84: LM getInstance
06-21 15:14:06.640   972   972 D ANDR-PERF-LM: Feature: lookup() 101: Feature Name = AppClassifier, total featuers = 3, featureFound = 1
06-21 15:14:06.640   972   972 D ANDR-PERF-LM: Feature: getData() 112: data.data = 0
06-21 15:14:06.640   972   972 I ANDR-PERF-LM: FeedbackAPI: getFeedback() 60: app:com.example.dogglers feature:AppClassifier feedback = 0
06-21 15:14:06.640   972  1014 I ANDR-PERF-LM: MetaMeter: isValidAsync() 194: AsyncInfo: hintID = 4225
06-21 15:14:06.640   972  1014 I ANDR-PERF-LM: hintType: 2
06-21 15:14:06.640   972  1014 I ANDR-PERF-LM: isPrimary = 0
06-21 15:14:06.640   972  1014 I ANDR-PERF-LM: MetaMeter: isValidAsync() 203: Invalid (hintID,hintType,appName,duration,appPID,appThreadTID) = (4225, 2,com.example.dogglers,-1,1705,4406)
06-21 15:14:06.640   972  1014 E ANDR-PERF-LM: MetaMeter: handleAsync() 164: AdaptLaunch Invalid Async
06-21 15:14:06.640   972  1014 I ANDR-PERF-LM: Core: lmMain() 391: runAsync for AdaptLaunch returned
06-21 15:14:06.640   972  1014 I ANDR-PERF-LM: Core: lmMain() 373: Waiting on trigger Queue
06-21 15:14:06.640   972  1014 I ANDR-PERF-LM: WQ: pop() 31: LMTriggerQ pop() size=0
06-21 15:14:06.641   972   972 I ANDR-PERF-LM: LMPerfGlue: perfmodule_submit_request() 132: perfmodule_submit_request()
06-21 15:14:06.641   972   972 I ANDR-PERF-LM: Core: getInstance() 84: LM getInstance
06-21 15:14:06.641   972   972 I ANDR-PERF-LM: WQ: push() 59: LMTriggerQ push() size=0
06-21 15:14:06.641   972   972 I ANDR-PERF-LM: WQ: push() 61: LMTriggerQ push() done size=1
06-21 15:14:06.641  1705  4406 E ANDR-PERF-JNI: com_qualcomm_qtiperformance_native_perf_io_prefetch_start
06-21 15:14:06.643 18990 19381 I RcsClientLib: shouldUseCarrierServicesJibeService: true, CarrierServices rcs service found: true
06-21 15:14:06.644   972  1014 I ANDR-PERF-LM: WQ: pop() 42: LMTriggerQ pop() done size=0
06-21 15:14:06.644   972  1014 I ANDR-PERF-LM: Core: lmMain() 381: Calling runAsync for AdaptLaunch
06-21 15:14:06.644   972   972 I ANDR-PERF-LM: LMPerfGlue: perfmodule_submit_request() 132: perfmodule_submit_request()
06-21 15:14:06.644   972   972 I ANDR-PERF-LM: Core: getInstance() 84: LM getInstance
06-21 15:14:06.644   972   972 I ANDR-PERF-LM: WQ: push() 59: LMTriggerQ push() size=0
06-21 15:14:06.644   972   972 I ANDR-PERF-LM: WQ: push() 61: LMTriggerQ push() done size=1
06-21 15:14:06.645   972   972 I ANDR-PERF-LM: LMPerfGlue: perfmodule_submit_request() 132: perfmodule_submit_request()
06-21 15:14:06.645   972   972 I ANDR-PERF-LM: Core: getInstance() 84: LM getInstance
06-21 15:14:06.645   972   972 I ANDR-PERF-LM: WQ: push() 59: LMTriggerQ push() size=1
06-21 15:14:06.645   972   972 I ANDR-PERF-LM: WQ: push() 61: LMTriggerQ push() done size=2
06-21 15:14:06.645   972  1014 I ANDR-PERF-LM: MetaMeter: isValidAsync() 194: AsyncInfo: hintID = 4225
06-21 15:14:06.645   972  1014 I ANDR-PERF-LM: hintType: 3
06-21 15:14:06.645   972  1014 I ANDR-PERF-LM: isPrimary = 0
06-21 15:14:06.645   972  1014 I ANDR-PERF-LM: MetaMeter: isValidAsync() 203: Invalid (hintID,hintType,appName,duration,appPID,appThreadTID) = (4225, 3,com.example.dogglers,-1,1705,4406)
06-21 15:14:06.645   972  1014 E ANDR-PERF-LM: MetaMeter: handleAsync() 164: AdaptLaunch Invalid Async
06-21 15:14:06.645   972  1014 I ANDR-PERF-LM: Core: lmMain() 391: runAsync for AdaptLaunch returned
06-21 15:14:06.645   972  1014 I ANDR-PERF-LM: Core: lmMain() 373: Waiting on trigger Queue
06-21 15:14:06.645   972  1014 I ANDR-PERF-LM: WQ: pop() 31: LMTriggerQ pop() size=2
06-21 15:14:06.645   972  1014 I ANDR-PERF-LM: WQ: pop() 42: LMTriggerQ pop() done size=1
06-21 15:14:06.645   972  1014 I ANDR-PERF-LM: Core: lmMain() 381: Calling runAsync for AdaptLaunch
06-21 15:14:06.645   972  1014 I ANDR-PERF-LM: Core: lmMain() 391: runAsync for AdaptLaunch returned
06-21 15:14:06.645   972  1014 I ANDR-PERF-LM: Core: lmMain() 373: Waiting on trigger Queue
06-21 15:14:06.645   972  1014 I ANDR-PERF-LM: WQ: pop() 31: LMTriggerQ pop() size=1
06-21 15:14:06.645   972  1014 I ANDR-PERF-LM: WQ: pop() 42: LMTriggerQ pop() done size=0
06-21 15:14:06.645   972  1014 I ANDR-PERF-LM: Core: lmMain() 381: Calling runAsync for AdaptLaunch
06-21 15:14:06.645   972  1014 I ANDR-PERF-LM: Core: lmMain() 391: runAsync for AdaptLaunch returned
06-21 15:14:06.645   972  1014 I ANDR-PERF-LM: Core: lmMain() 373: Waiting on trigger Queue
06-21 15:14:06.645   972  1014 I ANDR-PERF-LM: WQ: pop() 31: LMTriggerQ pop() size=0
06-21 15:14:06.652  1705  4406 D CompatibilityInfo: mCompatibilityFlags - 0
06-21 15:14:06.652  1705  4406 D CompatibilityInfo: applicationDensity - 440
06-21 15:14:06.652  1705  4406 D CompatibilityInfo: applicationScale - 1.0
06-21 15:14:06.654   982 10879 I vendor.qti.hardware.servicetracker@1.2-service: Activity state is changed to : 2
06-21 15:14:06.654   972   972 I ANDR-PERF-LM: LMPerfGlue: perfmodule_submit_request() 132: perfmodule_submit_request()
06-21 15:14:06.654   972   972 I ANDR-PERF-LM: Core: getInstance() 84: LM getInstance
06-21 15:14:06.654   972   972 I ANDR-PERF-LM: WQ: push() 59: LMTriggerQ push() size=0
06-21 15:14:06.654   972   972 I ANDR-PERF-LM: WQ: push() 61: LMTriggerQ push() done size=1
06-21 15:14:06.654  1705  4406 D ActivityTrigger: ActivityTrigger activityPauseTrigger
06-21 15:14:06.654   972   972 I ANDR-PERF-LM: LMPerfGlue: perfmodule_submit_request() 132: perfmodule_submit_request()
06-21 15:14:06.654   972   972 I ANDR-PERF-LM: Core: getInstance() 84: LM getInstance
06-21 15:14:06.654   972   972 I ANDR-PERF-LM: WQ: push() 59: LMTriggerQ push() size=1
06-21 15:14:06.654   972   972 I ANDR-PERF-LM: WQ: push() 61: LMTriggerQ push() done size=2
06-21 15:14:06.654   982 10879 I vendor.qti.hardware.servicetracker@1.2-service: Activity state is changed to : 3
06-21 15:14:06.655   982 10879 I vendor.qti.hardware.servicetracker@1.2-service: Activity state is changed to : 3
06-21 15:14:06.656   972  1014 I ANDR-PERF-LM: WQ: pop() 42: LMTriggerQ pop() done size=1
06-21 15:14:06.656   972  1014 I ANDR-PERF-LM: Core: lmMain() 381: Calling runAsync for GameOptimization
06-21 15:14:06.656   972  1014 D ANDR-PERF-LM: Feature: lookup() 101: Feature Name = AppClassifier, total featuers = 3, featureFound = 1
06-21 15:14:06.656   972  1014 D ANDR-PERF-LM: Feature: getData() 112: data.data = 0
06-21 15:14:06.656   972  1014 I ANDR-PERF-LM: Core: lmMain() 391: runAsync for GameOptimization returned
06-21 15:14:06.656   972  1014 I ANDR-PERF-LM: Core: lmMain() 373: Waiting on trigger Queue
06-21 15:14:06.656   972  1014 I ANDR-PERF-LM: WQ: pop() 31: LMTriggerQ pop() size=1
06-21 15:14:06.656   972  1014 I ANDR-PERF-LM: WQ: pop() 42: LMTriggerQ pop() done size=0
06-21 15:14:06.656   972  1014 I ANDR-PERF-LM: Core: lmMain() 381: Calling runAsync for GameOptimization
06-21 15:14:06.656   972  1014 D ANDR-PERF-LM: Feature: lookup() 101: Feature Name = AppClassifier, total featuers = 3, featureFound = 1
06-21 15:14:06.656   972  1014 D ANDR-PERF-LM: Feature: getData() 112: data.data = 1
06-21 15:14:06.656   972  1014 I ANDR-PERF-LM: Core: lmMain() 391: runAsync for GameOptimization returned
06-21 15:14:06.656   972  1014 I ANDR-PERF-LM: Core: lmMain() 373: Waiting on trigger Queue
06-21 15:14:06.656   972  1014 I ANDR-PERF-LM: WQ: pop() 31: LMTriggerQ pop() size=0
06-21 15:14:06.665  1705  1870 D DecorView: createDecorCaptionView windowingMode:1 mWindowMode 1 isFullscreen: true
06-21 15:14:06.663 18729 18729 W TcmReceiver: type=1400 audit(0.0:3078740): avc: denied { write } for name="tcm" dev="tmpfs" ino=15177 scontext=u:r:theme:s0 tcontext=u:object_r:vendor_dpmtcm_socket:s0 tclass=sock_file permissive=0
06-21 15:14:06.669   982 10879 I vendor.qti.hardware.servicetracker@1.2-service: bindService is called for service : com.xiaomi.discover/com.xiaomi.market.data.AppDownloadService and for client com.mi.android.globallauncher
06-21 15:14:06.669   982 10879 I vendor.qti.hardware.servicetracker@1.2-service: total connections for service : com.xiaomi.discover/com.xiaomi.market.data.AppDownloadServiceare :1
06-21 15:14:06.669   982 10879 I vendor.qti.hardware.servicetracker@1.2-service: total connections for client : com.mi.android.globallauncherare :3
06-21 15:14:06.686  1705  4406 D CompatibilityInfo: mCompatibilityFlags - 0
06-21 15:14:06.686  1705  4406 D CompatibilityInfo: applicationDensity - 440
06-21 15:14:06.686  1705  4406 D CompatibilityInfo: applicationScale - 1.0
06-21 15:14:06.687 24840 24840 D ScreenElementRoot: pause
06-21 15:14:06.689   972   972 I ANDR-PERF-LM: LMPerfGlue: perfmodule_submit_request() 132: perfmodule_submit_request()
06-21 15:14:06.689   972   972 I ANDR-PERF-LM: Core: getInstance() 84: LM getInstance
06-21 15:14:06.689   972   972 I ANDR-PERF-LM: WQ: push() 59: LMTriggerQ push() size=0
06-21 15:14:06.689   972   972 I ANDR-PERF-LM: WQ: push() 61: LMTriggerQ push() done size=1
06-21 15:14:06.689   970   993 E ANDR-IOP: io prefetch is disabled
06-21 15:14:06.690   972  1014 I ANDR-PERF-LM: WQ: pop() 42: LMTriggerQ pop() done size=0
06-21 15:14:06.690   972  1014 I ANDR-PERF-LM: Core: lmMain() 381: Calling runAsync for GameOptimization
06-21 15:14:06.690   972  1014 D ANDR-PERF-LM: Feature: lookup() 101: Feature Name = AppClassifier, total featuers = 3, featureFound = 1
06-21 15:14:06.690   972  1014 D ANDR-PERF-LM: Feature: getData() 112: data.data = 0
06-21 15:14:06.690   972  1014 I ANDR-PERF-LM: Core: lmMain() 391: runAsync for GameOptimization returned
06-21 15:14:06.690   972  1014 I ANDR-PERF-LM: Core: lmMain() 373: Waiting on trigger Queue
06-21 15:14:06.690   972  1014 I ANDR-PERF-LM: WQ: pop() 31: LMTriggerQ pop() size=0
06-21 15:14:06.691   982 10879 I vendor.qti.hardware.servicetracker@1.2-service: startService() is called for servicecom.xiaomi.discover/com.xiaomi.market.data.AppDownloadService
06-21 15:14:06.691   982 15684 I vendor.qti.hardware.servicetracker@1.2-service: unbindService is called for service : com.google.android.gms/.chimera.PersistentDirectBootAwareApiService and for client com.google.android.gms
06-21 15:14:06.691   982 15684 I vendor.qti.hardware.servicetracker@1.2-service: size of service connections for service: com.google.android.gms/.chimera.PersistentDirectBootAwareApiServiceafter removal is 10
06-21 15:14:06.691   982 15684 I vendor.qti.hardware.servicetracker@1.2-service: Activity state is changed to : 4
06-21 15:14:06.691   982 15684 I vendor.qti.hardware.servicetracker@1.2-service: Activity state is changed to : 4
06-21 15:14:06.691   982 15684 I vendor.qti.hardware.servicetracker@1.2-service: Activity state is changed to : 2
06-21 15:14:06.691   972   972 I ANDR-PERF-LM: LMPerfGlue: perfmodule_submit_request() 132: perfmodule_submit_request()
06-21 15:14:06.691   972   972 I ANDR-PERF-LM: Core: getInstance() 84: LM getInstance
06-21 15:14:06.691   972   972 I ANDR-PERF-LM: WQ: push() 59: LMTriggerQ push() size=0
06-21 15:14:06.691   972   972 I ANDR-PERF-LM: WQ: push() 61: LMTriggerQ push() done size=1
06-21 15:14:06.691   972  1014 I ANDR-PERF-LM: WQ: pop() 42: LMTriggerQ pop() done size=0
06-21 15:14:06.691   972  1014 I ANDR-PERF-LM: Core: lmMain() 381: Calling runAsync for AdaptLaunch
06-21 15:14:06.692   972  1014 I ANDR-PERF-LM: MetaMeter: isValidAsync() 194: AsyncInfo: hintID = 4225
06-21 15:14:06.692   972  1014 I ANDR-PERF-LM: hintType: 102
06-21 15:14:06.692   972  1014 I ANDR-PERF-LM: isPrimary = 0
06-21 15:14:06.692   972  1014 I ANDR-PERF-LM: MetaMeter: isValidAsync() 203: Invalid (hintID,hintType,appName,duration,appPID,appThreadTID) = (4225, 102,com.example.dogglers,19732,1705,4406)
06-21 15:14:06.692   972  1014 E ANDR-PERF-LM: MetaMeter: handleAsync() 164: AdaptLaunch Invalid Async
06-21 15:14:06.692   972  1014 I ANDR-PERF-LM: Core: lmMain() 391: runAsync for AdaptLaunch returned
06-21 15:14:06.692   972  1014 I ANDR-PERF-LM: Core: lmMain() 373: Waiting on trigger Queue
06-21 15:14:06.692   972  1014 I ANDR-PERF-LM: WQ: pop() 31: LMTriggerQ pop() size=0
06-21 15:14:06.692  1705  4406 D CompatibilityInfo: mCompatibilityFlags - 0
06-21 15:14:06.692  1705  4406 D CompatibilityInfo: applicationDensity - 440
06-21 15:14:06.693  1705  4406 D CompatibilityInfo: applicationScale - 1.0
06-21 15:14:06.693  3914  3959 D AutoInstallService: onForegroundInfoChanged: com.example.dogglers
06-21 15:14:06.693 20234 20251 I GST     : forePkg: com.example.dogglers, preForePkg: com.mi.android.globallauncher
06-21 15:14:06.695  6642 18851 D PerfEngineController: ForegroundInfo{mForegroundPackageName='com.example.dogglers', mForegroundUid=10387, mForegroundPid=19732, mLastForegroundPackageName='com.mi.android.globallauncher', mLastForegroundUid=10095, mLastForegroundPid=24840, mMultiWindowForegroundPackageName='null', mMultiWindowForegroundUid=-1, mFlags=0}
06-21 15:14:06.696 24924 25140 I ProcessMonitor: onForegroundInfoChanged: ForegroundInfo{mForegroundPackageName='com.example.dogglers', mForegroundUid=10387, mForegroundPid=19732, mLastForegroundPackageName='com.mi.android.globallauncher', mLastForegroundUid=10095, mLastForegroundPid=24840, mMultiWindowForegroundPackageName='null', mMultiWindowForegroundUid=-1, mFlags=0}
06-21 15:14:06.696  6642  6763 I ThermalInfoCollector: collectForgroundAppsInfo
06-21 15:14:06.697   982 10879 I vendor.qti.hardware.servicetracker@1.2-service: Activity state is changed to : 2
06-21 15:14:06.697   982 10879 I vendor.qti.hardware.servicetracker@1.2-service: Activity state is changed to : 2
06-21 15:14:06.698 24924 25140 I GameBoosterService: onForegroundInfoChanged: Cur=com.example.dogglers	 last=com.mi.android.globallauncher
06-21 15:14:06.698 24924 25140 D GameBoosterService: onGameStatusChange foreground:ForegroundInfo{mForegroundPackageName='com.example.dogglers', mForegroundUid=10387, mForegroundPid=19732, mLastForegroundPackageName='com.mi.android.globallauncher', mLastForegroundUid=10095, mLastForegroundPid=24840, mMultiWindowForegroundPackageName='null', mMultiWindowForegroundUid=-1, mFlags=0}
06-21 15:14:06.698 24924 25140 I GameBoosterService: onForegroundInfoChanged: Exit
06-21 15:14:06.698 24924 25140 I VideoBoxUtils: isSupportVideoBox: true
06-21 15:14:06.699 24924 25140 I VideoToolBoxService: onForegroundInfoChanged: Exit Vtb
06-21 15:14:06.707 19257 19802 E PhenotypeCombinedFlags: Config package com.google.android.gms.phenotype cannot use PROCESS_STABLE backing without declarative registration. See go/phenotype-android-integration#phenotype for more information. This will lead to stale flags.
06-21 15:14:06.709   982 10464 I vendor.qti.hardware.servicetracker@1.2-service: bindService is called for service : com.google.android.ims/.services.RcsService and for client com.google.android.apps.messaging
06-21 15:14:06.709   982 10464 I vendor.qti.hardware.servicetracker@1.2-service: total connections for service : com.google.android.ims/.services.RcsServiceare :4
06-21 15:14:06.709   982 10464 I vendor.qti.hardware.servicetracker@1.2-service: total connections for client : com.google.android.apps.messagingare :3
06-21 15:14:06.710 18990 18990 I RcsClientLib: com.google.android.rcs.client.lifecycle.RcsEngineLifecycleService connected
06-21 15:14:06.715  1705  2318 I MiuiNetworkPolicy: updateUidState uid = 10125, uidState = 3
06-21 15:14:06.715  1705  2318 I MiuiNetworkPolicy: updateUidState uid = 10387, uidState = 2
06-21 15:14:06.718 19257 19802 E PhenotypeCombinedFlags: Config package com.google.android.gms.phenotype cannot use PROCESS_STABLE backing without declarative registration. See go/phenotype-android-integration#phenotype for more information. This will lead to stale flags.
06-21 15:14:06.718   982 10464 I vendor.qti.hardware.servicetracker@1.2-service: unbindService is called for service : com.google.android.gms/.chimera.CastPersistentBoundBrokerService and for client com.google.android.gms.persistent
06-21 15:14:06.718   982 10464 I vendor.qti.hardware.servicetracker@1.2-service: unbind service com.google.android.gms/.chimera.CastPersistentBoundBrokerServicenot found
06-21 15:14:06.718 18990 19024 E TraceManager: Duplicate trace
06-21 15:14:06.718 18990 19024 E TraceManager: bohm: Starting new trace SharedStorageProvider#call when already associated with a trace. For more help, see http://go/tiktok-tracing#fixing-duplicate-trace-issues
06-21 15:14:06.718 18990 19024 E TraceManager: 	at bolb.g(PG:6)
06-21 15:14:06.718 18990 19024 E TraceManager: 	at bolb.c(PG:2)
06-21 15:14:06.718 18990 19024 E TraceManager: 	at bolb.b(PG:2)
06-21 15:14:06.718 18990 19024 E TraceManager: 	at boko.j(PG:1)
06-21 15:14:06.718 18990 19024 E TraceManager: 	at acgt.call(PG:7)
06-21 15:14:06.718 18990 19024 E TraceManager: 	at android.content.ContentProvider.call(ContentProvider.java:2471)
06-21 15:14:06.718 18990 19024 E TraceManager: 	at acfh.call(PG:2)
06-21 15:14:06.718 18990 19024 E TraceManager: 	at android.content.ContentProvider$Transport.call(ContentProvider.java:517)
06-21 15:14:06.718 18990 19024 E TraceManager: 	at android.content.ContentResolver.call(ContentResolver.java:2433)
06-21 15:14:06.718 18990 19024 E TraceManager: 	at android.content.ContentResolver.call(ContentResolver.java:2413)
06-21 15:14:06.718 18990 19024 E TraceManager: 	at azbb.h(PG:9)
06-21 15:14:06.718 18990 19024 E TraceManager: 	at azbb.k(PG:3)
06-21 15:14:06.718 18990 19024 E TraceManager: 	at azaz.b(PG:1)
06-21 15:14:06.718 18990 19024 E TraceManager: 	at ahdw.aE(PG:5)
06-21 15:14:06.718 18990 19024 E TraceManager: 	at ahdw.K(PG:2)
06-21 15:14:06.718 18990 19024 E TraceManager: 	at afom.e(PG:1)
06-21 15:14:06.718 18990 19024 E TraceManager: 	at aayz.e(PG:1)
06-21 15:14:06.718 18990 19024 E TraceManager: 	at aays.run(PG:4)
06-21 15:14:06.718 18990 19024 E TraceManager: 	at bolm.run(PG:2)
06-21 15:14:06.718 18990 19024 E TraceManager: 	at java.util.concurrent.Executors$RunnableAdapter.call(Executors.java:462)
06-21 15:14:06.718 18990 19024 E TraceManager: 	at bsyf.a(PG:1)
06-21 15:14:06.718 18990 19024 E TraceManager: 	at bsxh.run(PG:4)
06-21 15:14:06.718 18990 19024 E TraceManager: 	at bsyg.run(PG:1)
06-21 15:14:06.718 18990 19024 E TraceManager: 	at bcwb.run(PG:1)
06-21 15:14:06.718 18990 19024 E TraceManager: 	at java.util.concurrent.ThreadPoolExecutor.runWorker(ThreadPoolExecutor.java:1167)
06-21 15:14:06.718 18990 19024 E TraceManager: 	at java.util.concurrent.ThreadPoolExecutor$Worker.run(ThreadPoolExecutor.java:641)
06-21 15:14:06.718 18990 19024 E TraceManager: 	at bcvf.run(PG:2)
06-21 15:14:06.718 18990 19024 E TraceManager: 	at bcvm.run(PG:4)
06-21 15:14:06.718 18990 19024 E TraceManager: 	at java.lang.Thread.run(Thread.java:923)
06-21 15:14:06.718 18990 19024 E TraceManager: 	Suppressed: bomf:
06-21 15:14:06.718 18990 19024 E TraceManager: 		at tk_trace.E2eeStartupTask(Unknown Source:0)
06-21 15:14:06.718 18990 19024 E TraceManager: 		at tk_trace.StartupHandlerImpl#onAppInteractiveInternal(Unknown Source:0)
06-21 15:14:06.718 18990 19024 E TraceManager: 		at tk_trace.StartupHandlerImpl App Interactive Delay Timer Fired(Unknown Source:0)
06-21 15:14:06.721 10194 10194 D StatusBar: disable<e i a s b h r c!s > disable2<q i n >
06-21 15:14:06.721 19257 19802 E PhenotypeCombinedFlags: Config package com.google.android.gms.phenotype cannot use PROCESS_STABLE backing without declarative registration. See go/phenotype-android-integration#phenotype for more information. This will lead to stale flags.
06-21 15:14:06.721 19732 19732 D LifecycleMonitor: Lifecycle status change: androidx.test.core.app.InstrumentationActivityInvoker$BootstrapActivity@a2d4ae2 in: PRE_ON_CREATE
06-21 15:14:06.721 19257 19802 E PhenotypeCombinedFlags: Config package com.google.android.gms.phenotype cannot use PROCESS_STABLE backing without declarative registration. See go/phenotype-android-integration#phenotype for more information. This will lead to stale flags.
06-21 15:14:06.722 19257 19802 E PhenotypeCombinedFlags: Config package com.google.android.gms.phenotype cannot use PROCESS_STABLE backing without declarative registration. See go/phenotype-android-integration#phenotype for more information. This will lead to stale flags.
06-21 15:14:06.722   982 10464 I vendor.qti.hardware.servicetracker@1.2-service: destroyService is called for service : com.google.android.gms/.chimera.CastPersistentBoundBrokerService
06-21 15:14:06.722   982 10464 I vendor.qti.hardware.servicetracker@1.2-service: destroy service com.google.android.gms/.chimera.CastPersistentBoundBrokerServicenot  found
06-21 15:14:06.722 24840 24840 I RenderVsyncUpdater: All controllers paused.
06-21 15:14:06.729   982 10464 I vendor.qti.hardware.servicetracker@1.2-service: unbindService is called for service : com.google.android.gms/.chimera.PersistentBoundBrokerService and for client com.google.android.gms.persistent
06-21 15:14:06.729   982 10464 I vendor.qti.hardware.servicetracker@1.2-service: size of service connections for service: com.google.android.gms/.chimera.PersistentBoundBrokerServiceafter removal is 3
06-21 15:14:06.730 13977 27570 I CarrierServices: [170723] RcsEngineImpl.triggerStopRcsStack: Stop Registration for redacted-pii:phone_number[chars:13,last2:64]
06-21 15:14:06.731 19732 19732 V ActivityScenario: Activity lifecycle changed event received but ignored because the intent does not match. startActivityIntent=Intent { act=android.intent.action.MAIN cat=[android.intent.category.LAUNCHER] cmp=com.example.dogglers/.VerticalListActivity }, activity.getIntent()=Intent { act=android.intent.action.MAIN cat=[android.intent.category.LAUNCHER] flg=0x10008000 cmp=com.example.dogglers/androidx.test.core.app.InstrumentationActivityInvoker$BootstrapActivity (has extras) }, activity=androidx.test.core.app.InstrumentationActivityInvoker$BootstrapActivity@a2d4ae2
06-21 15:14:06.733 18990 19006 D CompatibilityChangeReporter: Compat change id reported: 150939131; UID 10197; state: ENABLED
06-21 15:14:06.734   982 10464 I vendor.qti.hardware.servicetracker@1.2-service: unbindService is called for service : com.xiaomi.discover/com.xiaomi.market.data.AppDownloadService and for client com.mi.android.globallauncher
06-21 15:14:06.734   982 10464 I vendor.qti.hardware.servicetracker@1.2-service: size of service connections for service: com.xiaomi.discover/com.xiaomi.market.data.AppDownloadServiceafter removal is 0
06-21 15:14:06.734   982 10464 I vendor.qti.hardware.servicetracker@1.2-service: size of client connections for client: com.mi.android.globallauncherafter removal is 2
06-21 15:14:06.735  1705  1869 D EventSequenceValidator: onActivityLaunched during UNKNOWN.
06-21 15:14:06.735  1705  1869 D EventSequenceValidator: java.lang.Throwable: EventSequenceValidator#getStackTrace
06-21 15:14:06.735  1705  1869 D EventSequenceValidator: 	at com.google.android.startop.iorap.EventSequenceValidator.logWarningWithStackTrace(EventSequenceValidator.java:260)
06-21 15:14:06.735  1705  1869 D EventSequenceValidator: 	at com.google.android.startop.iorap.EventSequenceValidator.onActivityLaunched(EventSequenceValidator.java:149)
06-21 15:14:06.735  1705  1869 D EventSequenceValidator: 	at com.android.server.wm.LaunchObserverRegistryImpl.handleOnActivityLaunched(LaunchObserverRegistryImpl.java:157)
06-21 15:14:06.735  1705  1869 D EventSequenceValidator: 	at com.android.server.wm.LaunchObserverRegistryImpl.lambda$UGY1OclnLIQLMEL9B55qjERFf4o(Unknown Source:0)
06-21 15:14:06.735  1705  1869 D EventSequenceValidator: 	at com.android.server.wm.-$$Lambda$LaunchObserverRegistryImpl$UGY1OclnLIQLMEL9B55qjERFf4o.accept(Unknown Source:10)
06-21 15:14:06.735  1705  1869 D EventSequenceValidator: 	at com.android.internal.util.function.pooled.PooledLambdaImpl.doInvoke(PooledLambdaImpl.java:292)
06-21 15:14:06.735  1705  1869 D EventSequenceValidator: 	at com.android.internal.util.function.pooled.PooledLambdaImpl.invoke(PooledLambdaImpl.java:201)
06-21 15:14:06.735  1705  1869 D EventSequenceValidator: 	at com.android.internal.util.function.pooled.OmniFunction.run(OmniFunction.java:97)
06-21 15:14:06.735  1705  1869 D EventSequenceValidator: 	at android.os.Handler.handleCallback(Handler.java:938)
06-21 15:14:06.735  1705  1869 D EventSequenceValidator: 	at android.os.Handler.dispatchMessage(Handler.java:99)
06-21 15:14:06.735  1705  1869 D EventSequenceValidator: 	at android.os.Looper.loop(Looper.java:236)
06-21 15:14:06.735  1705  1869 D EventSequenceValidator: 	at android.os.HandlerThread.run(HandlerThread.java:67)
06-21 15:14:06.735  1705  1869 D EventSequenceValidator: 	at com.android.server.ServiceThread.run(ServiceThread.java:45)
06-21 15:14:06.737 13977 14233 I CarrierServices: [170708] czq.handleMessage: RCS engine STOP RCS stack
06-21 15:14:06.738   982 10464 I vendor.qti.hardware.servicetracker@1.2-service: destroyService is called for service : com.xiaomi.discover/com.xiaomi.market.data.AppDownloadService
06-21 15:14:06.738  4274  7072 I com.miui.daemo: oneway function results will be dropped but finished with status OK and parcel size 4
06-21 15:14:06.741  1705  2318 I MiuiNetworkPolicy: updateUidState uid = 10125, uidState = 10
06-21 15:14:06.746   982 10464 I vendor.qti.hardware.servicetracker@1.2-service: unbindService is called for service : com.google.android.gms/.chimera.GmsBoundBrokerService and for client com.google.android.gms
06-21 15:14:06.746   982 10464 I vendor.qti.hardware.servicetracker@1.2-service: size of service connections for service: com.google.android.gms/.chimera.GmsBoundBrokerServiceafter removal is 2
06-21 15:14:06.748   982 10464 I vendor.qti.hardware.servicetracker@1.2-service: destroyService is called for service : com.google.android.gms/.chimera.GmsBoundBrokerService
06-21 15:14:06.748   982 10464 I vendor.qti.hardware.servicetracker@1.2-service: size of client connections for client: com.android.vendingafter removal is 3
06-21 15:14:06.748   982 10464 I vendor.qti.hardware.servicetracker@1.2-service: size of client connections for client: com.google.android.gms.persistentafter removal is 6
06-21 15:14:06.750 18990 19112 I RcsClientLib: Disconnecting RcsEngineLifecycleService
06-21 15:14:06.751  1705  2318 I MiuiNetworkPolicy: updateUidState uid = 10125, uidState = 19
06-21 15:14:06.755   982 10464 I vendor.qti.hardware.servicetracker@1.2-service: unbindService is called for service : com.google.android.ims/.services.RcsService and for client com.google.android.apps.messaging
06-21 15:14:06.758   982 10464 I vendor.qti.hardware.servicetracker@1.2-service: unbindService is called for service : com.google.android.gms/.chimera.PersistentDirectBootAwareApiService and for client com.google.android.gms.persistent
06-21 15:14:06.758   982 10464 I vendor.qti.hardware.servicetracker@1.2-service: size of service connections for service: com.google.android.gms/.chimera.PersistentDirectBootAwareApiServiceafter removal is 9
06-21 15:14:06.760 19732 19732 D DecorView[]: getWindowModeFromSystem  windowmode is 1
06-21 15:14:06.760 19732 19732 D DecorView: createDecorCaptionView windowingMode:1 mWindowMode 1 isFullscreen: true
06-21 15:14:06.762   982 10464 I vendor.qti.hardware.servicetracker@1.2-service: unbindService is called for service : com.google.android.gms/.chimera.PersistentBoundBrokerService and for client com.google.android.gms
06-21 15:14:06.763   982 10464 I vendor.qti.hardware.servicetracker@1.2-service: size of service connections for service: com.google.android.gms/.chimera.PersistentBoundBrokerServiceafter removal is 2
06-21 15:14:06.763 26692 26692 D BoundBrokerSvc: onUnbind: Intent { act=com.google.android.gms.cast.firstparty.START dat=chimera-action:com.google.android.gms.cast.firstparty.START cmp=com.google.android.gms/.chimera.CastPersistentBoundBrokerService }
06-21 15:14:06.765 10194 10356 W RenderInspector: QueueBuffer time out on StatusBar, count=4, avg=9 ms, max=13 ms.
06-21 15:14:06.766   982 10464 I vendor.qti.hardware.servicetracker@1.2-service: destroyService is called for service : com.google.android.gms/.chimera.PersistentBoundBrokerService
06-21 15:14:06.766   982 10464 I vendor.qti.hardware.servicetracker@1.2-service: size of client connections for client: com.google.android.gmsafter removal is 6
06-21 15:14:06.766   982 10464 I vendor.qti.hardware.servicetracker@1.2-service: size of client connections for client: com.android.vendingafter removal is 2
06-21 15:14:06.775 19732 19732 D LifecycleMonitor: Lifecycle status change: androidx.test.core.app.InstrumentationActivityInvoker$BootstrapActivity@a2d4ae2 in: CREATED
06-21 15:14:06.776 19732 19732 V ActivityScenario: Activity lifecycle changed event received but ignored because the intent does not match. startActivityIntent=Intent { act=android.intent.action.MAIN cat=[android.intent.category.LAUNCHER] cmp=com.example.dogglers/.VerticalListActivity }, activity.getIntent()=Intent { act=android.intent.action.MAIN cat=[android.intent.category.LAUNCHER] flg=0x10008000 cmp=com.example.dogglers/androidx.test.core.app.InstrumentationActivityInvoker$BootstrapActivity (has extras) }, activity=androidx.test.core.app.InstrumentationActivityInvoker$BootstrapActivity@a2d4ae2
06-21 15:14:06.777 26692 26692 D BoundBrokerSvc: onUnbind: Intent { act=com.google.android.gms.gmscompliance.service.START dat=chimera-action:com.google.android.gms.gmscompliance.service.START cmp=com.google.android.gms/.chimera.PersistentBoundBrokerService }
06-21 15:14:06.783 23588 23588 D BoundBrokerSvc: onUnbind: Intent { act=com.google.android.gms.auth.cryptauth.cryptauthservice.START dat=chimera-action:com.google.android.gms.auth.cryptauth.cryptauthservice.START cmp=com.google.android.gms/.chimera.GmsBoundBrokerService }
06-21 15:14:06.799  1705  4458 D MIUIInput: [FoucsChange]: Display  0 FocusedWindow From Window{970ef25 mode=1 rootTaskId=1 u0 com.mi.android.globallauncher/com.miui.home.launcher.Launcher}(1,1)  to null(0,0)
06-21 15:14:06.809 10194 10444 D CommandQueue: setStatus: setStatus: what = 0, action = upate_specail_mode, ext = Bundle[mParcelledData.dataSize=108][pkg = com.example.dogglers[enable_config = false
06-21 15:14:06.814 10194 10237 D MiuiPhoneStatusBarPolicy: updateManagedProfile: secondSpace = false
06-21 15:14:06.816 19732 19732 D LifecycleMonitor: Lifecycle status change: androidx.test.core.app.InstrumentationActivityInvoker$BootstrapActivity@a2d4ae2 in: STARTED
06-21 15:14:06.816 19732 19732 V ActivityScenario: Activity lifecycle changed event received but ignored because the intent does not match. startActivityIntent=Intent { act=android.intent.action.MAIN cat=[android.intent.category.LAUNCHER] cmp=com.example.dogglers/.VerticalListActivity }, activity.getIntent()=Intent { act=android.intent.action.MAIN cat=[android.intent.category.LAUNCHER] flg=0x10008000 cmp=com.example.dogglers/androidx.test.core.app.InstrumentationActivityInvoker$BootstrapActivity (has extras) }, activity=androidx.test.core.app.InstrumentationActivityInvoker$BootstrapActivity@a2d4ae2
06-21 15:14:06.819 18990 19023 I BugleRcsProvisioning: BugleSystemBindingManager: onCsLibPhenotypeUpdated
06-21 15:14:06.826 20489 20489 I GsaVoiceInteractionSrv: Handling ACTION_STOP_HOTWORD
06-21 15:14:06.826 20489 20581 E HwDetectorWithState: (REDACTED) a: %d
06-21 15:14:06.833 13977 14087 I CarrierServices: [170696] buv.k: Reinitialize CSLib Flags: com.google.android.ims.library
06-21 15:14:06.850  1705  4408 D MiuiMultiWindowAdapter: MiuiMultiWindowAdapter::getFreeformBlackList::sSmallWindowBlackList = [com.miui.securitycenter, com.miui.miservice, com.xiaomi.calendar, com.miui.mishare.connectivity, com.android.settings, com.android.printspooler, com.miui.backup, com.miui.huanji, com.android.thememanager, com.mfashiongallery.emag, com.miui.virtualsim, com.miui.smarttravel, com.mi.health, com.android.camera, com.lbe.security.miui, com.miui.cleanmaster, com.miui.newhome, com.miui.voiceassist, com.android.phone, com.miui.yellowpage, com.android.updater, com.miui.tsmclient, com.miui.securitycore, com.xiaomi.account, com.xiaomi.shop, com.mipay.wallet, com.xiaomi.youpin, com.xiaomi.hm.health, com.miui.bugreport, com.xiaomi.mibrain.speech, com.xiaomi.mimoji, com.xiaomi.scanner, com.duokan.phone.remotecontroller, com.miui.hybrid, com.miui.video, com.miui.videoplayer, com.miui.fm, com.miui.packageinstaller, com.mi.android.globallauncher, com.mi.android.globallauncher-poco, com.google.android.dialer, com.google.android.apps.magazines, com.miui.compass, com.miui.greenguard, com.kiteguard, com.google.android.apps.prodcasts, com.google.ar.lens, com.xiangkan.android, com.android.bankabc, com.sohu.inputmethod.sogou, com.tencent.mtt, com.shyz.toutiao, com.netease.mc.mi, com.outfit7.talkingtomgoldrun.mi, com.doudz.mi, com.wepie.snake.new.mi, cn.jj, com.standddz002.mi, com.miHoYo.bh3.mi, com.qqgame.hlddz, com.happyelements.AndroidAnimal, com.minitech.miniworld.TMobile.mi, com.mfp.jelly.xiaomi, com.lilithgames.afk.mi, com.tencent.peng, com.teenpatti.hd.gold, blockpuzzle.jewelgames.jewelslegend, com.playgendary.tanks, com.chillingo.robberybobfree.android.row, com.episodeinteractive.android.catalog, com.playrix.township, com.ansangha.drdriving, com.google.android.youtube, com.gbits.atm.mi, com.tencent.tetris, com.sukhavati.gotoplaying.bubble.BubbleShooter.mint, com.block.puzzle.game.hippo.mi, com.youzu.bs.mi, com.baidu.BaiduMap, com.google.android.googlequicksearchbox, com.appsomniacs.da2, com.android.stk, com.feiyu.carrot3.mi, com.popcap.pvz2cthdxm, com.mxtech.videoplayer.ad, cn.cisc, com.kiloo.subwaysurf, com.cncyj.mostbrain, pdf.tap.scanner, com.og.ttddz.mi, com.ximalaya.ting.lite, com.google.android.apps.podcasts, com.google.android.apps.googleassistant, com.netease.onmyoji.mi, com.netease.onmyoji.bili, com.netease.mrzh.mi, com.netease.mrzh.bili, com.tencent.tmgp.yys.zqb, com.google.android.gm, com.google.android.calendar, com.android.chrome, com.google.android.apps.youtube.music, com.netease.pes.huawei, com.netease.pes.mi, com.netease.pes.bili, com.flyfish.supermario, com.picsart.studio, com.netease.dwrg.mi, com.netease.dwrg.bili, com.netease.dwrg.nearme.gamecenter, com.netease.dwrg, com.netease.dwrg.huawei, com.tencent.tmgp.dwrg, com.netease.dwrg.m4399, com.netease.dwrg.mz, com.netease.dwrg.aligames, com.netease.dwrg.baidu, com.netease.dwrg.qihoo, com.moji.mjweather, com.tencent.tmgp.kof98, com.netease.onmyoji, com.taobao.idlefish, com.ledou.mhhy.mi, com.hzfy.ddzbs.mi, com.qsmy.walkmonkey, com.fy.bzzbc.mi, com.dw.xprqj.mi, com.miui.accessibility, com.ymt.nbaftx.mi]
06-21 15:14:06.851   982 10464 I vendor.qti.hardware.servicetracker@1.2-service: Activity state is changed to : 0
06-21 15:14:06.851   982 10464 I vendor.qti.hardware.servicetracker@1.2-service: Activity state is changed to : 0
06-21 15:14:06.852   972   972 I ANDR-PERF-LM: LMPerfGlue: perfmodule_submit_request() 132: perfmodule_submit_request()
06-21 15:14:06.852   972   972 I ANDR-PERF-LM: Core: getInstance() 84: LM getInstance
06-21 15:14:06.852   972   972 I ANDR-PERF-LM: WQ: push() 59: LMTriggerQ push() size=0
06-21 15:14:06.852   972   972 I ANDR-PERF-LM: WQ: push() 61: LMTriggerQ push() done size=1
06-21 15:14:06.853   972  1014 I ANDR-PERF-LM: WQ: pop() 42: LMTriggerQ pop() done size=0
06-21 15:14:06.853   972  1014 I ANDR-PERF-LM: Core: lmMain() 381: Calling runAsync for AdaptLaunch
06-21 15:14:06.853   972  1014 I ANDR-PERF-LM: Core: lmMain() 391: runAsync for AdaptLaunch returned
06-21 15:14:06.853   972  1014 I ANDR-PERF-LM: Core: lmMain() 373: Waiting on trigger Queue
06-21 15:14:06.853   972  1014 I ANDR-PERF-LM: WQ: pop() 31: LMTriggerQ pop() size=0
06-21 15:14:06.858  1705  4408 D CompatibilityInfo: mCompatibilityFlags - 0
06-21 15:14:06.858  1705  4408 D CompatibilityInfo: applicationDensity - 440
06-21 15:14:06.858  1705  4408 D CompatibilityInfo: applicationScale - 1.0
06-21 15:14:06.860   972   972 I ANDR-PERF-LM: LMPerfGlue: perfmodule_submit_request() 132: perfmodule_submit_request()
06-21 15:14:06.860   972   972 I ANDR-PERF-LM: Core: getInstance() 84: LM getInstance
06-21 15:14:06.860   972   972 I ANDR-PERF-LM: WQ: push() 59: LMTriggerQ push() size=0
06-21 15:14:06.860   972   972 I ANDR-PERF-LM: WQ: push() 61: LMTriggerQ push() done size=1
06-21 15:14:06.860   972  1014 I ANDR-PERF-LM: WQ: pop() 42: LMTriggerQ pop() done size=0
06-21 15:14:06.860   972  1014 I ANDR-PERF-LM: Core: lmMain() 381: Calling runAsync for GameOptimization
06-21 15:14:06.860   972  1014 D ANDR-PERF-LM: Feature: lookup() 101: Feature Name = AppClassifier, total featuers = 3, featureFound = 1
06-21 15:14:06.860   972  1014 D ANDR-PERF-LM: Feature: getData() 112: data.data = 0
06-21 15:14:06.861   972  1014 I ANDR-PERF-LM: Core: lmMain() 391: runAsync for GameOptimization returned
06-21 15:14:06.861   972  1014 I ANDR-PERF-LM: Core: lmMain() 373: Waiting on trigger Queue
06-21 15:14:06.861   972  1014 I ANDR-PERF-LM: WQ: pop() 31: LMTriggerQ pop() size=0
06-21 15:14:06.861   982 10464 I vendor.qti.hardware.servicetracker@1.2-service: Activity state is changed to : 2
06-21 15:14:06.862   982 10464 I vendor.qti.hardware.servicetracker@1.2-service: Activity state is changed to : 3
06-21 15:14:06.862  1705  4408 D ActivityTrigger: ActivityTrigger activityPauseTrigger
06-21 15:14:06.863   972   972 I ANDR-PERF-LM: LMPerfGlue: perfmodule_submit_request() 132: perfmodule_submit_request()
06-21 15:14:06.863   972   972 I ANDR-PERF-LM: Core: getInstance() 84: LM getInstance
06-21 15:14:06.863   972   972 I ANDR-PERF-LM: WQ: push() 59: LMTriggerQ push() size=0
06-21 15:14:06.863   972   972 I ANDR-PERF-LM: WQ: push() 61: LMTriggerQ push() done size=1
06-21 15:14:06.863   982 10464 I vendor.qti.hardware.servicetracker@1.2-service: Activity state is changed to : 3
06-21 15:14:06.863   972  1014 I ANDR-PERF-LM: WQ: pop() 42: LMTriggerQ pop() done size=0
06-21 15:14:06.863   972  1014 I ANDR-PERF-LM: Core: lmMain() 381: Calling runAsync for GameOptimization
06-21 15:14:06.863   972  1014 D ANDR-PERF-LM: Feature: lookup() 101: Feature Name = AppClassifier, total featuers = 3, featureFound = 1
06-21 15:14:06.863   972  1014 D ANDR-PERF-LM: Feature: getData() 112: data.data = 0
06-21 15:14:06.863   972  1014 I ANDR-PERF-LM: Core: lmMain() 391: runAsync for GameOptimization returned
06-21 15:14:06.863   972  1014 I ANDR-PERF-LM: Core: lmMain() 373: Waiting on trigger Queue
06-21 15:14:06.863   972  1014 I ANDR-PERF-LM: WQ: pop() 31: LMTriggerQ pop() size=0
06-21 15:14:06.862 18990 19002 I .apps.messagin: Background concurrent copying GC freed 32416(1849KB) AllocSpace objects, 0(0B) LOS objects, 49% free, 5885KB/11MB, paused 3.577ms total 294.167ms
06-21 15:14:06.867 19732 19732 D LifecycleMonitor: Lifecycle status change: androidx.test.core.app.InstrumentationActivityInvoker$BootstrapActivity@a2d4ae2 in: RESUMED
06-21 15:14:06.868 19732 19732 V ActivityScenario: Activity lifecycle changed event received but ignored because the intent does not match. startActivityIntent=Intent { act=android.intent.action.MAIN cat=[android.intent.category.LAUNCHER] cmp=com.example.dogglers/.VerticalListActivity }, activity.getIntent()=Intent { act=android.intent.action.MAIN cat=[android.intent.category.LAUNCHER] flg=0x10008000 cmp=com.example.dogglers/androidx.test.core.app.InstrumentationActivityInvoker$BootstrapActivity (has extras) }, activity=androidx.test.core.app.InstrumentationActivityInvoker$BootstrapActivity@a2d4ae2
06-21 15:14:06.875 24840 24840 D RecentsImpl: mActivityStateObserver androidx.test.core.app.InstrumentationActivityInvoker$BootstrapActivity
06-21 15:14:06.876 19732 19732 D LifecycleMonitor: Lifecycle status change: androidx.test.core.app.InstrumentationActivityInvoker$BootstrapActivity@a2d4ae2 in: PAUSED
06-21 15:14:06.877 24840 25110 D GestureStubView: resetRenderProperty: showGestureStub
06-21 15:14:06.877 24840 25110 D GestureStubView: showGestureStub
06-21 15:14:06.878 24840 25110 D GestureStubView: resetRenderProperty: showGestureStub
06-21 15:14:06.878 24840 25110 D GestureStubView: showGestureStub
06-21 15:14:06.878 19732 19732 V ActivityScenario: Activity lifecycle changed event received but ignored because the intent does not match. startActivityIntent=Intent { act=android.intent.action.MAIN cat=[android.intent.category.LAUNCHER] cmp=com.example.dogglers/.VerticalListActivity }, activity.getIntent()=Intent { act=android.intent.action.MAIN cat=[android.intent.category.LAUNCHER] flg=0x10008000 cmp=com.example.dogglers/androidx.test.core.app.InstrumentationActivityInvoker$BootstrapActivity (has extras) }, activity=androidx.test.core.app.InstrumentationActivityInvoker$BootstrapActivity@a2d4ae2
06-21 15:14:06.883   982 10464 I vendor.qti.hardware.servicetracker@1.2-service: Activity state is changed to : 4
06-21 15:14:06.883   982 10464 I vendor.qti.hardware.servicetracker@1.2-service: Activity state is changed to : 4
06-21 15:14:06.884   972   972 I ANDR-PERF-LM: LMPerfGlue: perfmodule_submit_request() 132: perfmodule_submit_request()
06-21 15:14:06.884   972   972 I ANDR-PERF-LM: Core: getInstance() 84: LM getInstance
06-21 15:14:06.884   972   972 I ANDR-PERF-LM: WQ: push() 59: LMTriggerQ push() size=0
06-21 15:14:06.884   972   972 I ANDR-PERF-LM: WQ: push() 61: LMTriggerQ push() done size=1
