06-21 15:14:09.689   972  1014 I ANDR-PERF-LM: WQ: pop() 42: LMTriggerQ pop() done size=0
06-21 15:14:09.689   972  1014 I ANDR-PERF-LM: Core: lmMain() 381: Calling runAsync for AdaptLaunch
06-21 15:14:09.689  1705  4492 D CompatibilityInfo: mCompatibilityFlags - 0
06-21 15:14:09.689  1705  4492 D CompatibilityInfo: applicationDensity - 440
06-21 15:14:09.689  1705  4492 D CompatibilityInfo: applicationScale - 1.0
06-21 15:14:09.690   972  1014 I ANDR-PERF-LM: MetaMeter: isValidAsync() 194: AsyncInfo: hintID = 4225
06-21 15:14:09.690   972  1014 I ANDR-PERF-LM: hintType: 102
06-21 15:14:09.690   972  1014 I ANDR-PERF-LM: isPrimary = 0
06-21 15:14:09.690   972  1014 I ANDR-PERF-LM: MetaMeter: isValidAsync() 203: Invalid (hintID,hintType,appName,duration,appPID,appThreadTID) = (4225, 102,com.example.dogglers,19732,1705,4492)
06-21 15:14:09.690   972  1014 E ANDR-PERF-LM: MetaMeter: handleAsync() 164: AdaptLaunch Invalid Async
06-21 15:14:09.690   972  1014 I ANDR-PERF-LM: Core: lmMain() 391: runAsync for AdaptLaunch returned
06-21 15:14:09.690   972  1014 I ANDR-PERF-LM: Core: lmMain() 373: Waiting on trigger Queue
06-21 15:14:09.690   972  1014 I ANDR-PERF-LM: WQ: pop() 31: LMTriggerQ pop() size=0
06-21 15:14:09.691   982 10879 I vendor.qti.hardware.servicetracker@1.2-service: Activity state is changed to : 2
06-21 15:14:09.692   982 10879 I vendor.qti.hardware.servicetracker@1.2-service: Activity state is changed to : 2
06-21 15:14:09.701 19732 19732 D LifecycleMonitor: Lifecycle status change: androidx.test.core.app.InstrumentationActivityInvoker$BootstrapActivity@be93bda in: DESTROYED
06-21 15:14:09.701 19732 19732 V ActivityScenario: Activity lifecycle changed event received but ignored because the intent does not match. startActivityIntent=Intent { act=android.intent.action.MAIN cat=[android.intent.category.LAUNCHER] cmp=com.example.dogglers/.VerticalListActivity }, activity.getIntent()=Intent { act=android.intent.action.MAIN cat=[android.intent.category.LAUNCHER] flg=0x10008000 cmp=com.example.dogglers/androidx.test.core.app.InstrumentationActivityInvoker$BootstrapActivity (has extras) }, activity=androidx.test.core.app.InstrumentationActivityInvoker$BootstrapActivity@be93bda
06-21 15:14:09.703   982 10464 I vendor.qti.hardware.servicetracker@1.2-service: Activity state is changed to : 9
06-21 15:14:09.703   982 10464 I vendor.qti.hardware.servicetracker@1.2-service: Activity state is changed to : 9
06-21 15:14:09.703  1705  4409 D MIUIInput: [FoucsChange]: Display  0 FocusedWindow From Window{809ea71 mode=1 rootTaskId=6359 u0 com.example.dogglers/androidx.test.core.app.InstrumentationActivityInvoker$EmptyActivity}(1,1)  to null(0,0)
06-21 15:14:09.703 18729 18729 W TcmReceiver: type=1400 audit(0.0:3078743): avc: denied { write } for name="tcm" dev="tmpfs" ino=15177 scontext=u:r:theme:s0 tcontext=u:object_r:vendor_dpmtcm_socket:s0 tclass=sock_file permissive=0
06-21 15:14:09.709 19732 19732 D LifecycleMonitor: Lifecycle status change: androidx.test.core.app.InstrumentationActivityInvoker$EmptyActivity@9df072f in: PRE_ON_CREATE
06-21 15:14:09.710 19732 19732 V ActivityScenario: Activity lifecycle changed event received but ignored because the intent does not match. startActivityIntent=Intent { act=android.intent.action.MAIN cat=[android.intent.category.LAUNCHER] cmp=com.example.dogglers/.VerticalListActivity }, activity.getIntent()=Intent { act=android.intent.action.MAIN cat=[android.intent.category.LAUNCHER] flg=0x10000000 cmp=com.example.dogglers/androidx.test.core.app.InstrumentationActivityInvoker$EmptyActivity }, activity=androidx.test.core.app.InstrumentationActivityInvoker$EmptyActivity@9df072f
06-21 15:14:09.719 19732 19732 D DecorView[]: getWindowModeFromSystem  windowmode is 1
06-21 15:14:09.719 19732 19732 D DecorView: createDecorCaptionView windowingMode:1 mWindowMode 1 isFullscreen: true
06-21 15:14:09.723 19732 19732 D LifecycleMonitor: Lifecycle status change: androidx.test.core.app.InstrumentationActivityInvoker$EmptyActivity@9df072f in: CREATED
06-21 15:14:09.723 19732 19732 V ActivityScenario: Activity lifecycle changed event received but ignored because the intent does not match. startActivityIntent=Intent { act=android.intent.action.MAIN cat=[android.intent.category.LAUNCHER] cmp=com.example.dogglers/.VerticalListActivity }, activity.getIntent()=Intent { act=android.intent.action.MAIN cat=[android.intent.category.LAUNCHER] flg=0x10000000 cmp=com.example.dogglers/androidx.test.core.app.InstrumentationActivityInvoker$EmptyActivity }, activity=androidx.test.core.app.InstrumentationActivityInvoker$EmptyActivity@9df072f
06-21 15:14:09.725 19732 19732 D LifecycleMonitor: Lifecycle status change: androidx.test.core.app.InstrumentationActivityInvoker$EmptyActivity@9df072f in: STARTED
06-21 15:14:09.725 19732 19732 V ActivityScenario: Activity lifecycle changed event received but ignored because the intent does not match. startActivityIntent=Intent { act=android.intent.action.MAIN cat=[android.intent.category.LAUNCHER] cmp=com.example.dogglers/.VerticalListActivity }, activity.getIntent()=Intent { act=android.intent.action.MAIN cat=[android.intent.category.LAUNCHER] flg=0x10000000 cmp=com.example.dogglers/androidx.test.core.app.InstrumentationActivityInvoker$EmptyActivity }, activity=androidx.test.core.app.InstrumentationActivityInvoker$EmptyActivity@9df072f
06-21 15:14:09.728 19732 19732 D LifecycleMonitor: Lifecycle status change: androidx.test.core.app.InstrumentationActivityInvoker$EmptyActivity@9df072f in: RESUMED
06-21 15:14:09.729 19732 19732 V ActivityScenario: Activity lifecycle changed event received but ignored because the intent does not match. startActivityIntent=Intent { act=android.intent.action.MAIN cat=[android.intent.category.LAUNCHER] cmp=com.example.dogglers/.VerticalListActivity }, activity.getIntent()=Intent { act=android.intent.action.MAIN cat=[android.intent.category.LAUNCHER] flg=0x10000000 cmp=com.example.dogglers/androidx.test.core.app.InstrumentationActivityInvoker$EmptyActivity }, activity=androidx.test.core.app.InstrumentationActivityInvoker$EmptyActivity@9df072f
06-21 15:14:09.739 24840 24840 D RecentsImpl: mActivityStateObserver androidx.test.core.app.InstrumentationActivityInvoker$EmptyActivity
06-21 15:14:09.741 24840 25110 D GestureStubView: resetRenderProperty: showGestureStub
06-21 15:14:09.741 24840 25110 D GestureStubView: showGestureStub
06-21 15:14:09.742 24840 25110 D GestureStubView: resetRenderProperty: showGestureStub
06-21 15:14:09.742 24840 25110 D GestureStubView: showGestureStub
06-21 15:14:09.757 24840 25110 D GestureStubView: gatherTransparentRegion: need render w:54  h:1440
06-21 15:14:09.774 24840 25110 D GestureStubView: gatherTransparentRegion: need render w:54  h:1440
06-21 15:14:09.796   972   972 I ANDR-PERF-LM: LMPerfGlue: perfmodule_submit_request() 132: perfmodule_submit_request()
06-21 15:14:09.796   972   972 I ANDR-PERF-LM: Core: getInstance() 84: LM getInstance
06-21 15:14:09.796   972   972 I ANDR-PERF-LM: WQ: push() 59: LMTriggerQ push() size=0
06-21 15:14:09.796   972   972 I ANDR-PERF-LM: WQ: push() 61: LMTriggerQ push() done size=1
06-21 15:14:09.796   972  1014 I ANDR-PERF-LM: WQ: pop() 42: LMTriggerQ pop() done size=0
06-21 15:14:09.796   972  1014 I ANDR-PERF-LM: Core: lmMain() 373: Waiting on trigger Queue
06-21 15:14:09.796   972  1014 I ANDR-PERF-LM: WQ: pop() 31: LMTriggerQ pop() size=0
06-21 15:14:09.798  1705  1900 I ActivityTaskManager: Displayed com.example.dogglers/androidx.test.core.app.InstrumentationActivityInvoker$EmptyActivity: +188ms
06-21 15:14:09.799   972   972 I ANDR-PERF-LM: LMPerfGlue: perfmodule_submit_request() 132: perfmodule_submit_request()
06-21 15:14:09.799   972   972 I ANDR-PERF-LM: Core: getInstance() 84: LM getInstance
06-21 15:14:09.799   972   972 D ANDR-PERF-LM: Feature: lookup() 101: Feature Name = AppClassifier, total featuers = 3, featureFound = 1
06-21 15:14:09.799   972   972 D ANDR-PERF-LM: Feature: getData() 112: data.data = 0
06-21 15:14:09.799   972   972 I ANDR-PERF-LM: FeedbackAPI: getFeedback() 60: app:com.example.dogglers feature:AppClassifier feedback = 0
06-21 15:14:09.812  1705  4409 D MIUIInput: [FoucsChange]: Display  0 FocusedWindow From null(0,0)  to Window{f41a18c mode=1 rootTaskId=6359 u0 com.example.dogglers/androidx.test.core.app.InstrumentationActivityInvoker$EmptyActivity}(1,1)
06-21 15:14:09.814 10194 10237 D MiuiPhoneStatusBarPolicy: updateManagedProfile: secondSpace = false
06-21 15:14:09.840  1705  1714 I system_server: Background young concurrent copying GC freed 188463(14MB) AllocSpace objects, 122(2164KB) LOS objects, 12% free, 108MB/123MB, paused 715us total 103.678ms
06-21 15:14:09.848  1705  1716 W System  : A resource failed to call release.
06-21 15:14:09.849  1705  1716 I chatty  : uid=1000(system) FinalizerDaemon identical 14 lines
06-21 15:14:09.849  1705  1716 W System  : A resource failed to call release.
06-21 15:14:09.849   972   972 I ANDR-PERF-LM: LMPerfGlue: perfmodule_submit_request() 132: perfmodule_submit_request()
06-21 15:14:09.849   972   972 I ANDR-PERF-LM: Core: getInstance() 84: LM getInstance
06-21 15:14:09.849   972   972 D ANDR-PERF-LM: Feature: lookup() 101: Feature Name = AppClassifier, total featuers = 3, featureFound = 1
06-21 15:14:09.849  1705  1716 W System  : A resource failed to call release.
06-21 15:14:09.849  1705  1716 W System  : A resource failed to call release.
06-21 15:14:09.850   972   972 D ANDR-PERF-LM: Feature: getData() 112: data.data = 0
06-21 15:14:09.850  1705  1716 W System  : A resource failed to call release.
06-21 15:14:09.850   972   972 I ANDR-PERF-LM: FeedbackAPI: getFeedback() 60: app:com.example.dogglers feature:AppClassifier feedback = 0
06-21 15:14:09.850  1705  1716 W System  : A resource failed to call release.
06-21 15:14:09.853  1705  1716 I chatty  : uid=1000(system) FinalizerDaemon identical 14 lines
06-21 15:14:09.853  1705  1716 W System  : A resource failed to call release.
06-21 15:14:09.866   982 10879 I vendor.qti.hardware.servicetracker@1.2-service: Activity state is changed to : 7
06-21 15:14:09.866   982 10879 I vendor.qti.hardware.servicetracker@1.2-service: Activity state is changed to : 7
06-21 15:14:09.867   982 10464 I vendor.qti.hardware.servicetracker@1.2-service: Activity state is changed to : 7
06-21 15:14:09.868   982 10464 I vendor.qti.hardware.servicetracker@1.2-service: Activity state is changed to : 8
06-21 15:14:09.868   982 10464 I vendor.qti.hardware.servicetracker@1.2-service: Activity state is changed to : 8
06-21 15:14:09.888  1705  2475 D ActivityTrigger: ActivityTrigger activityPauseTrigger
06-21 15:14:09.888   982 10879 I vendor.qti.hardware.servicetracker@1.2-service: Activity state is changed to : 3
06-21 15:14:09.888   972   972 I ANDR-PERF-LM: LMPerfGlue: perfmodule_submit_request() 132: perfmodule_submit_request()
06-21 15:14:09.888   972   972 I ANDR-PERF-LM: Core: getInstance() 84: LM getInstance
06-21 15:14:09.888   972   972 I ANDR-PERF-LM: WQ: push() 59: LMTriggerQ push() size=0
06-21 15:14:09.888   972   972 I ANDR-PERF-LM: WQ: push() 61: LMTriggerQ push() done size=1
06-21 15:14:09.889   972  1014 I ANDR-PERF-LM: WQ: pop() 42: LMTriggerQ pop() done size=0
06-21 15:14:09.889   972  1014 I ANDR-PERF-LM: Core: lmMain() 381: Calling runAsync for GameOptimization
06-21 15:14:09.889   972  1014 D ANDR-PERF-LM: Feature: lookup() 101: Feature Name = AppClassifier, total featuers = 3, featureFound = 1
06-21 15:14:09.889   972  1014 D ANDR-PERF-LM: Feature: getData() 112: data.data = 0
06-21 15:14:09.889   972  1014 I ANDR-PERF-LM: Core: lmMain() 391: runAsync for GameOptimization returned
06-21 15:14:09.889   972  1014 I ANDR-PERF-LM: Core: lmMain() 373: Waiting on trigger Queue
06-21 15:14:09.889   972  1014 I ANDR-PERF-LM: WQ: pop() 31: LMTriggerQ pop() size=0
06-21 15:14:09.889   982 10879 I vendor.qti.hardware.servicetracker@1.2-service: Activity state is changed to : 3
06-21 15:14:09.899 24840 24840 D EventBus: No subscribers registered for event class com.miui.home.recents.messages.TaskSnapshotChangedEvent
06-21 15:14:09.899 24840 24840 D EventBus: No subscribers registered for event class org.greenrobot.eventbus.NoSubscriberEvent
06-21 15:14:09.903 19732 19732 D LifecycleMonitor: Lifecycle status change: androidx.test.core.app.InstrumentationActivityInvoker$EmptyActivity@2e78398 in: STOPPED
06-21 15:14:09.904 19732 19732 V ActivityScenario: Activity lifecycle changed event received but ignored because the intent does not match. startActivityIntent=Intent { act=android.intent.action.MAIN cat=[android.intent.category.LAUNCHER] cmp=com.example.dogglers/.VerticalListActivity }, activity.getIntent()=Intent { act=android.intent.action.MAIN cat=[android.intent.category.LAUNCHER] flg=0x10000000 cmp=com.example.dogglers/androidx.test.core.app.InstrumentationActivityInvoker$EmptyActivity }, activity=androidx.test.core.app.InstrumentationActivityInvoker$EmptyActivity@2e78398
06-21 15:14:09.906 21865 21865 I GoogleInputMethodService: GoogleInputMethodService.onFinishInput():3220
06-21 15:14:09.907 21865 21865 I GoogleInputMethodService: GoogleInputMethodService.updateDeviceLockedStatus():2116 checkRepeatedly = false, unlocked = true
06-21 15:14:09.907 21865 21865 I GoogleInputMethodService: GoogleInputMethodService.onStartInput():1923 onStartInput(EditorInfo{inputType=0x0(NULL) imeOptions=0x0 privateImeOptions=null actionName=UNSPECIFIED actionLabel=null actionId=0 initialSelStart=-1 initialSelEnd=-1 initialCapsMode=0x0 hintText=null label=null packageName=com.example.dogglers fieldId=-1 fieldName=null extras=null}, false)
06-21 15:14:09.908 21865 21865 I GoogleInputMethodService: GoogleInputMethodService.updateDeviceLockedStatus():2116 checkRepeatedly = true, unlocked = true
06-21 15:14:09.908 19732 19732 D LifecycleMonitor: Lifecycle status change: androidx.test.core.app.InstrumentationActivityInvoker$EmptyActivity@2e78398 in: DESTROYED
06-21 15:14:09.909 19732 19732 V ActivityScenario: Activity lifecycle changed event received but ignored because the intent does not match. startActivityIntent=Intent { act=android.intent.action.MAIN cat=[android.intent.category.LAUNCHER] cmp=com.example.dogglers/.VerticalListActivity }, activity.getIntent()=Intent { act=android.intent.action.MAIN cat=[android.intent.category.LAUNCHER] flg=0x10000000 cmp=com.example.dogglers/androidx.test.core.app.InstrumentationActivityInvoker$EmptyActivity }, activity=androidx.test.core.app.InstrumentationActivityInvoker$EmptyActivity@2e78398
06-21 15:14:09.913  1705  4473 D MIUIInput: [FoucsChange]: Display  0 FocusedWindow From Window{f41a18c mode=1 rootTaskId=6359 u0 com.example.dogglers/androidx.test.core.app.InstrumentationActivityInvoker$EmptyActivity}(1,1)  to null(0,0)
06-21 15:14:09.920   982 10879 I vendor.qti.hardware.servicetracker@1.2-service: Activity state is changed to : 9
06-21 15:14:09.920   982 10464 I vendor.qti.hardware.servicetracker@1.2-service: Activity state is changed to : 9
06-21 15:14:09.921 19732 19732 D LifecycleMonitor: Lifecycle status change: androidx.test.core.app.InstrumentationActivityInvoker$EmptyActivity@9df072f in: PAUSED
06-21 15:14:09.922 19732 19732 V ActivityScenario: Activity lifecycle changed event received but ignored because the intent does not match. startActivityIntent=Intent { act=android.intent.action.MAIN cat=[android.intent.category.LAUNCHER] cmp=com.example.dogglers/.VerticalListActivity }, activity.getIntent()=Intent { act=android.intent.action.MAIN cat=[android.intent.category.LAUNCHER] flg=0x10000000 cmp=com.example.dogglers/androidx.test.core.app.InstrumentationActivityInvoker$EmptyActivity }, activity=androidx.test.core.app.InstrumentationActivityInvoker$EmptyActivity@9df072f
06-21 15:14:09.923   982 10464 I vendor.qti.hardware.servicetracker@1.2-service: Activity state is changed to : 4
06-21 15:14:09.923   982 10464 I vendor.qti.hardware.servicetracker@1.2-service: Activity state is changed to : 4
06-21 15:14:09.925   972   972 I ANDR-PERF-LM: LMPerfGlue: perfmodule_submit_request() 132: perfmodule_submit_request()
06-21 15:14:09.925   972   972 I ANDR-PERF-LM: Core: getInstance() 84: LM getInstance
06-21 15:14:09.925   972   972 I ANDR-PERF-LM: WQ: push() 59: LMTriggerQ push() size=0
06-21 15:14:09.925   972   972 I ANDR-PERF-LM: WQ: push() 61: LMTriggerQ push() done size=1
06-21 15:14:09.925   972  1014 I ANDR-PERF-LM: WQ: pop() 42: LMTriggerQ pop() done size=0
06-21 15:14:09.925   972  1014 I ANDR-PERF-LM: Core: lmMain() 381: Calling runAsync for GameOptimization
06-21 15:14:09.925   972  1014 D ANDR-PERF-LM: Feature: lookup() 101: Feature Name = AppClassifier, total featuers = 3, featureFound = 1
06-21 15:14:09.925   972  1014 D ANDR-PERF-LM: Feature: getData() 112: data.data = 1
06-21 15:14:09.926   972  1014 I ANDR-PERF-LM: Core: lmMain() 391: runAsync for GameOptimization returned
06-21 15:14:09.926   972  1014 I ANDR-PERF-LM: Core: lmMain() 373: Waiting on trigger Queue
06-21 15:14:09.926   972  1014 I ANDR-PERF-LM: WQ: pop() 31: LMTriggerQ pop() size=0
06-21 15:14:09.926   982 10464 I vendor.qti.hardware.servicetracker@1.2-service: Activity state is changed to : 5
06-21 15:14:09.926   982 10464 I vendor.qti.hardware.servicetracker@1.2-service: Activity state is changed to : 5
06-21 15:14:09.926   982 10464 I vendor.qti.hardware.servicetracker@1.2-service: Activity state is changed to : 2
06-21 15:14:09.928   982  1015 I vendor.qti.hardware.servicetracker@1.2-service: Activity state is changed to : 2
06-21 15:14:09.930  3914  3959 D AutoInstallService: onForegroundInfoChanged: com.mi.android.globallauncher
06-21 15:14:09.930  6642 18851 D PerfEngineController: ForegroundInfo{mForegroundPackageName='com.mi.android.globallauncher', mForegroundUid=10095, mForegroundPid=24840, mLastForegroundPackageName='com.example.dogglers', mLastForegroundUid=10387, mLastForegroundPid=19732, mMultiWindowForegroundPackageName='null', mMultiWindowForegroundUid=-1, mFlags=0}
06-21 15:14:09.931 24924 25140 I ProcessMonitor: onForegroundInfoChanged: ForegroundInfo{mForegroundPackageName='com.mi.android.globallauncher', mForegroundUid=10095, mForegroundPid=24840, mLastForegroundPackageName='com.example.dogglers', mLastForegroundUid=10387, mLastForegroundPid=19732, mMultiWindowForegroundPackageName='null', mMultiWindowForegroundUid=-1, mFlags=0}
06-21 15:14:09.931 20234 20251 I GST     : forePkg: com.mi.android.globallauncher, preForePkg: com.example.dogglers
06-21 15:14:09.931  6642  6763 I ThermalInfoCollector: collectForgroundAppsInfo
06-21 15:14:09.932 24924 25140 I GameBoosterService: onForegroundInfoChanged: Cur=com.mi.android.globallauncher	 last=com.example.dogglers
06-21 15:14:09.932 24924 25140 D GameBoosterService: onGameStatusChange foreground:ForegroundInfo{mForegroundPackageName='com.mi.android.globallauncher', mForegroundUid=10095, mForegroundPid=24840, mLastForegroundPackageName='com.example.dogglers', mLastForegroundUid=10387, mLastForegroundPid=19732, mMultiWindowForegroundPackageName='null', mMultiWindowForegroundUid=-1, mFlags=0}
06-21 15:14:09.933 24924 25140 I GameBoosterService: onForegroundInfoChanged: Exit
06-21 15:14:09.934 24924 25140 I VideoBoxUtils: isSupportVideoBox: true
06-21 15:14:09.934 24924 25140 I VideoToolBoxService: onForegroundInfoChanged: Exit Vtb
06-21 15:14:09.944 19732 19756 I TestRunner: finished: vertical_scrolling(com.example.dogglers.VerticalListTests)
