06-21 15:14:10.606 19732 19756 I TestRunner: started: vertical_scroll_content_at_first_position(com.example.dogglers.VerticalListTests)
06-21 15:14:10.608  1705  2516 D SchedBoost: thread tid=24840, priority is set to -10
06-21 15:14:10.608  1705  2516 D SchedBoost: thread tid=25107, priority is set to -10
06-21 15:14:10.611 19732 19756 W Settings: Setting always_finish_activities has moved from android.provider.Settings.System to android.provider.Settings.Global, returning read-only value.
06-21 15:14:10.618  1705  1869 D EventSequenceValidator: IntentStarted during UNKNOWN. Intent { act=android.intent.action.MAIN cat=[android.intent.category.LAUNCHER] flg=0x10008000 cmp=com.example.dogglers/androidx.test.core.app.InstrumentationActivityInvoker$BootstrapActivity (has extras) }
06-21 15:14:10.618  1705  1869 D EventSequenceValidator: java.lang.Throwable: EventSequenceValidator#getStackTrace
06-21 15:14:10.618  1705  1869 D EventSequenceValidator: 	at com.google.android.startop.iorap.EventSequenceValidator.logWarningWithStackTrace(EventSequenceValidator.java:260)
06-21 15:14:10.618  1705  1869 D EventSequenceValidator: 	at com.google.android.startop.iorap.EventSequenceValidator.onIntentStarted(EventSequenceValidator.java:106)
06-21 15:14:10.618  1705  1869 D EventSequenceValidator: 	at com.android.server.wm.LaunchObserverRegistryImpl.handleOnIntentStarted(LaunchObserverRegistryImpl.java:139)
06-21 15:14:10.618  1705  1869 D EventSequenceValidator: 	at com.android.server.wm.LaunchObserverRegistryImpl.lambda$veRn_GhgLZLlOHOJ0ZYT6KcfYqo(Unknown Source:0)
06-21 15:14:10.618  1705  1869 D EventSequenceValidator: 	at com.android.server.wm.-$$Lambda$LaunchObserverRegistryImpl$veRn_GhgLZLlOHOJ0ZYT6KcfYqo.accept(Unknown Source:10)
06-21 15:14:10.618  1705  1869 D EventSequenceValidator: 	at com.android.internal.util.function.pooled.PooledLambdaImpl.doInvoke(PooledLambdaImpl.java:292)
06-21 15:14:10.618  1705  1869 D EventSequenceValidator: 	at com.android.internal.util.function.pooled.PooledLambdaImpl.invoke(PooledLambdaImpl.java:201)
06-21 15:14:10.618  1705  1869 D EventSequenceValidator: 	at com.android.internal.util.function.pooled.OmniFunction.run(OmniFunction.java:97)
06-21 15:14:10.618  1705  1869 D EventSequenceValidator: 	at android.os.Handler.handleCallback(Handler.java:938)
06-21 15:14:10.618  1705  1869 D EventSequenceValidator: 	at android.os.Handler.dispatchMessage(Handler.java:99)
06-21 15:14:10.618  1705  1869 D EventSequenceValidator: 	at android.os.Looper.loop(Looper.java:236)
06-21 15:14:10.618  1705  1869 D EventSequenceValidator: 	at android.os.HandlerThread.run(HandlerThread.java:67)
06-21 15:14:10.618  1705  1869 D EventSequenceValidator: 	at com.android.server.ServiceThread.run(ServiceThread.java:45)
06-21 15:14:10.618  1705  1869 D EventSequenceValidator: inc AccIntentStartedEvents to 8
06-21 15:14:10.618  1705  4408 D MiuiMultiWindowAdapter: MiuiMultiWindowAdapter::getFreeformBlackList::sSmallWindowBlackList = [com.miui.securitycenter, com.miui.miservice, com.xiaomi.calendar, com.miui.mishare.connectivity, com.android.settings, com.android.printspooler, com.miui.backup, com.miui.huanji, com.android.thememanager, com.mfashiongallery.emag, com.miui.virtualsim, com.miui.smarttravel, com.mi.health, com.android.camera, com.lbe.security.miui, com.miui.cleanmaster, com.miui.newhome, com.miui.voiceassist, com.android.phone, com.miui.yellowpage, com.android.updater, com.miui.tsmclient, com.miui.securitycore, com.xiaomi.account, com.xiaomi.shop, com.mipay.wallet, com.xiaomi.youpin, com.xiaomi.hm.health, com.miui.bugreport, com.xiaomi.mibrain.speech, com.xiaomi.mimoji, com.xiaomi.scanner, com.duokan.phone.remotecontroller, com.miui.hybrid, com.miui.video, com.miui.videoplayer, com.miui.fm, com.miui.packageinstaller, com.mi.android.globallauncher, com.mi.android.globallauncher-poco, com.google.android.dialer, com.google.android.apps.magazines, com.miui.compass, com.miui.greenguard, com.kiteguard, com.google.android.apps.prodcasts, com.google.ar.lens, com.xiangkan.android, com.android.bankabc, com.sohu.inputmethod.sogou, com.tencent.mtt, com.shyz.toutiao, com.netease.mc.mi, com.outfit7.talkingtomgoldrun.mi, com.doudz.mi, com.wepie.snake.new.mi, cn.jj, com.standddz002.mi, com.miHoYo.bh3.mi, com.qqgame.hlddz, com.happyelements.AndroidAnimal, com.minitech.miniworld.TMobile.mi, com.mfp.jelly.xiaomi, com.lilithgames.afk.mi, com.tencent.peng, com.teenpatti.hd.gold, blockpuzzle.jewelgames.jewelslegend, com.playgendary.tanks, com.chillingo.robberybobfree.android.row, com.episodeinteractive.android.catalog, com.playrix.township, com.ansangha.drdriving, com.google.android.youtube, com.gbits.atm.mi, com.tencent.tetris, com.sukhavati.gotoplaying.bubble.BubbleShooter.mint, com.block.puzzle.game.hippo.mi, com.youzu.bs.mi, com.baidu.BaiduMap, com.google.android.googlequicksearchbox, com.appsomniacs.da2, com.android.stk, com.feiyu.carrot3.mi, com.popcap.pvz2cthdxm, com.mxtech.videoplayer.ad, cn.cisc, com.kiloo.subwaysurf, com.cncyj.mostbrain, pdf.tap.scanner, com.og.ttddz.mi, com.ximalaya.ting.lite, com.google.android.apps.podcasts, com.google.android.apps.googleassistant, com.netease.onmyoji.mi, com.netease.onmyoji.bili, com.netease.mrzh.mi, com.netease.mrzh.bili, com.tencent.tmgp.yys.zqb, com.google.android.gm, com.google.android.calendar, com.android.chrome, com.google.android.apps.youtube.music, com.netease.pes.huawei, com.netease.pes.mi, com.netease.pes.bili, com.flyfish.supermario, com.picsart.studio, com.netease.dwrg.mi, com.netease.dwrg.bili, com.netease.dwrg.nearme.gamecenter, com.netease.dwrg, com.netease.dwrg.huawei, com.tencent.tmgp.dwrg, com.netease.dwrg.m4399, com.netease.dwrg.mz, com.netease.dwrg.aligames, com.netease.dwrg.baidu, com.netease.dwrg.qihoo, com.moji.mjweather, com.tencent.tmgp.kof98, com.netease.onmyoji, com.taobao.idlefish, com.ledou.mhhy.mi, com.hzfy.ddzbs.mi, com.qsmy.walkmonkey, com.fy.bzzbc.mi, com.dw.xprqj.mi, com.miui.accessibility, com.ymt.nbaftx.mi]
06-21 15:14:10.619   982 10464 I vendor.qti.hardware.servicetracker@1.2-service: Activity state is changed to : 0
06-21 15:14:10.619   982 10464 I vendor.qti.hardware.servicetracker@1.2-service: Activity state is changed to : 0
06-21 15:14:10.619   972   972 I ANDR-PERF-LM: LMPerfGlue: perfmodule_submit_request() 132: perfmodule_submit_request()
06-21 15:14:10.619   972   972 I ANDR-PERF-LM: Core: getInstance() 84: LM getInstance
06-21 15:14:10.619   972   972 I ANDR-PERF-LM: WQ: push() 59: LMTriggerQ push() size=0
06-21 15:14:10.619   972   972 I ANDR-PERF-LM: WQ: push() 61: LMTriggerQ push() done size=1
06-21 15:14:10.619   972  1014 I ANDR-PERF-LM: WQ: pop() 42: LMTriggerQ pop() done size=0
06-21 15:14:10.619   972  1014 I ANDR-PERF-LM: Core: lmMain() 381: Calling runAsync for AdaptLaunch
06-21 15:14:10.619   972  1014 D ANDR-PERF-LM: Feature: lookup() 101: Feature Name = AppClassifier, total featuers = 3, featureFound = 1
06-21 15:14:10.620   972  1014 D ANDR-PERF-LM: Feature: getData() 112: data.data = 0
06-21 15:14:10.620   972  1014 I ANDR-PERF-LM: Core: lmMain() 391: runAsync for AdaptLaunch returned
06-21 15:14:10.620   972  1014 I ANDR-PERF-LM: Core: lmMain() 373: Waiting on trigger Queue
06-21 15:14:10.620   972  1014 I ANDR-PERF-LM: WQ: pop() 31: LMTriggerQ pop() size=0
06-21 15:14:10.620   972   972 I ANDR-PERF-LM: LMPerfGlue: perfmodule_submit_request() 132: perfmodule_submit_request()
06-21 15:14:10.620   972   972 I ANDR-PERF-LM: Core: getInstance() 84: LM getInstance
06-21 15:14:10.620   972   972 I ANDR-PERF-LM: WQ: push() 59: LMTriggerQ push() size=0
06-21 15:14:10.620   972   972 I ANDR-PERF-LM: WQ: push() 61: LMTriggerQ push() done size=1
06-21 15:14:10.620   972   972 I ANDR-PERF-LM: LMPerfGlue: perfmodule_submit_request() 132: perfmodule_submit_request()
06-21 15:14:10.620   972   972 I ANDR-PERF-LM: Core: getInstance() 84: LM getInstance
06-21 15:14:10.620   972   972 D ANDR-PERF-LM: Feature: lookup() 101: Feature Name = AppClassifier, total featuers = 3, featureFound = 1
06-21 15:14:10.620   972   972 D ANDR-PERF-LM: Feature: getData() 112: data.data = 0
06-21 15:14:10.620   972   972 I ANDR-PERF-LM: FeedbackAPI: getFeedback() 60: app:com.example.dogglers feature:AppClassifier feedback = 0
06-21 15:14:10.620   972  1014 I ANDR-PERF-LM: WQ: pop() 42: LMTriggerQ pop() done size=0
06-21 15:14:10.620   972  1014 I ANDR-PERF-LM: Core: lmMain() 381: Calling runAsync for AdaptLaunch
06-21 15:14:10.620   972  1014 I ANDR-PERF-LM: MetaMeter: isValidAsync() 194: AsyncInfo: hintID = 4225
06-21 15:14:10.620   972  1014 I ANDR-PERF-LM: hintType: 2
06-21 15:14:10.620   972  1014 I ANDR-PERF-LM: isPrimary = 0
06-21 15:14:10.620   972  1014 I ANDR-PERF-LM: MetaMeter: isValidAsync() 203: Invalid (hintID,hintType,appName,duration,appPID,appThreadTID) = (4225, 2,com.example.dogglers,-1,1705,4408)
06-21 15:14:10.620   972  1014 E ANDR-PERF-LM: MetaMeter: handleAsync() 164: AdaptLaunch Invalid Async
06-21 15:14:10.620   972  1014 I ANDR-PERF-LM: Core: lmMain() 391: runAsync for AdaptLaunch returned
06-21 15:14:10.620   972  1014 I ANDR-PERF-LM: Core: lmMain() 373: Waiting on trigger Queue
06-21 15:14:10.620   972  1014 I ANDR-PERF-LM: WQ: pop() 31: LMTriggerQ pop() size=0
06-21 15:14:10.621   972   972 I ANDR-PERF-LM: LMPerfGlue: perfmodule_submit_request() 132: perfmodule_submit_request()
06-21 15:14:10.621   972   972 I ANDR-PERF-LM: Core: getInstance() 84: LM getInstance
06-21 15:14:10.621   972   972 I ANDR-PERF-LM: WQ: push() 59: LMTriggerQ push() size=0
06-21 15:14:10.621   972   972 I ANDR-PERF-LM: WQ: push() 61: LMTriggerQ push() done size=1
06-21 15:14:10.621   972  1014 I ANDR-PERF-LM: WQ: pop() 42: LMTriggerQ pop() done size=0
06-21 15:14:10.621   972  1014 I ANDR-PERF-LM: Core: lmMain() 381: Calling runAsync for AdaptLaunch
06-21 15:14:10.621   972  1014 I ANDR-PERF-LM: MetaMeter: isValidAsync() 194: AsyncInfo: hintID = 4225
06-21 15:14:10.621   972  1014 I ANDR-PERF-LM: hintType: 3
06-21 15:14:10.621   972  1014 I ANDR-PERF-LM: isPrimary = 0
06-21 15:14:10.621   972  1014 I ANDR-PERF-LM: MetaMeter: isValidAsync() 203: Invalid (hintID,hintType,appName,duration,appPID,appThreadTID) = (4225, 3,com.example.dogglers,-1,1705,4408)
06-21 15:14:10.621   972  1014 E ANDR-PERF-LM: MetaMeter: handleAsync() 164: AdaptLaunch Invalid Async
06-21 15:14:10.621   972  1014 I ANDR-PERF-LM: Core: lmMain() 391: runAsync for AdaptLaunch returned
06-21 15:14:10.621   972  1014 I ANDR-PERF-LM: Core: lmMain() 373: Waiting on trigger Queue
06-21 15:14:10.621   972  1014 I ANDR-PERF-LM: WQ: pop() 31: LMTriggerQ pop() size=0
06-21 15:14:10.621  1705  4408 E ANDR-PERF-JNI: com_qualcomm_qtiperformance_native_perf_io_prefetch_start
06-21 15:14:10.625   972   972 I ANDR-PERF-LM: LMPerfGlue: perfmodule_submit_request() 132: perfmodule_submit_request()
06-21 15:14:10.625   972   972 I ANDR-PERF-LM: Core: getInstance() 84: LM getInstance
06-21 15:14:10.625   972   972 I ANDR-PERF-LM: WQ: push() 59: LMTriggerQ push() size=0
06-21 15:14:10.625   972   972 I ANDR-PERF-LM: WQ: push() 61: LMTriggerQ push() done size=1
06-21 15:14:10.625   972  1014 I ANDR-PERF-LM: WQ: pop() 42: LMTriggerQ pop() done size=0
06-21 15:14:10.625   972  1014 I ANDR-PERF-LM: Core: lmMain() 381: Calling runAsync for AdaptLaunch
06-21 15:14:10.625   972  1014 I ANDR-PERF-LM: Core: lmMain() 391: runAsync for AdaptLaunch returned
06-21 15:14:10.625   972  1014 I ANDR-PERF-LM: Core: lmMain() 373: Waiting on trigger Queue
06-21 15:14:10.625   972  1014 I ANDR-PERF-LM: WQ: pop() 31: LMTriggerQ pop() size=0
06-21 15:14:10.626   972   972 I ANDR-PERF-LM: LMPerfGlue: perfmodule_submit_request() 132: perfmodule_submit_request()
06-21 15:14:10.626   972   972 I ANDR-PERF-LM: Core: getInstance() 84: LM getInstance
06-21 15:14:10.626   972   972 I ANDR-PERF-LM: WQ: push() 59: LMTriggerQ push() size=0
06-21 15:14:10.626   972   972 I ANDR-PERF-LM: WQ: push() 61: LMTriggerQ push() done size=1
06-21 15:14:10.626   972  1014 I ANDR-PERF-LM: WQ: pop() 42: LMTriggerQ pop() done size=0
06-21 15:14:10.626   972  1014 I ANDR-PERF-LM: Core: lmMain() 381: Calling runAsync for AdaptLaunch
06-21 15:14:10.626   972  1014 I ANDR-PERF-LM: Core: lmMain() 391: runAsync for AdaptLaunch returned
06-21 15:14:10.626   972  1014 I ANDR-PERF-LM: Core: lmMain() 373: Waiting on trigger Queue
06-21 15:14:10.626   972  1014 I ANDR-PERF-LM: WQ: pop() 31: LMTriggerQ pop() size=0
06-21 15:14:10.629  1705  4408 D CompatibilityInfo: mCompatibilityFlags - 0
06-21 15:14:10.629  1705  4408 D CompatibilityInfo: applicationDensity - 440
06-21 15:14:10.629  1705  4408 D CompatibilityInfo: applicationScale - 1.0
06-21 15:14:10.630   982 10464 I vendor.qti.hardware.servicetracker@1.2-service: Activity state is changed to : 2
06-21 15:14:10.631   972   972 I ANDR-PERF-LM: LMPerfGlue: perfmodule_submit_request() 132: perfmodule_submit_request()
06-21 15:14:10.631   972   972 I ANDR-PERF-LM: Core: getInstance() 84: LM getInstance
06-21 15:14:10.631   972   972 I ANDR-PERF-LM: WQ: push() 59: LMTriggerQ push() size=0
06-21 15:14:10.631   972   972 I ANDR-PERF-LM: WQ: push() 61: LMTriggerQ push() done size=1
06-21 15:14:10.631   972  1014 I ANDR-PERF-LM: WQ: pop() 42: LMTriggerQ pop() done size=0
06-21 15:14:10.631   972  1014 I ANDR-PERF-LM: Core: lmMain() 381: Calling runAsync for GameOptimization
06-21 15:14:10.631   972  1014 D ANDR-PERF-LM: Feature: lookup() 101: Feature Name = AppClassifier, total featuers = 3, featureFound = 1
06-21 15:14:10.631   972  1014 D ANDR-PERF-LM: Feature: getData() 112: data.data = 0
06-21 15:14:10.631   972  1014 I ANDR-PERF-LM: Core: lmMain() 391: runAsync for GameOptimization returned
06-21 15:14:10.631   972  1014 I ANDR-PERF-LM: Core: lmMain() 373: Waiting on trigger Queue
06-21 15:14:10.631   972  1014 I ANDR-PERF-LM: WQ: pop() 31: LMTriggerQ pop() size=0
06-21 15:14:10.631   970   993 E ANDR-IOP: io prefetch is disabled
06-21 15:14:10.632  1705  4408 D ActivityTrigger: ActivityTrigger activityPauseTrigger
06-21 15:14:10.632   972   972 I ANDR-PERF-LM: LMPerfGlue: perfmodule_submit_request() 132: perfmodule_submit_request()
06-21 15:14:10.632   972   972 I ANDR-PERF-LM: Core: getInstance() 84: LM getInstance
06-21 15:14:10.632   972   972 I ANDR-PERF-LM: WQ: push() 59: LMTriggerQ push() size=0
06-21 15:14:10.632   972   972 I ANDR-PERF-LM: WQ: push() 61: LMTriggerQ push() done size=1
06-21 15:14:10.632   982 10464 I vendor.qti.hardware.servicetracker@1.2-service: Activity state is changed to : 3
06-21 15:14:10.632   982 10464 I vendor.qti.hardware.servicetracker@1.2-service: Activity state is changed to : 3
06-21 15:14:10.632   972  1014 I ANDR-PERF-LM: WQ: pop() 42: LMTriggerQ pop() done size=0
06-21 15:14:10.632   972  1014 I ANDR-PERF-LM: Core: lmMain() 381: Calling runAsync for GameOptimization
06-21 15:14:10.632   972  1014 D ANDR-PERF-LM: Feature: lookup() 101: Feature Name = AppClassifier, total featuers = 3, featureFound = 1
06-21 15:14:10.632   972  1014 D ANDR-PERF-LM: Feature: getData() 112: data.data = 1
06-21 15:14:10.632   972  1014 I ANDR-PERF-LM: Core: lmMain() 391: runAsync for GameOptimization returned
06-21 15:14:10.632   972  1014 I ANDR-PERF-LM: Core: lmMain() 373: Waiting on trigger Queue
06-21 15:14:10.632   972  1014 I ANDR-PERF-LM: WQ: pop() 31: LMTriggerQ pop() size=0
06-21 15:14:10.642   982 10464 I vendor.qti.hardware.servicetracker@1.2-service: bindService is called for service : com.xiaomi.discover/com.xiaomi.market.data.AppDownloadService and for client com.mi.android.globallauncher
06-21 15:14:10.642  1705  1869 D EventSequenceValidator: onActivityLaunched during UNKNOWN.
06-21 15:14:10.642  1705  1869 D EventSequenceValidator: java.lang.Throwable: EventSequenceValidator#getStackTrace
06-21 15:14:10.642  1705  1869 D EventSequenceValidator: 	at com.google.android.startop.iorap.EventSequenceValidator.logWarningWithStackTrace(EventSequenceValidator.java:260)
06-21 15:14:10.642  1705  1869 D EventSequenceValidator: 	at com.google.android.startop.iorap.EventSequenceValidator.onActivityLaunched(EventSequenceValidator.java:149)
06-21 15:14:10.642  1705  1869 D EventSequenceValidator: 	at com.android.server.wm.LaunchObserverRegistryImpl.handleOnActivityLaunched(LaunchObserverRegistryImpl.java:157)
06-21 15:14:10.642  1705  1869 D EventSequenceValidator: 	at com.android.server.wm.LaunchObserverRegistryImpl.lambda$UGY1OclnLIQLMEL9B55qjERFf4o(Unknown Source:0)
06-21 15:14:10.642  1705  1869 D EventSequenceValidator: 	at com.android.server.wm.-$$Lambda$LaunchObserverRegistryImpl$UGY1OclnLIQLMEL9B55qjERFf4o.accept(Unknown Source:10)
06-21 15:14:10.642  1705  1869 D EventSequenceValidator: 	at com.android.internal.util.function.pooled.PooledLambdaImpl.doInvoke(PooledLambdaImpl.java:292)
06-21 15:14:10.642  1705  1869 D EventSequenceValidator: 	at com.android.internal.util.function.pooled.PooledLambdaImpl.invoke(PooledLambdaImpl.java:201)
06-21 15:14:10.642  1705  1869 D EventSequenceValidator: 	at com.android.internal.util.function.pooled.OmniFunction.run(OmniFunction.java:97)
06-21 15:14:10.642  1705  1869 D EventSequenceValidator: 	at android.os.Handler.handleCallback(Handler.java:938)
06-21 15:14:10.642  1705  1869 D EventSequenceValidator: 	at android.os.Handler.dispatchMessage(Handler.java:99)
06-21 15:14:10.642  1705  1869 D EventSequenceValidator: 	at android.os.Looper.loop(Looper.java:236)
06-21 15:14:10.642  1705  1869 D EventSequenceValidator: 	at android.os.HandlerThread.run(HandlerThread.java:67)
06-21 15:14:10.642  1705  1869 D EventSequenceValidator: 	at com.android.server.ServiceThread.run(ServiceThread.java:45)
06-21 15:14:10.642   982 10464 I vendor.qti.hardware.servicetracker@1.2-service: total connections for service : com.xiaomi.discover/com.xiaomi.market.data.AppDownloadServiceare :1
06-21 15:14:10.642   982 10464 I vendor.qti.hardware.servicetracker@1.2-service: total connections for client : com.mi.android.globallauncherare :3
06-21 15:14:10.642  1705  4408 D CompatibilityInfo: mCompatibilityFlags - 0
06-21 15:14:10.642  1705  4408 D CompatibilityInfo: applicationDensity - 440
06-21 15:14:10.642  1705  4408 D CompatibilityInfo: applicationScale - 1.0
06-21 15:14:10.643 24840 24840 D ScreenElementRoot: pause
06-21 15:14:10.645   972   972 I ANDR-PERF-LM: LMPerfGlue: perfmodule_submit_request() 132: perfmodule_submit_request()
06-21 15:14:10.645   972   972 I ANDR-PERF-LM: Core: getInstance() 84: LM getInstance
06-21 15:14:10.645   972   972 I ANDR-PERF-LM: WQ: push() 59: LMTriggerQ push() size=0
06-21 15:14:10.645   972   972 I ANDR-PERF-LM: WQ: push() 61: LMTriggerQ push() done size=1
06-21 15:14:10.646   982 10464 I vendor.qti.hardware.servicetracker@1.2-service: startService() is called for servicecom.xiaomi.discover/com.xiaomi.market.data.AppDownloadService
06-21 15:14:10.646   982 10464 I vendor.qti.hardware.servicetracker@1.2-service: Activity state is changed to : 4
06-21 15:14:10.646   982 10464 I vendor.qti.hardware.servicetracker@1.2-service: Activity state is changed to : 4
06-21 15:14:10.646   982 10464 I vendor.qti.hardware.servicetracker@1.2-service: Activity state is changed to : 2
06-21 15:14:10.646   972   972 I ANDR-PERF-LM: LMPerfGlue: perfmodule_submit_request() 132: perfmodule_submit_request()
06-21 15:14:10.646   972   972 I ANDR-PERF-LM: Core: getInstance() 84: LM getInstance
06-21 15:14:10.646   972   972 I ANDR-PERF-LM: WQ: push() 59: LMTriggerQ push() size=1
06-21 15:14:10.646   972   972 I ANDR-PERF-LM: WQ: push() 61: LMTriggerQ push() done size=2
06-21 15:14:10.647  1705  5178 D CompatibilityInfo: mCompatibilityFlags - 0
06-21 15:14:10.647  1705  5178 D CompatibilityInfo: applicationDensity - 440
06-21 15:14:10.647  1705  5178 D CompatibilityInfo: applicationScale - 1.0
06-21 15:14:10.650   982 10879 I vendor.qti.hardware.servicetracker@1.2-service: Activity state is changed to : 2
06-21 15:14:10.650   982 10879 I vendor.qti.hardware.servicetracker@1.2-service: Activity state is changed to : 2
06-21 15:14:10.651   972  1014 I ANDR-PERF-LM: WQ: pop() 42: LMTriggerQ pop() done size=1
06-21 15:14:10.651   972  1014 I ANDR-PERF-LM: Core: lmMain() 381: Calling runAsync for GameOptimization
06-21 15:14:10.651   972  1014 D ANDR-PERF-LM: Feature: lookup() 101: Feature Name = AppClassifier, total featuers = 3, featureFound = 1
06-21 15:14:10.651   972  1014 D ANDR-PERF-LM: Feature: getData() 112: data.data = 0
06-21 15:14:10.651   972  1014 I ANDR-PERF-LM: Core: lmMain() 391: runAsync for GameOptimization returned
06-21 15:14:10.651   972  1014 I ANDR-PERF-LM: Core: lmMain() 373: Waiting on trigger Queue
06-21 15:14:10.651   972  1014 I ANDR-PERF-LM: WQ: pop() 31: LMTriggerQ pop() size=1
06-21 15:14:10.651   972  1014 I ANDR-PERF-LM: WQ: pop() 42: LMTriggerQ pop() done size=0
06-21 15:14:10.651   972  1014 I ANDR-PERF-LM: Core: lmMain() 381: Calling runAsync for AdaptLaunch
06-21 15:14:10.652   972  1014 I ANDR-PERF-LM: MetaMeter: isValidAsync() 194: AsyncInfo: hintID = 4225
06-21 15:14:10.652   972  1014 I ANDR-PERF-LM: hintType: 102
06-21 15:14:10.652   972  1014 I ANDR-PERF-LM: isPrimary = 0
06-21 15:14:10.652   972  1014 I ANDR-PERF-LM: MetaMeter: isValidAsync() 203: Invalid (hintID,hintType,appName,duration,appPID,appThreadTID) = (4225, 102,com.example.dogglers,19732,1705,5178)
06-21 15:14:10.652   972  1014 E ANDR-PERF-LM: MetaMeter: handleAsync() 164: AdaptLaunch Invalid Async
06-21 15:14:10.652   972  1014 I ANDR-PERF-LM: Core: lmMain() 391: runAsync for AdaptLaunch returned
06-21 15:14:10.652   972  1014 I ANDR-PERF-LM: Core: lmMain() 373: Waiting on trigger Queue
06-21 15:14:10.652   972  1014 I ANDR-PERF-LM: WQ: pop() 31: LMTriggerQ pop() size=0
06-21 15:14:10.652  3914  3959 D AutoInstallService: onForegroundInfoChanged: com.example.dogglers
06-21 15:14:10.652  6642 15062 D PerfEngineController: ForegroundInfo{mForegroundPackageName='com.example.dogglers', mForegroundUid=10387, mForegroundPid=19732, mLastForegroundPackageName='com.mi.android.globallauncher', mLastForegroundUid=10095, mLastForegroundPid=24840, mMultiWindowForegroundPackageName='null', mMultiWindowForegroundUid=-1, mFlags=0}
06-21 15:14:10.652 20234 20251 I GST     : forePkg: com.example.dogglers, preForePkg: com.mi.android.globallauncher
06-21 15:14:10.652  6642  6763 I ThermalInfoCollector: collectForgroundAppsInfo
06-21 15:14:10.653 24924 25140 I ProcessMonitor: onForegroundInfoChanged: ForegroundInfo{mForegroundPackageName='com.example.dogglers', mForegroundUid=10387, mForegroundPid=19732, mLastForegroundPackageName='com.mi.android.globallauncher', mLastForegroundUid=10095, mLastForegroundPid=24840, mMultiWindowForegroundPackageName='null', mMultiWindowForegroundUid=-1, mFlags=0}
06-21 15:14:10.654 24924 25140 I GameBoosterService: onForegroundInfoChanged: Cur=com.example.dogglers	 last=com.mi.android.globallauncher
06-21 15:14:10.655  1705  1870 D DecorView: createDecorCaptionView windowingMode:1 mWindowMode 1 isFullscreen: true
06-21 15:14:10.656 24924 25140 D GameBoosterService: onGameStatusChange foreground:ForegroundInfo{mForegroundPackageName='com.example.dogglers', mForegroundUid=10387, mForegroundPid=19732, mLastForegroundPackageName='com.mi.android.globallauncher', mLastForegroundUid=10095, mLastForegroundPid=24840, mMultiWindowForegroundPackageName='null', mMultiWindowForegroundUid=-1, mFlags=0}
06-21 15:14:10.656 24924 25140 I GameBoosterService: onForegroundInfoChanged: Exit
06-21 15:14:10.656 24924 25140 I VideoBoxUtils: isSupportVideoBox: true
06-21 15:14:10.657 24924 25140 I VideoToolBoxService: onForegroundInfoChanged: Exit Vtb
06-21 15:14:10.657  1705  2318 I MiuiNetworkPolicy: updateUidState uid = 10125, uidState = 3
06-21 15:14:10.657  1705  2318 I MiuiNetworkPolicy: updateUidState uid = 10387, uidState = 2
06-21 15:14:10.660 10194 10194 D StatusBar: disable<e i a s b h r c!s > disable2<q i n >
06-21 15:14:10.672 24840 24840 I RenderVsyncUpdater: All controllers paused.
06-21 15:14:10.674  4274  7072 I com.miui.daemo: oneway function results will be dropped but finished with status OK and parcel size 4
06-21 15:14:10.678 19732 19732 D LifecycleMonitor: Lifecycle status change: androidx.test.core.app.InstrumentationActivityInvoker$BootstrapActivity@330db1 in: PRE_ON_CREATE
06-21 15:14:10.679 19732 19732 V ActivityScenario: Activity lifecycle changed event received but ignored because the intent does not match. startActivityIntent=Intent { act=android.intent.action.MAIN cat=[android.intent.category.LAUNCHER] cmp=com.example.dogglers/.VerticalListActivity }, activity.getIntent()=Intent { act=android.intent.action.MAIN cat=[android.intent.category.LAUNCHER] flg=0x10008000 cmp=com.example.dogglers/androidx.test.core.app.InstrumentationActivityInvoker$BootstrapActivity (has extras) }, activity=androidx.test.core.app.InstrumentationActivityInvoker$BootstrapActivity@330db1
06-21 15:14:10.680   982 24301 I vendor.qti.hardware.servicetracker@1.2-service: unbindService is called for service : com.xiaomi.discover/com.xiaomi.market.data.AppDownloadService and for client com.mi.android.globallauncher
06-21 15:14:10.680   982 24301 I vendor.qti.hardware.servicetracker@1.2-service: size of service connections for service: com.xiaomi.discover/com.xiaomi.market.data.AppDownloadServiceafter removal is 0
06-21 15:14:10.680   982 24301 I vendor.qti.hardware.servicetracker@1.2-service: size of client connections for client: com.mi.android.globallauncherafter removal is 2
06-21 15:14:10.686  1705  2475 D MIUIInput: [FoucsChange]: Display  0 FocusedWindow From Window{970ef25 mode=1 rootTaskId=1 u0 com.mi.android.globallauncher/com.miui.home.launcher.Launcher}(1,1)  to null(0,0)
06-21 15:14:10.686   982 24301 I vendor.qti.hardware.servicetracker@1.2-service: destroyService is called for service : com.xiaomi.discover/com.xiaomi.market.data.AppDownloadService
06-21 15:14:10.691 10194 10356 W RenderInspector: DequeueBuffer time out on StatusBar, count=1, avg=34 ms, max=34 ms.
06-21 15:14:10.692  1705  2318 I MiuiNetworkPolicy: updateUidState uid = 10125, uidState = 19
06-21 15:14:10.700 19732 19732 D DecorView[]: getWindowModeFromSystem  windowmode is 1
06-21 15:14:10.700 19732 19732 D DecorView: createDecorCaptionView windowingMode:1 mWindowMode 1 isFullscreen: true
06-21 15:14:10.707 19732 19732 D LifecycleMonitor: Lifecycle status change: androidx.test.core.app.InstrumentationActivityInvoker$BootstrapActivity@330db1 in: CREATED
06-21 15:14:10.708 19732 19732 V ActivityScenario: Activity lifecycle changed event received but ignored because the intent does not match. startActivityIntent=Intent { act=android.intent.action.MAIN cat=[android.intent.category.LAUNCHER] cmp=com.example.dogglers/.VerticalListActivity }, activity.getIntent()=Intent { act=android.intent.action.MAIN cat=[android.intent.category.LAUNCHER] flg=0x10008000 cmp=com.example.dogglers/androidx.test.core.app.InstrumentationActivityInvoker$BootstrapActivity (has extras) }, activity=androidx.test.core.app.InstrumentationActivityInvoker$BootstrapActivity@330db1
06-21 15:14:10.711 19732 19732 D LifecycleMonitor: Lifecycle status change: androidx.test.core.app.InstrumentationActivityInvoker$BootstrapActivity@330db1 in: STARTED
06-21 15:14:10.712 19732 19732 V ActivityScenario: Activity lifecycle changed event received but ignored because the intent does not match. startActivityIntent=Intent { act=android.intent.action.MAIN cat=[android.intent.category.LAUNCHER] cmp=com.example.dogglers/.VerticalListActivity }, activity.getIntent()=Intent { act=android.intent.action.MAIN cat=[android.intent.category.LAUNCHER] flg=0x10008000 cmp=com.example.dogglers/androidx.test.core.app.InstrumentationActivityInvoker$BootstrapActivity (has extras) }, activity=androidx.test.core.app.InstrumentationActivityInvoker$BootstrapActivity@330db1
06-21 15:14:10.716  1705  4408 D MiuiMultiWindowAdapter: MiuiMultiWindowAdapter::getFreeformBlackList::sSmallWindowBlackList = [com.miui.securitycenter, com.miui.miservice, com.xiaomi.calendar, com.miui.mishare.connectivity, com.android.settings, com.android.printspooler, com.miui.backup, com.miui.huanji, com.android.thememanager, com.mfashiongallery.emag, com.miui.virtualsim, com.miui.smarttravel, com.mi.health, com.android.camera, com.lbe.security.miui, com.miui.cleanmaster, com.miui.newhome, com.miui.voiceassist, com.android.phone, com.miui.yellowpage, com.android.updater, com.miui.tsmclient, com.miui.securitycore, com.xiaomi.account, com.xiaomi.shop, com.mipay.wallet, com.xiaomi.youpin, com.xiaomi.hm.health, com.miui.bugreport, com.xiaomi.mibrain.speech, com.xiaomi.mimoji, com.xiaomi.scanner, com.duokan.phone.remotecontroller, com.miui.hybrid, com.miui.video, com.miui.videoplayer, com.miui.fm, com.miui.packageinstaller, com.mi.android.globallauncher, com.mi.android.globallauncher-poco, com.google.android.dialer, com.google.android.apps.magazines, com.miui.compass, com.miui.greenguard, com.kiteguard, com.google.android.apps.prodcasts, com.google.ar.lens, com.xiangkan.android, com.android.bankabc, com.sohu.inputmethod.sogou, com.tencent.mtt, com.shyz.toutiao, com.netease.mc.mi, com.outfit7.talkingtomgoldrun.mi, com.doudz.mi, com.wepie.snake.new.mi, cn.jj, com.standddz002.mi, com.miHoYo.bh3.mi, com.qqgame.hlddz, com.happyelements.AndroidAnimal, com.minitech.miniworld.TMobile.mi, com.mfp.jelly.xiaomi, com.lilithgames.afk.mi, com.tencent.peng, com.teenpatti.hd.gold, blockpuzzle.jewelgames.jewelslegend, com.playgendary.tanks, com.chillingo.robberybobfree.android.row, com.episodeinteractive.android.catalog, com.playrix.township, com.ansangha.drdriving, com.google.android.youtube, com.gbits.atm.mi, com.tencent.tetris, com.sukhavati.gotoplaying.bubble.BubbleShooter.mint, com.block.puzzle.game.hippo.mi, com.youzu.bs.mi, com.baidu.BaiduMap, com.google.android.googlequicksearchbox, com.appsomniacs.da2, com.android.stk, com.feiyu.carrot3.mi, com.popcap.pvz2cthdxm, com.mxtech.videoplayer.ad, cn.cisc, com.kiloo.subwaysurf, com.cncyj.mostbrain, pdf.tap.scanner, com.og.ttddz.mi, com.ximalaya.ting.lite, com.google.android.apps.podcasts, com.google.android.apps.googleassistant, com.netease.onmyoji.mi, com.netease.onmyoji.bili, com.netease.mrzh.mi, com.netease.mrzh.bili, com.tencent.tmgp.yys.zqb, com.google.android.gm, com.google.android.calendar, com.android.chrome, com.google.android.apps.youtube.music, com.netease.pes.huawei, com.netease.pes.mi, com.netease.pes.bili, com.flyfish.supermario, com.picsart.studio, com.netease.dwrg.mi, com.netease.dwrg.bili, com.netease.dwrg.nearme.gamecenter, com.netease.dwrg, com.netease.dwrg.huawei, com.tencent.tmgp.dwrg, com.netease.dwrg.m4399, com.netease.dwrg.mz, com.netease.dwrg.aligames, com.netease.dwrg.baidu, com.netease.dwrg.qihoo, com.moji.mjweather, com.tencent.tmgp.kof98, com.netease.onmyoji, com.taobao.idlefish, com.ledou.mhhy.mi, com.hzfy.ddzbs.mi, com.qsmy.walkmonkey, com.fy.bzzbc.mi, com.dw.xprqj.mi, com.miui.accessibility, com.ymt.nbaftx.mi]
06-21 15:14:10.717   972   972 I ANDR-PERF-LM: LMPerfGlue: perfmodule_submit_request() 132: perfmodule_submit_request()
06-21 15:14:10.717   972   972 I ANDR-PERF-LM: Core: getInstance() 84: LM getInstance
06-21 15:14:10.717   972   972 I ANDR-PERF-LM: WQ: push() 59: LMTriggerQ push() size=0
06-21 15:14:10.717   972   972 I ANDR-PERF-LM: WQ: push() 61: LMTriggerQ push() done size=1
06-21 15:14:10.717   972  1014 I ANDR-PERF-LM: WQ: pop() 42: LMTriggerQ pop() done size=0
06-21 15:14:10.717   972  1014 I ANDR-PERF-LM: Core: lmMain() 381: Calling runAsync for AdaptLaunch
06-21 15:14:10.717   972  1014 I ANDR-PERF-LM: Core: lmMain() 391: runAsync for AdaptLaunch returned
06-21 15:14:10.717   972  1014 I ANDR-PERF-LM: Core: lmMain() 373: Waiting on trigger Queue
06-21 15:14:10.717   972  1014 I ANDR-PERF-LM: WQ: pop() 31: LMTriggerQ pop() size=0
06-21 15:14:10.718   982 24301 I vendor.qti.hardware.servicetracker@1.2-service: Activity state is changed to : 0
06-21 15:14:10.718   982 24301 I vendor.qti.hardware.servicetracker@1.2-service: Activity state is changed to : 0
06-21 15:14:10.722  1705  4408 D CompatibilityInfo: mCompatibilityFlags - 0
06-21 15:14:10.722  1705  4408 D CompatibilityInfo: applicationDensity - 440
06-21 15:14:10.722  1705  4408 D CompatibilityInfo: applicationScale - 1.0
06-21 15:14:10.724   982 10879 I vendor.qti.hardware.servicetracker@1.2-service: Activity state is changed to : 2
06-21 15:14:10.724   972   972 I ANDR-PERF-LM: LMPerfGlue: perfmodule_submit_request() 132: perfmodule_submit_request()
06-21 15:14:10.724   972   972 I ANDR-PERF-LM: Core: getInstance() 84: LM getInstance
06-21 15:14:10.724   972   972 I ANDR-PERF-LM: WQ: push() 59: LMTriggerQ push() size=0
06-21 15:14:10.724   972   972 I ANDR-PERF-LM: WQ: push() 61: LMTriggerQ push() done size=1
06-21 15:14:10.724   972  1014 I ANDR-PERF-LM: WQ: pop() 42: LMTriggerQ pop() done size=0
06-21 15:14:10.724   972  1014 I ANDR-PERF-LM: Core: lmMain() 381: Calling runAsync for GameOptimization
06-21 15:14:10.724   972  1014 D ANDR-PERF-LM: Feature: lookup() 101: Feature Name = AppClassifier, total featuers = 3, featureFound = 1
06-21 15:14:10.724   972  1014 D ANDR-PERF-LM: Feature: getData() 112: data.data = 0
06-21 15:14:10.724   972  1014 I ANDR-PERF-LM: Core: lmMain() 391: runAsync for GameOptimization returned
06-21 15:14:10.724   972  1014 I ANDR-PERF-LM: Core: lmMain() 373: Waiting on trigger Queue
06-21 15:14:10.724   972  1014 I ANDR-PERF-LM: WQ: pop() 31: LMTriggerQ pop() size=0
06-21 15:14:10.724  1705  4408 D ActivityTrigger: ActivityTrigger activityPauseTrigger
06-21 15:14:10.725   982 10879 I vendor.qti.hardware.servicetracker@1.2-service: Activity state is changed to : 3
06-21 15:14:10.725   972   972 I ANDR-PERF-LM: LMPerfGlue: perfmodule_submit_request() 132: perfmodule_submit_request()
06-21 15:14:10.725   972   972 I ANDR-PERF-LM: Core: getInstance() 84: LM getInstance
06-21 15:14:10.725   972   972 I ANDR-PERF-LM: WQ: push() 59: LMTriggerQ push() size=0
06-21 15:14:10.725   972   972 I ANDR-PERF-LM: WQ: push() 61: LMTriggerQ push() done size=1
06-21 15:14:10.725   982 10879 I vendor.qti.hardware.servicetracker@1.2-service: Activity state is changed to : 3
06-21 15:14:10.725   972  1014 I ANDR-PERF-LM: WQ: pop() 42: LMTriggerQ pop() done size=0
06-21 15:14:10.725   972  1014 I ANDR-PERF-LM: Core: lmMain() 381: Calling runAsync for GameOptimization
06-21 15:14:10.725   972  1014 D ANDR-PERF-LM: Feature: lookup() 101: Feature Name = AppClassifier, total featuers = 3, featureFound = 1
06-21 15:14:10.725   972  1014 D ANDR-PERF-LM: Feature: getData() 112: data.data = 0
06-21 15:14:10.725   972  1014 I ANDR-PERF-LM: Core: lmMain() 391: runAsync for GameOptimization returned
06-21 15:14:10.725   972  1014 I ANDR-PERF-LM: Core: lmMain() 373: Waiting on trigger Queue
06-21 15:14:10.725   972  1014 I ANDR-PERF-LM: WQ: pop() 31: LMTriggerQ pop() size=0
06-21 15:14:10.729 19732 19732 D LifecycleMonitor: Lifecycle status change: androidx.test.core.app.InstrumentationActivityInvoker$BootstrapActivity@330db1 in: RESUMED
06-21 15:14:10.730 19732 19732 V ActivityScenario: Activity lifecycle changed event received but ignored because the intent does not match. startActivityIntent=Intent { act=android.intent.action.MAIN cat=[android.intent.category.LAUNCHER] cmp=com.example.dogglers/.VerticalListActivity }, activity.getIntent()=Intent { act=android.intent.action.MAIN cat=[android.intent.category.LAUNCHER] flg=0x10008000 cmp=com.example.dogglers/androidx.test.core.app.InstrumentationActivityInvoker$BootstrapActivity (has extras) }, activity=androidx.test.core.app.InstrumentationActivityInvoker$BootstrapActivity@330db1
06-21 15:14:10.732 24840 24840 D RecentsImpl: mActivityStateObserver androidx.test.core.app.InstrumentationActivityInvoker$BootstrapActivity
06-21 15:14:10.733 19732 19732 D LifecycleMonitor: Lifecycle status change: androidx.test.core.app.InstrumentationActivityInvoker$BootstrapActivity@330db1 in: PAUSED
06-21 15:14:10.733 24840 25110 D GestureStubView: resetRenderProperty: showGestureStub
06-21 15:14:10.733 24840 25110 D GestureStubView: showGestureStub
06-21 15:14:10.733 24840 25110 D GestureStubView: resetRenderProperty: showGestureStub
06-21 15:14:10.733 24840 25110 D GestureStubView: showGestureStub
06-21 15:14:10.733 19732 19732 V ActivityScenario: Activity lifecycle changed event received but ignored because the intent does not match. startActivityIntent=Intent { act=android.intent.action.MAIN cat=[android.intent.category.LAUNCHER] cmp=com.example.dogglers/.VerticalListActivity }, activity.getIntent()=Intent { act=android.intent.action.MAIN cat=[android.intent.category.LAUNCHER] flg=0x10008000 cmp=com.example.dogglers/androidx.test.core.app.InstrumentationActivityInvoker$BootstrapActivity (has extras) }, activity=androidx.test.core.app.InstrumentationActivityInvoker$BootstrapActivity@330db1
06-21 15:14:10.723 18729 18729 W TcmReceiver: type=1400 audit(0.0:3078744): avc: denied { write } for name="tcm" dev="tmpfs" ino=15177 scontext=u:r:theme:s0 tcontext=u:object_r:vendor_dpmtcm_socket:s0 tclass=sock_file permissive=0
06-21 15:14:10.734   982 10879 I vendor.qti.hardware.servicetracker@1.2-service: Activity state is changed to : 4
06-21 15:14:10.734   982 10879 I vendor.qti.hardware.servicetracker@1.2-service: Activity state is changed to : 4
06-21 15:14:10.734   982 24301 I vendor.qti.hardware.servicetracker@1.2-service: Activity state is changed to : 2
06-21 15:14:10.734   972   972 I ANDR-PERF-LM: LMPerfGlue: perfmodule_submit_request() 132: perfmodule_submit_request()
06-21 15:14:10.734   972   972 I ANDR-PERF-LM: Core: getInstance() 84: LM getInstance
06-21 15:14:10.734   972   972 I ANDR-PERF-LM: WQ: push() 59: LMTriggerQ push() size=0
06-21 15:14:10.734   972   972 I ANDR-PERF-LM: WQ: push() 61: LMTriggerQ push() done size=1
06-21 15:14:10.734   972  1014 I ANDR-PERF-LM: WQ: pop() 42: LMTriggerQ pop() done size=0
06-21 15:14:10.734   972  1014 I ANDR-PERF-LM: Core: lmMain() 381: Calling runAsync for GameOptimization
06-21 15:14:10.734   972  1014 D ANDR-PERF-LM: Feature: lookup() 101: Feature Name = AppClassifier, total featuers = 3, featureFound = 1
06-21 15:14:10.735   972  1014 D ANDR-PERF-LM: Feature: getData() 112: data.data = 0
06-21 15:14:10.735   972  1014 I ANDR-PERF-LM: Core: lmMain() 391: runAsync for GameOptimization returned
06-21 15:14:10.735   972  1014 I ANDR-PERF-LM: Core: lmMain() 373: Waiting on trigger Queue
06-21 15:14:10.735   972  1014 I ANDR-PERF-LM: WQ: pop() 31: LMTriggerQ pop() size=0
06-21 15:14:10.735   972   972 I ANDR-PERF-LM: LMPerfGlue: perfmodule_submit_request() 132: perfmodule_submit_request()
06-21 15:14:10.735   972   972 I ANDR-PERF-LM: Core: getInstance() 84: LM getInstance
06-21 15:14:10.735   972   972 I ANDR-PERF-LM: WQ: push() 59: LMTriggerQ push() size=0
06-21 15:14:10.735   972   972 I ANDR-PERF-LM: WQ: push() 61: LMTriggerQ push() done size=1
06-21 15:14:10.735   972  1014 I ANDR-PERF-LM: WQ: pop() 42: LMTriggerQ pop() done size=0
06-21 15:14:10.735   972  1014 I ANDR-PERF-LM: Core: lmMain() 381: Calling runAsync for AdaptLaunch
06-21 15:14:10.735   972  1014 I ANDR-PERF-LM: MetaMeter: isValidAsync() 194: AsyncInfo: hintID = 4225
06-21 15:14:10.735   972  1014 I ANDR-PERF-LM: hintType: 102
06-21 15:14:10.735   972  1014 I ANDR-PERF-LM: isPrimary = 0
06-21 15:14:10.735   972  1014 I ANDR-PERF-LM: MetaMeter: isValidAsync() 203: Invalid (hintID,hintType,appName,duration,appPID,appThreadTID) = (4225, 102,com.example.dogglers,19732,1705,4408)
06-21 15:14:10.735   972  1014 E ANDR-PERF-LM: MetaMeter: handleAsync() 164: AdaptLaunch Invalid Async
06-21 15:14:10.735   972  1014 I ANDR-PERF-LM: Core: lmMain() 391: runAsync for AdaptLaunch returned
06-21 15:14:10.735   972  1014 I ANDR-PERF-LM: Core: lmMain() 373: Waiting on trigger Queue
06-21 15:14:10.735   972  1014 I ANDR-PERF-LM: WQ: pop() 31: LMTriggerQ pop() size=0
06-21 15:14:10.736  1705  4408 D CompatibilityInfo: mCompatibilityFlags - 0
06-21 15:14:10.736  1705  4408 D CompatibilityInfo: applicationDensity - 440
06-21 15:14:10.736  1705  4408 D CompatibilityInfo: applicationScale - 1.0
06-21 15:14:10.737   982 24301 I vendor.qti.hardware.servicetracker@1.2-service: Activity state is changed to : 2
06-21 15:14:10.738   982 24301 I vendor.qti.hardware.servicetracker@1.2-service: Activity state is changed to : 2
06-21 15:14:10.763   982 10879 I vendor.qti.hardware.servicetracker@1.2-service: Activity state is changed to : 5
06-21 15:14:10.764   982 10879 I chatty  : uid=1000(system) HwBinder:982_5 identical 2 lines
06-21 15:14:10.764   982 10879 I vendor.qti.hardware.servicetracker@1.2-service: Activity state is changed to : 5
06-21 15:14:10.765  6642  7060 I DisplayFrameSetting: homeToAppEnd pkg=com.example.dogglers
06-21 15:14:10.767 24840 25110 D GestureStubView: gatherTransparentRegion: need render w:54  h:1440
06-21 15:14:10.773 10194 10237 D MiuiPhoneStatusBarPolicy: updateManagedProfile: secondSpace = false
06-21 15:14:10.777 10194 10224 D CommandQueue: setStatus: setStatus: what = 0, action = upate_specail_mode, ext = Bundle[mParcelledData.dataSize=108][pkg = com.example.dogglers[enable_config = false
06-21 15:14:10.794 19732 19732 D LifecycleMonitor: Lifecycle status change: com.example.dogglers.VerticalListActivity@48a94b3 in: PRE_ON_CREATE
06-21 15:14:10.794 20489 20489 I GsaVoiceInteractionSrv: Handling ACTION_STOP_HOTWORD
06-21 15:14:10.795 19732 19732 V ActivityScenario: Activity lifecycle changed event received but ignored because the reported transition was not ON_CREATE while the last known transition was PRE_ON_CREATE
06-21 15:14:10.795 20489 20581 E HwDetectorWithState: (REDACTED) a: %d
06-21 15:14:10.798   982 24301 I vendor.qti.hardware.servicetracker@1.2-service: bindService is called for service : com.xiaomi.discover/com.xiaomi.market.data.AppDownloadService and for client com.mi.android.globallauncher
06-21 15:14:10.798   982 24301 I vendor.qti.hardware.servicetracker@1.2-service: total connections for service : com.xiaomi.discover/com.xiaomi.market.data.AppDownloadServiceare :1
06-21 15:14:10.798   982 24301 I vendor.qti.hardware.servicetracker@1.2-service: total connections for client : com.mi.android.globallauncherare :3
06-21 15:14:10.815 24840 25110 D GestureStubView: gatherTransparentRegion: need render w:54  h:1440
06-21 15:14:10.818  1705  2475 D CompatibilityInfo: mCompatibilityFlags - 0
06-21 15:14:10.818  1705  2475 D CompatibilityInfo: applicationDensity - 440
06-21 15:14:10.818  1705  2475 D CompatibilityInfo: applicationScale - 1.0
06-21 15:14:10.820   982 24301 I vendor.qti.hardware.servicetracker@1.2-service: startService() is called for servicecom.xiaomi.discover/com.xiaomi.market.data.AppDownloadService
06-21 15:14:10.823 19732 19732 D DecorView[]: getWindowModeFromSystem  windowmode is 1
06-21 15:14:10.823 19732 19732 D DecorView: createDecorCaptionView windowingMode:1 mWindowMode 1 isFullscreen: true
06-21 15:14:10.835  1705  2318 I MiuiNetworkPolicy: updateUidState uid = 10125, uidState = 5
06-21 15:14:10.835  1705  2318 I MiuiNetworkPolicy: updateUidState uid = 10186, uidState = 5
06-21 15:14:10.835  1705  2318 I MiuiNetworkPolicy: updateUidState uid = 10095, uidState = 5
06-21 15:14:10.837 15582 15627 I BtGatt.ScanManager: msg.what = 6
06-21 15:14:10.842   982 24301 I vendor.qti.hardware.servicetracker@1.2-service: bindService is called for service : com.xiaomi.discover/com.xiaomi.market.data.AppDownloadService and for client com.mi.android.globallauncher
06-21 15:14:10.842   982 24301 I vendor.qti.hardware.servicetracker@1.2-service: total connections for service : com.xiaomi.discover/com.xiaomi.market.data.AppDownloadServiceare :1
06-21 15:14:10.842   982 24301 I vendor.qti.hardware.servicetracker@1.2-service: total connections for client : com.mi.android.globallauncherare :3
06-21 15:14:10.849   982 24301 I vendor.qti.hardware.servicetracker@1.2-service: Activity state is changed to : 6
06-21 15:14:10.850   982 24301 I vendor.qti.hardware.servicetracker@1.2-service: Activity state is changed to : 6
06-21 15:14:10.852   982 24301 I vendor.qti.hardware.servicetracker@1.2-service: unbindService is called for service : com.xiaomi.discover/com.xiaomi.market.data.AppDownloadService and for client com.mi.android.globallauncher
06-21 15:14:10.858   982 24301 I vendor.qti.hardware.servicetracker@1.2-service: unbindService is called for service : com.xiaomi.discover/com.xiaomi.market.data.AppDownloadService and for client com.mi.android.globallauncher
06-21 15:14:10.858   982 24301 I vendor.qti.hardware.servicetracker@1.2-service: size of service connections for service: com.xiaomi.discover/com.xiaomi.market.data.AppDownloadServiceafter removal is 0
06-21 15:14:10.858   982 24301 I vendor.qti.hardware.servicetracker@1.2-service: size of client connections for client: com.mi.android.globallauncherafter removal is 2
06-21 15:14:10.860   982 24301 I vendor.qti.hardware.servicetracker@1.2-service: destroyService is called for service : com.xiaomi.discover/com.xiaomi.market.data.AppDownloadService
06-21 15:14:10.861  1705  2318 I MiuiNetworkPolicy: updateUidState uid = 10125, uidState = 10
06-21 15:14:10.869  1705  2318 I MiuiNetworkPolicy: updateUidState uid = 10125, uidState = 19
06-21 15:14:10.875 19732 19732 D LifecycleMonitor: Lifecycle status change: com.example.dogglers.VerticalListActivity@48a94b3 in: CREATED
06-21 15:14:10.875 19732 19732 V ActivityScenario: Update currentActivityStage to CREATED, currentActivity=com.example.dogglers.VerticalListActivity@48a94b3
06-21 15:14:10.881 19732 19732 D LifecycleMonitor: Lifecycle status change: com.example.dogglers.VerticalListActivity@48a94b3 in: STARTED
06-21 15:14:10.882 19732 19732 V ActivityScenario: Update currentActivityStage to STARTED, currentActivity=com.example.dogglers.VerticalListActivity@48a94b3
06-21 15:14:10.888 19732 19732 D LifecycleMonitor: Lifecycle status change: com.example.dogglers.VerticalListActivity@48a94b3 in: RESUMED
06-21 15:14:10.889 19732 19732 V ActivityScenario: Update currentActivityStage to RESUMED, currentActivity=com.example.dogglers.VerticalListActivity@48a94b3
06-21 15:14:10.905 19732 19732 D LifecycleMonitor: Lifecycle status change: androidx.test.core.app.InstrumentationActivityInvoker$BootstrapActivity@330db1 in: STOPPED
06-21 15:14:10.905 19732 19732 V ActivityScenario: Activity lifecycle changed event received but ignored because the intent does not match. startActivityIntent=Intent { act=android.intent.action.MAIN cat=[android.intent.category.LAUNCHER] cmp=com.example.dogglers/.VerticalListActivity }, activity.getIntent()=Intent { act=android.intent.action.MAIN cat=[android.intent.category.LAUNCHER] flg=0x10008000 cmp=com.example.dogglers/androidx.test.core.app.InstrumentationActivityInvoker$BootstrapActivity (has extras) }, activity=androidx.test.core.app.InstrumentationActivityInvoker$BootstrapActivity@330db1
06-21 15:14:10.905 24840 24840 D RecentsImpl: mActivityStateObserver com.example.dogglers.VerticalListActivity
06-21 15:14:10.908 24840 25110 D GestureStubView: resetRenderProperty: showGestureStub
06-21 15:14:10.908 24840 25110 D GestureStubView: showGestureStub
06-21 15:14:10.908 24840 25110 D GestureStubView: resetRenderProperty: showGestureStub
06-21 15:14:10.909 24840 25110 D GestureStubView: showGestureStub
06-21 15:14:10.922 24840 25110 D GestureStubView: gatherTransparentRegion: need render w:54  h:1440
06-21 15:14:10.937 24840 25110 D GestureStubView: gatherTransparentRegion: need render w:54  h:1440
06-21 15:14:11.029   972   972 I ANDR-PERF-LM: LMPerfGlue: perfmodule_submit_request() 132: perfmodule_submit_request()
06-21 15:14:11.029   972   972 I ANDR-PERF-LM: Core: getInstance() 84: LM getInstance
06-21 15:14:11.029   972   972 I ANDR-PERF-LM: WQ: push() 59: LMTriggerQ push() size=0
06-21 15:14:11.029   972   972 I ANDR-PERF-LM: WQ: push() 61: LMTriggerQ push() done size=1
06-21 15:14:11.030   972  1014 I ANDR-PERF-LM: WQ: pop() 42: LMTriggerQ pop() done size=0
06-21 15:14:11.030   972  1014 I ANDR-PERF-LM: Core: lmMain() 373: Waiting on trigger Queue
06-21 15:14:11.030   972  1014 I ANDR-PERF-LM: WQ: pop() 31: LMTriggerQ pop() size=0
06-21 15:14:11.030  1705  1900 D ArtManagerInternalImpl: /data/misc/iorapd/com.example.dogglers/1/com.example.dogglers.VerticalListActivity/compiled_traces/compiled_trace.pb doesn't exist
06-21 15:14:11.033   982 24301 I vendor.qti.hardware.servicetracker@1.2-service: Activity state is changed to : 6
06-21 15:14:11.033   982 24301 I vendor.qti.hardware.servicetracker@1.2-service: Activity state is changed to : 6
06-21 15:14:11.034  1705  1869 D EventSequenceValidator: onActivityLaunchFinished during UNKNOWN.
06-21 15:14:11.034  1705  1869 D EventSequenceValidator: java.lang.Throwable: EventSequenceValidator#getStackTrace
06-21 15:14:11.034  1705  1869 D EventSequenceValidator: 	at com.google.android.startop.iorap.EventSequenceValidator.logWarningWithStackTrace(EventSequenceValidator.java:260)
06-21 15:14:11.034  1705  1869 D EventSequenceValidator: 	at com.google.android.startop.iorap.EventSequenceValidator.onActivityLaunchFinished(EventSequenceValidator.java:185)
06-21 15:14:11.034  1705  1869 D EventSequenceValidator: 	at com.android.server.wm.LaunchObserverRegistryImpl.handleOnActivityLaunchFinished(LaunchObserverRegistryImpl.java:175)
06-21 15:14:11.034  1705  1869 D EventSequenceValidator: 	at com.android.server.wm.LaunchObserverRegistryImpl.lambda$QcawcFcJtEX4EhYptq_Vb4j368Y(Unknown Source:0)
06-21 15:14:11.034  1705  1869 D EventSequenceValidator: 	at com.android.server.wm.-$$Lambda$LaunchObserverRegistryImpl$QcawcFcJtEX4EhYptq_Vb4j368Y.accept(Unknown Source:10)
06-21 15:14:11.034  1705  1869 D EventSequenceValidator: 	at com.android.internal.util.function.pooled.PooledLambdaImpl.doInvoke(PooledLambdaImpl.java:292)
06-21 15:14:11.034  1705  1869 D EventSequenceValidator: 	at com.android.internal.util.function.pooled.PooledLambdaImpl.invoke(PooledLambdaImpl.java:201)
