06-21 15:14:11.473   972   972 D ANDR-PERF-LM: Feature: lookup() 101: Feature Name = AppClassifier, total featuers = 3, featureFound = 1
06-21 15:14:11.473   972   972 D ANDR-PERF-LM: Feature: getData() 112: data.data = 0
06-21 15:14:11.473   972   972 I ANDR-PERF-LM: FeedbackAPI: getFeedback() 60: app:com.example.dogglers feature:AppClassifier feedback = 0
06-21 15:14:11.478  1705  4408 D MIUIInput: [FoucsChange]: Display  0 FocusedWindow From null(0,0)  to Window{831a606 mode=1 rootTaskId=6360 u0 com.example.dogglers/androidx.test.core.app.InstrumentationActivityInvoker$EmptyActivity}(1,1)
06-21 15:14:11.480 10194 10237 D MiuiPhoneStatusBarPolicy: updateManagedProfile: secondSpace = false
06-21 15:14:11.487   982 24301 I vendor.qti.hardware.servicetracker@1.2-service: Activity state is changed to : 7
06-21 15:14:11.487   982 24301 I chatty  : uid=1000(system) HwBinder:982_7 identical 1 line
06-21 15:14:11.487   982 24301 I vendor.qti.hardware.servicetracker@1.2-service: Activity state is changed to : 7
06-21 15:14:11.487   982 24301 I vendor.qti.hardware.servicetracker@1.2-service: Activity state is changed to : 8
06-21 15:14:11.487   982 24301 I vendor.qti.hardware.servicetracker@1.2-service: Activity state is changed to : 8
06-21 15:14:11.511  1705  2475 D ActivityTrigger: ActivityTrigger activityPauseTrigger
06-21 15:14:11.511   982 10879 I vendor.qti.hardware.servicetracker@1.2-service: Activity state is changed to : 3
06-21 15:14:11.511   972   972 I ANDR-PERF-LM: LMPerfGlue: perfmodule_submit_request() 132: perfmodule_submit_request()
06-21 15:14:11.511   972   972 I ANDR-PERF-LM: Core: getInstance() 84: LM getInstance
06-21 15:14:11.511   972   972 I ANDR-PERF-LM: WQ: push() 59: LMTriggerQ push() size=0
06-21 15:14:11.511   972   972 I ANDR-PERF-LM: WQ: push() 61: LMTriggerQ push() done size=1
06-21 15:14:11.511   972  1014 I ANDR-PERF-LM: WQ: pop() 42: LMTriggerQ pop() done size=0
06-21 15:14:11.511   972  1014 I ANDR-PERF-LM: Core: lmMain() 381: Calling runAsync for GameOptimization
06-21 15:14:11.511   972  1014 D ANDR-PERF-LM: Feature: lookup() 101: Feature Name = AppClassifier, total featuers = 3, featureFound = 1
06-21 15:14:11.511   972  1014 D ANDR-PERF-LM: Feature: getData() 112: data.data = 0
06-21 15:14:11.511   972  1014 I ANDR-PERF-LM: Core: lmMain() 391: runAsync for GameOptimization returned
06-21 15:14:11.511   972  1014 I ANDR-PERF-LM: Core: lmMain() 373: Waiting on trigger Queue
06-21 15:14:11.511   972  1014 I ANDR-PERF-LM: WQ: pop() 31: LMTriggerQ pop() size=0
06-21 15:14:11.511   982 10879 I vendor.qti.hardware.servicetracker@1.2-service: Activity state is changed to : 3
06-21 15:14:11.519  1705  2475 D MIUIInput: [FoucsChange]: Display  0 FocusedWindow From Window{831a606 mode=1 rootTaskId=6360 u0 com.example.dogglers/androidx.test.core.app.InstrumentationActivityInvoker$EmptyActivity}(1,1)  to null(0,0)
06-21 15:14:11.526 24840 24840 D EventBus: No subscribers registered for event class com.miui.home.recents.messages.TaskSnapshotChangedEvent
06-21 15:14:11.526 24840 24840 D EventBus: No subscribers registered for event class org.greenrobot.eventbus.NoSubscriberEvent
06-21 15:14:11.532  7791 19901 W adbd    : timed out while waiting for FUNCTIONFS_BIND, trying again
06-21 15:14:11.532  7791 19901 I adbd    : UsbFfs: connection terminated: monitor thread finished
06-21 15:14:11.533  7791  7791 I adbd    : UsbFfs: already offline
06-21 15:14:11.533  7791  7791 I adbd    : destroying transport UsbFfs
06-21 15:14:11.533  7791  7791 I adbd    : UsbFfsConnection being destroyed
06-21 15:14:11.540   972   972 I ANDR-PERF-LM: LMPerfGlue: perfmodule_submit_request() 132: perfmodule_submit_request()
06-21 15:14:11.540   972   972 I ANDR-PERF-LM: Core: getInstance() 84: LM getInstance
06-21 15:14:11.540   972   972 D ANDR-PERF-LM: Feature: lookup() 101: Feature Name = AppClassifier, total featuers = 3, featureFound = 1
06-21 15:14:11.540   972   972 D ANDR-PERF-LM: Feature: getData() 112: data.data = 0
06-21 15:14:11.540   972   972 I ANDR-PERF-LM: FeedbackAPI: getFeedback() 60: app:com.example.dogglers feature:AppClassifier feedback = 0
06-21 15:14:11.565 19732 19732 D LifecycleMonitor: Lifecycle status change: androidx.test.core.app.InstrumentationActivityInvoker$EmptyActivity@150309b in: STOPPED
06-21 15:14:11.568 19732 19732 V ActivityScenario: Activity lifecycle changed event received but ignored because the intent does not match. startActivityIntent=Intent { act=android.intent.action.MAIN cat=[android.intent.category.LAUNCHER] cmp=com.example.dogglers/.VerticalListActivity }, activity.getIntent()=Intent { act=android.intent.action.MAIN cat=[android.intent.category.LAUNCHER] flg=0x10000000 cmp=com.example.dogglers/androidx.test.core.app.InstrumentationActivityInvoker$EmptyActivity }, activity=androidx.test.core.app.InstrumentationActivityInvoker$EmptyActivity@150309b
06-21 15:14:11.571 19732 19732 D LifecycleMonitor: Lifecycle status change: androidx.test.core.app.InstrumentationActivityInvoker$EmptyActivity@150309b in: DESTROYED
06-21 15:14:11.572 19732 19732 V ActivityScenario: Activity lifecycle changed event received but ignored because the intent does not match. startActivityIntent=Intent { act=android.intent.action.MAIN cat=[android.intent.category.LAUNCHER] cmp=com.example.dogglers/.VerticalListActivity }, activity.getIntent()=Intent { act=android.intent.action.MAIN cat=[android.intent.category.LAUNCHER] flg=0x10000000 cmp=com.example.dogglers/androidx.test.core.app.InstrumentationActivityInvoker$EmptyActivity }, activity=androidx.test.core.app.InstrumentationActivityInvoker$EmptyActivity@150309b
06-21 15:14:11.576  7791  7798 I adbd    : opening control endpoint /dev/usb-ffs/adb/ep0
06-21 15:14:11.578  7791  7798 I adbd    : UsbFfsConnection constructed
06-21 15:14:11.578  7791 19926 I adbd    : UsbFfs-monitor thread spawned
06-21 15:14:11.588   982 10879 I vendor.qti.hardware.servicetracker@1.2-service: Activity state is changed to : 9
06-21 15:14:11.588   982 10879 I vendor.qti.hardware.servicetracker@1.2-service: Activity state is changed to : 9
06-21 15:14:11.590 19732 19732 D LifecycleMonitor: Lifecycle status change: androidx.test.core.app.InstrumentationActivityInvoker$EmptyActivity@fa43a50 in: PAUSED
06-21 15:14:11.591 19732 19732 V ActivityScenario: Activity lifecycle changed event received but ignored because the intent does not match. startActivityIntent=Intent { act=android.intent.action.MAIN cat=[android.intent.category.LAUNCHER] cmp=com.example.dogglers/.VerticalListActivity }, activity.getIntent()=Intent { act=android.intent.action.MAIN cat=[android.intent.category.LAUNCHER] flg=0x10000000 cmp=com.example.dogglers/androidx.test.core.app.InstrumentationActivityInvoker$EmptyActivity }, activity=androidx.test.core.app.InstrumentationActivityInvoker$EmptyActivity@fa43a50
06-21 15:14:11.593   982 10464 I vendor.qti.hardware.servicetracker@1.2-service: Activity state is changed to : 4
06-21 15:14:11.593   982 10464 I vendor.qti.hardware.servicetracker@1.2-service: Activity state is changed to : 4
06-21 15:14:11.593   982 10464 I vendor.qti.hardware.servicetracker@1.2-service: Activity state is changed to : 5
06-21 15:14:11.593   982 10464 I vendor.qti.hardware.servicetracker@1.2-service: Activity state is changed to : 5
06-21 15:14:11.596   972   972 I ANDR-PERF-LM: LMPerfGlue: perfmodule_submit_request() 132: perfmodule_submit_request()
06-21 15:14:11.596   972   972 I ANDR-PERF-LM: Core: getInstance() 84: LM getInstance
06-21 15:14:11.596   972   972 I ANDR-PERF-LM: WQ: push() 59: LMTriggerQ push() size=0
06-21 15:14:11.596   972   972 I ANDR-PERF-LM: WQ: push() 61: LMTriggerQ push() done size=1
06-21 15:14:11.596   982 10879 I vendor.qti.hardware.servicetracker@1.2-service: Activity state is changed to : 2
06-21 15:14:11.596   972  1014 I ANDR-PERF-LM: WQ: pop() 42: LMTriggerQ pop() done size=0
06-21 15:14:11.596   972  1014 I ANDR-PERF-LM: Core: lmMain() 381: Calling runAsync for GameOptimization
06-21 15:14:11.596   972  1014 D ANDR-PERF-LM: Feature: lookup() 101: Feature Name = AppClassifier, total featuers = 3, featureFound = 1
06-21 15:14:11.596   972  1014 D ANDR-PERF-LM: Feature: getData() 112: data.data = 1
06-21 15:14:11.596   972  1014 I ANDR-PERF-LM: Core: lmMain() 391: runAsync for GameOptimization returned
06-21 15:14:11.596   972  1014 I ANDR-PERF-LM: Core: lmMain() 373: Waiting on trigger Queue
06-21 15:14:11.596   972  1014 I ANDR-PERF-LM: WQ: pop() 31: LMTriggerQ pop() size=0
06-21 15:14:11.601   982 10879 I vendor.qti.hardware.servicetracker@1.2-service: Activity state is changed to : 2
06-21 15:14:11.604  6642 18851 D PerfEngineController: ForegroundInfo{mForegroundPackageName='com.mi.android.globallauncher', mForegroundUid=10095, mForegroundPid=24840, mLastForegroundPackageName='com.example.dogglers', mLastForegroundUid=10387, mLastForegroundPid=19732, mMultiWindowForegroundPackageName='null', mMultiWindowForegroundUid=-1, mFlags=0}
06-21 15:14:11.604 20234 20251 I GST     : forePkg: com.mi.android.globallauncher, preForePkg: com.example.dogglers
06-21 15:14:11.604  3914  3959 D AutoInstallService: onForegroundInfoChanged: com.mi.android.globallauncher
06-21 15:14:11.604 24924 25140 I ProcessMonitor: onForegroundInfoChanged: ForegroundInfo{mForegroundPackageName='com.mi.android.globallauncher', mForegroundUid=10095, mForegroundPid=24840, mLastForegroundPackageName='com.example.dogglers', mLastForegroundUid=10387, mLastForegroundPid=19732, mMultiWindowForegroundPackageName='null', mMultiWindowForegroundUid=-1, mFlags=0}
06-21 15:14:11.605 24924 25140 I GameBoosterService: onForegroundInfoChanged: Cur=com.mi.android.globallauncher	 last=com.example.dogglers
06-21 15:14:11.606  6642  6763 I ThermalInfoCollector: collectForgroundAppsInfo
06-21 15:14:11.607 24924 25140 D GameBoosterService: onGameStatusChange foreground:ForegroundInfo{mForegroundPackageName='com.mi.android.globallauncher', mForegroundUid=10095, mForegroundPid=24840, mLastForegroundPackageName='com.example.dogglers', mLastForegroundUid=10387, mLastForegroundPid=19732, mMultiWindowForegroundPackageName='null', mMultiWindowForegroundUid=-1, mFlags=0}
06-21 15:14:11.607 24924 25140 I GameBoosterService: onForegroundInfoChanged: Exit
06-21 15:14:11.607 24924 25140 I VideoBoxUtils: isSupportVideoBox: true
06-21 15:14:11.607 24924 25140 I VideoToolBoxService: onForegroundInfoChanged: Exit Vtb
06-21 15:14:11.614 19732 19756 E TestRunner: failed: vertical_scroll_content_at_first_position(com.example.dogglers.VerticalListTests)
06-21 15:14:11.615 19732 19756 E TestRunner: ----- begin exception -----
06-21 15:14:11.615 19732 19756 E TestRunner: androidx.test.espresso.NoMatchingViewException: No views in hierarchy found matching: an instance of android.widget.TextView and view.getText() with or without transformation to match: is "7"
06-21 15:14:11.615 19732 19756 E TestRunner:
06-21 15:14:11.615 19732 19756 E TestRunner: View Hierarchy:
06-21 15:14:11.615 19732 19756 E TestRunner: +>DecorView{id=-1, visibility=VISIBLE, width=1080, height=2400, has-focus=false, has-focusable=true, has-window-focus=true, is-clickable=false, is-enabled=true, is-focused=false, is-focusable=false, is-layout-requested=false, is-selected=false, layout-params={(0,0)(fillxfill) blurRatio=1.0 blurMode=0 ty=BASE_APPLICATION wanim=0x10302fe
06-21 15:14:11.615 19732 19756 E TestRunner:   fl=LAYOUT_IN_SCREEN LAYOUT_INSET_DECOR SPLIT_TOUCH HARDWARE_ACCELERATED DRAWS_SYSTEM_BAR_BACKGROUNDS
06-21 15:14:11.615 19732 19756 E TestRunner:   pfl=FORCE_DRAW_STATUS_BAR_BACKGROUND FIT_INSETS_CONTROLLED
06-21 15:14:11.615 19732 19756 E TestRunner:   fitSides=}, tag=null, root-is-layout-requested=false, has-input-connection=false, x=0.0, y=0.0, child-count=3}
06-21 15:14:11.615 19732 19756 E TestRunner: |
06-21 15:14:11.615 19732 19756 E TestRunner: +->LinearLayout{id=-1, visibility=VISIBLE, width=1080, height=2356, has-focus=false, has-focusable=true, has-window-focus=true, is-clickable=false, is-enabled=true, is-focused=false, is-focusable=false, is-layout-requested=false, is-selected=false, layout-params=android.widget.FrameLayout$LayoutParams@12975ea, tag=null, root-is-layout-requested=false, has-input-connection=false, x=0.0, y=0.0, child-count=2}
06-21 15:14:11.615 19732 19756 E TestRunner: |
06-21 15:14:11.615 19732 19756 E TestRunner: +-->ViewStub{id=16908725, res-name=action_mode_bar_stub, visibility=GONE, width=0, height=0, has-focus=false, has-focusable=false, has-window-focus=true, is-clickable=false, is-enabled=true, is-focused=false, is-focusable=false, is-layout-requested=true, is-selected=false, layout-params=android.widget.LinearLayout$LayoutParams@d90b0db, tag=null, root-is-layout-requested=false, has-input-connection=false, x=0.0, y=0.0}
06-21 15:14:11.615 19732 19756 E TestRunner: |
06-21 15:14:11.615 19732 19756 E TestRunner: +-->FrameLayout{id=-1, visibility=VISIBLE, width=1080, height=2265, has-focus=false, has-focusable=true, has-window-focus=true, is-clickable=false, is-enabled=true, is-focused=false, is-focusable=false, is-layout-requested=false, is-selected=false, layout-params=android.widget.LinearLayout$LayoutParams@f2e5e51, tag=null, root-is-layout-requested=false, has-input-connection=false, x=0.0, y=91.0, child-count=1}
06-21 15:14:11.615 19732 19756 E TestRunner: |
06-21 15:14:11.615 19732 19756 E TestRunner: +--->ActionBarOverlayLayout{id=2131230866, res-name=decor_content_parent, visibility=VISIBLE, width=1080, height=2265, has-focus=false, has-focusable=true, has-window-focus=true, is-clickable=false, is-enabled=true, is-focused=false, is-focusable=false, is-layout-requested=false, is-selected=false, layout-params=android.widget.FrameLayout$LayoutParams@d9d5324, tag=null, root-is-layout-requested=false, has-input-connection=false, x=0.0, y=0.0, child-count=2}
06-21 15:14:11.615 19732 19756 E TestRunner: |
06-21 15:14:11.615 19732 19756 E TestRunner: +---->ContentFrameLayout{id=16908290, res-name=content, visibility=VISIBLE, width=1080, height=2111, has-focus=false, has-focusable=true, has-window-focus=true, is-clickable=false, is-enabled=true, is-focused=false, is-focusable=false, is-layout-requested=false, is-selected=false, layout-params=androidx.appcompat.widget.ActionBarOverlayLayout$LayoutParams@22ed842, tag=null, root-is-layout-requested=false, has-input-connection=false, x=0.0, y=154.0, child-count=1}
06-21 15:14:11.615 19732 19756 E TestRunner: |
06-21 15:14:11.615 19732 19756 E TestRunner: +----->FrameLayout{id=-1, visibility=VISIBLE, width=1080, height=2111, has-focus=false, has-focusable=true, has-window-focus=true, is-clickable=false, is-enabled=true, is-focused=false, is-focusable=false, is-layout-requested=false, is-selected=false, layout-params=android.widget.FrameLayout$LayoutParams@4ee7d90, tag=null, root-is-layout-requested=false, has-input-connection=false, x=0.0, y=0.0, child-count=1}
06-21 15:14:11.615 19732 19756 E TestRunner: |
06-21 15:14:11.615 19732 19756 E TestRunner: +------>RecyclerView{id=2131231206, res-name=vertical_recycler_view, visibility=VISIBLE, width=1080, height=2111, has-focus=false, has-focusable=true, has-window-focus=true, is-clickable=false, is-enabled=true, is-focused=false, is-focusable=true, is-layout-requested=false, is-selected=false, layout-params=android.widget.FrameLayout$LayoutParams@be5e2bc, tag=null, root-is-layout-requested=false, has-input-connection=false, x=0.0, y=0.0, child-count=3}
06-21 15:14:11.615 19732 19756 E TestRunner: |
06-21 15:14:11.615 19732 19756 E TestRunner: +------->MaterialCardView{id=-1, visibility=VISIBLE, width=1036, height=755, has-focus=false, has-focusable=false, has-window-focus=true, is-clickable=false, is-enabled=true, is-focused=false, is-focusable=false, is-layout-requested=false, is-selected=false, layout-params=androidx.recyclerview.widget.RecyclerView$LayoutParams@2832d9a, tag=null, root-is-layout-requested=false, has-input-connection=false, x=22.0, y=22.0, is-checked=false, child-count=1}
06-21 15:14:11.615 19732 19756 E TestRunner: |
06-21 15:14:11.615 19732 19756 E TestRunner: +-------->ConstraintLayout{id=-1, visibility=VISIBLE, width=1036, height=755, has-focus=false, has-focusable=false, has-window-focus=true, is-clickable=false, is-enabled=true, is-focused=false, is-focusable=false, is-layout-requested=false, is-selected=false, layout-params=android.widget.FrameLayout$LayoutParams@799c4a7, tag=null, root-is-layout-requested=false, has-input-connection=false, x=0.0, y=0.0, child-count=4}
06-21 15:14:11.615 19732 19756 E TestRunner: |
06-21 15:14:11.615 19732 19756 E TestRunner: +--------->AppCompatImageView{id=2131230963, res-name=iv_item, visibility=VISIBLE, width=1036, height=534, has-focus=false, has-focusable=false, has-window-focus=true, is-clickable=false, is-enabled=true, is-focused=false, is-focusable=false, is-layout-requested=false, is-selected=false, layout-params=androidx.constraintlayout.widget.ConstraintLayout$LayoutParams@68dcd54, tag=null, root-is-layout-requested=false, has-input-connection=false, x=0.0, y=0.0}
06-21 15:14:11.615 19732 19756 E TestRunner: |
06-21 15:14:11.615 19732 19756 E TestRunner: +--------->MaterialTextView{id=2131231198, res-name=tv_name_item, visibility=VISIBLE, width=192, height=140, has-focus=false, has-focusable=false, has-window-focus=true, is-clickable=false, is-enabled=true, is-focused=false, is-focusable=false, is-layout-requested=false, is-selected=false, layout-params=androidx.constraintlayout.widget.ConstraintLayout$LayoutParams@1e834fd, tag=null, root-is-layout-requested=false, has-input-connection=false, x=0.0, y=534.0, text=Tzeitel, input-type=0, ime-target=false, has-links=false}
06-21 15:14:11.615 19732 19756 E TestRunner: |
06-21 15:14:11.615 19732 19756 E TestRunner: +--------->MaterialTextView{id=2131231196, res-name=tv_age_item, visibility=VISIBLE, width=155, height=81, has-focus=false, has-focusable=false, has-window-focus=true, is-clickable=false, is-enabled=true, is-focused=false, is-focusable=false, is-layout-requested=false, is-selected=false, layout-params=androidx.constraintlayout.widget.ConstraintLayout$LayoutParams@8b1d5f2, tag=null, root-is-layout-requested=false, has-input-connection=false, x=0.0, y=674.0, text=Age: 7, input-type=0, ime-target=false, has-links=false}
06-21 15:14:11.615 19732 19756 E TestRunner: |
06-21 15:14:11.615 19732 19756 E TestRunner: +--------->MaterialTextView{id=2131231197, res-name=tv_hobbies_item, visibility=VISIBLE, width=452, height=81, has-focus=false, has-focusable=false, has-window-focus=true, is-clickable=false, is-enabled=true, is-focused=false, is-focusable=false, is-layout-requested=false, is-selected=false, layout-params=androidx.constraintlayout.widget.ConstraintLayout$LayoutParams@e140443, tag=null, root-is-layout-requested=false, has-input-connection=false, x=584.0, y=674.0, text=Hobbies: sunbathing, input-type=0, ime-target=false, has-links=false}
06-21 15:14:11.615 19732 19756 E TestRunner: |
06-21 15:14:11.615 19732 19756 E TestRunner: +------->MaterialCardView{id=-1, visibility=VISIBLE, width=1036, height=755, has-focus=false, has-focusable=false, has-window-focus=true, is-clickable=false, is-enabled=true, is-focused=false, is-focusable=false, is-layout-requested=false, is-selected=false, layout-params=androidx.recyclerview.widget.RecyclerView$LayoutParams@d0823f9, tag=null, root-is-layout-requested=false, has-input-connection=false, x=22.0, y=821.0, is-checked=false, child-count=1}
06-21 15:14:11.615 19732 19756 E TestRunner: |
06-21 15:14:11.615 19732 19756 E TestRunner: +-------->ConstraintLayout{id=-1, visibility=VISIBLE, width=1036, height=755, has-focus=false, has-focusable=false, has-window-focus=true, is-clickable=false, is-enabled=true, is-focused=false, is-focusable=false, is-layout-requested=false, is-selected=false, layout-params=android.widget.FrameLayout$LayoutParams@552314a, tag=null, root-is-layout-requested=false, has-input-connection=false, x=0.0, y=0.0, child-count=4}
06-21 15:14:11.615 19732 19756 E TestRunner: |
06-21 15:14:11.615 19732 19756 E TestRunner: +--------->AppCompatImageView{id=2131230963, res-name=iv_item, visibility=VISIBLE, width=1036, height=534, has-focus=false, has-focusable=false, has-window-focus=true, is-clickable=false, is-enabled=true, is-focused=false, is-focusable=false, is-layout-requested=false, is-selected=false, layout-params=androidx.constraintlayout.widget.ConstraintLayout$LayoutParams@83fb8bb, tag=null, root-is-layout-requested=false, has-input-connection=false, x=0.0, y=0.0}
06-21 15:14:11.615 19732 19756 E TestRunner: |
06-21 15:14:11.615 19732 19756 E TestRunner: +--------->MaterialTextView{id=2131231198, res-name=tv_name_item, visibility=VISIBLE, width=162, height=140, has-focus=false, has-focusable=false, has-window-focus=true, is-clickable=false, is-enabled=true, is-focused=false, is-focusable=false, is-layout-requested=false, is-selected=false, layout-params=androidx.constraintlayout.widget.ConstraintLayout$LayoutParams@90cd1d8, tag=null, root-is-layout-requested=false, has-input-connection=false, x=0.0, y=534.0, text=Leroy, input-type=0, ime-target=false, has-links=false}
06-21 15:14:11.615 19732 19756 E TestRunner: |
06-21 15:14:11.615 19732 19756 E TestRunner: +--------->MaterialTextView{id=2131231196, res-name=tv_age_item, visibility=VISIBLE, width=155, height=81, has-focus=false, has-focusable=false, has-window-focus=true, is-clickable=false, is-enabled=true, is-focused=false, is-focusable=false, is-layout-requested=false, is-selected=false, layout-params=androidx.constraintlayout.widget.ConstraintLayout$LayoutParams@7755931, tag=null, root-is-layout-requested=false, has-input-connection=false, x=0.0, y=674.0, text=Age: 4, input-type=0, ime-target=false, has-links=false}
06-21 15:14:11.615 19732 19756 E TestRunner: |
06-21 15:14:11.615 19732 19756 E TestRunner: +--------->MaterialTextView{id=2131231197, res-name=tv_hobbies_item, visibility=VISIBLE, width=828, height=81, has-focus=false, has-focusable=false, has-window-focus=true, is-clickable=false, is-enabled=true, is-focused=false, is-focusable=false, is-layout-requested=false, is-selected=false, layout-params=androidx.constraintlayout.widget.ConstraintLayout$LayoutParams@b0a1816, tag=null, root-is-layout-requested=false, has-input-connection=false, x=208.0, y=674.0, text=Hobbies: sleeping in dangerous places, input-type=0, ime-target=false, has-links=false}
06-21 15:14:11.615 19732 19756 E TestRunner: |
06-21 15:14:11.615 19732 19756 E TestRunner: +------->MaterialCardView{id=-1, visibility=VISIBLE, width=1036, height=755, has-focus=false, has-focusable=false, has-window-focus=true, is-clickable=false, is-enabled=true, is-focused=false, is-focusable=false, is-layout-requested=false, is-selected=false, layout-params=androidx.recyclerview.widget.RecyclerView$LayoutParams@7693384, tag=null, root-is-layout-requested=false, has-input-connection=false, x=22.0, y=1620.0, is-checked=false, child-count=1}
06-21 15:14:11.615 19732 19756 E TestRunner: |
06-21 15:14:11.615 19732 19756 E TestRunner: +-------->ConstraintLayout{id=-1, visibility=VISIBLE, width=1036, height=755, has-focus=false, has-focusable=false, has-window-focus=true, is-clickable=false, is-enabled=true, is-focused=false, is-focusable=false, is-layout-requested=false, is-selected=false, layout-params=android.widget.FrameLayout$LayoutParams@a3cfd69, tag=null, root-is-layout-requested=false, has-input-connection=false, x=0.0, y=0.0, child-count=4}
06-21 15:14:11.615 19732 19756 E TestRunner: |
06-21 15:14:11.615 19732 19756 E TestRunner: +--------->AppCompatImageView{id=2131230963, res-name=iv_item, visibility=VISIBLE, width=1036, height=534, has-focus=false, has-focusable=false, has-window-focus=true, is-clickable=false, is-enabled=true, is-focused=false, is-focusable=false, is-layout-requested=false, is-selected=false, layout-params=androidx.constraintlayout.widget.ConstraintLayout$LayoutParams@96413ee, tag=null, root-is-layout-requested=false, has-input-connection=false, x=0.0, y=0.0}
06-21 15:14:11.615 19732 19756 E TestRunner: |
06-21 15:14:11.615 19732 19756 E TestRunner: +--------->MaterialTextView{id=2131231198, res-name=tv_name_item, visibility=VISIBLE, width=209, height=140, has-focus=false, has-focusable=false, has-window-focus=true, is-clickable=false, is-enabled=true, is-focused=false, is-focusable=false, is-layout-requested=false, is-selected=false, layout-params=androidx.constraintlayout.widget.ConstraintLayout$LayoutParams@5c3308f, tag=null, root-is-layout-requested=false, has-input-connection=false, x=0.0, y=534.0, text=Frankie, input-type=0, ime-target=false, has-links=false}
06-21 15:14:11.615 19732 19756 E TestRunner: |
06-21 15:14:11.615 19732 19756 E TestRunner: +--------->MaterialTextView{id=2131231196, res-name=tv_age_item, visibility=VISIBLE, width=155, height=81, has-focus=false, has-focusable=false, has-window-focus=true, is-clickable=false, is-enabled=true, is-focused=false, is-focusable=false, is-layout-requested=false, is-selected=false, layout-params=androidx.constraintlayout.widget.ConstraintLayout$LayoutParams@a816f1c, tag=null, root-is-layout-requested=false, has-input-connection=false, x=0.0, y=674.0, text=Age: 2, input-type=0, ime-target=false, has-links=false}
06-21 15:14:11.615 19732 19756 E TestRunner: |
06-21 15:14:11.615 19732 19756 E TestRunner: +--------->MaterialTextView{id=2131231197, res-name=tv_hobbies_item, visibility=VISIBLE, width=521, height=81, has-focus=false, has-focusable=false, has-window-focus=true, is-clickable=false, is-enabled=true, is-focused=false, is-focusable=false, is-layout-requested=false, is-selected=false, layout-params=androidx.constraintlayout.widget.ConstraintLayout$LayoutParams@49f0725, tag=null, root-is-layout-requested=false, has-input-connection=false, x=515.0, y=674.0, text=Hobbies: stealing socks, input-type=0, ime-target=false, has-links=false}
06-21 15:14:11.615 19732 19756 E TestRunner: |
06-21 15:14:11.615 19732 19756 E TestRunner: +---->ActionBarContainer{id=2131230774, res-name=action_bar_container, visibility=VISIBLE, width=1080, height=154, has-focus=false, has-focusable=false, has-window-focus=true, is-clickable=false, is-enabled=true, is-focused=false, is-focusable=false, is-layout-requested=false, is-selected=false, layout-params=androidx.appcompat.widget.ActionBarOverlayLayout$LayoutParams@1c46108, tag=null, root-is-layout-requested=false, has-input-connection=false, x=0.0, y=0.0, child-count=2}
06-21 15:14:11.615 19732 19756 E TestRunner: |
06-21 15:14:11.615 19732 19756 E TestRunner: +----->Toolbar{id=2131230772, res-name=action_bar, visibility=VISIBLE, width=1080, height=154, has-focus=false, has-focusable=false, has-window-focus=true, is-clickable=false, is-enabled=true, is-focused=false, is-focusable=false, is-layout-requested=false, is-selected=false, layout-params=android.widget.FrameLayout$LayoutParams@6c285b4, tag=null, root-is-layout-requested=false, has-input-connection=false, x=0.0, y=0.0, child-count=3}
06-21 15:14:11.615 19732 19756 E TestRunner: |
06-21 15:14:11.615 19732 19756 E TestRunner: +------>AppCompatTextView{id=-1, visibility=VISIBLE, width=220, height=74, has-focus=false, has-focusable=false, has-window-focus=true, is-clickable=false, is-enabled=true, is-focused=false, is-focusable=false, is-layout-requested=false, is-selected=false, layout-params=androidx.appcompat.widget.Toolbar$LayoutParams@2c7f5dd, tag=null, root-is-layout-requested=false, has-input-connection=false, x=198.0, y=40.0, text=Dogglers, input-type=0, ime-target=false, has-links=false}
06-21 15:14:11.615 19732 19756 E TestRunner: |
06-21 15:14:11.615 19732 19756 E TestRunner: +------>AppCompatImageButton{id=-1, desc=Navegar hacia arriba, visibility=VISIBLE, width=154, height=154, has-focus=false, has-focusable=false, has-window-focus=true, is-clickable=true, is-enabled=true, is-focused=false, is-focusable=true, is-layout-requested=false, is-selected=false, layout-params=androidx.appcompat.widget.Toolbar$LayoutParams@1fb3552, tag=null, root-is-layout-requested=false, has-input-connection=false, x=0.0, y=0.0}
06-21 15:14:11.615 19732 19756 E TestRunner: |
06-21 15:14:11.615 19732 19756 E TestRunner: +------>ActionMenuView{id=-1, visibility=VISIBLE, width=0, height=154, has-focus=false, has-focusable=false, has-window-focus=true, is-clickable=false, is-enabled=true, is-focused=false, is-focusable=false, is-layout-requested=false, is-selected=false, layout-params=androidx.appcompat.widget.Toolbar$LayoutParams@1a0e023, tag=null, root-is-layout-requested=false, has-input-connection=false, x=1080.0, y=0.0, child-count=0}
06-21 15:14:11.615 19732 19756 E TestRunner: |
06-21 15:14:11.615 19732 19756 E TestRunner: +----->ActionBarContextView{id=2131230780, res-name=action_context_bar, visibility=GONE, width=0, height=0, has-focus=false, has-focusable=false, has-window-focus=true, is-clickable=false, is-enabled=true, is-focused=false, is-focusable=false, is-layout-requested=true, is-selected=false, layout-params=android.widget.FrameLayout$LayoutParams@3dc4920, tag=null, root-is-layout-requested=false, has-input-connection=false, x=0.0, y=0.0, child-count=0}
06-21 15:14:11.615 19732 19756 E TestRunner: |
06-21 15:14:11.615 19732 19756 E TestRunner: +->View{id=16908336, res-name=navigationBarBackground, visibility=VISIBLE, width=1080, height=44, has-focus=false, has-focusable=false, has-window-focus=true, is-clickable=false, is-enabled=true, is-focused=false, is-focusable=false, is-layout-requested=false, is-selected=false, layout-params=android.widget.FrameLayout$LayoutParams@1d312d9, tag=null, root-is-layout-requested=false, has-input-connection=false, x=0.0, y=2356.0}
06-21 15:14:11.615 19732 19756 E TestRunner: |
06-21 15:14:11.615 19732 19756 E TestRunner: +->View{id=16908335, res-name=statusBarBackground, visibility=VISIBLE, width=1080, height=91, has-focus=false, has-focusable=false, has-window-focus=true, is-clickable=false, is-enabled=true, is-focused=false, is-focusable=false, is-layout-requested=false, is-selected=false, layout-params=android.widget.FrameLayout$LayoutParams@373549e, tag=null, root-is-layout-requested=false, has-input-connection=false, x=0.0, y=0.0}
06-21 15:14:11.615 19732 19756 E TestRunner: 	at dalvik.system.VMStack.getThreadStackTrace(Native Method)
06-21 15:14:11.615 19732 19756 E TestRunner: 	at java.lang.Thread.getStackTrace(Thread.java:1736)
06-21 15:14:11.615 19732 19756 E TestRunner: 	at androidx.test.espresso.base.DefaultFailureHandler.getUserFriendlyError(DefaultFailureHandler.java:12)
06-21 15:14:11.615 19732 19756 E TestRunner: 	at androidx.test.espresso.base.DefaultFailureHandler.handle(DefaultFailureHandler.java:7)
06-21 15:14:11.615 19732 19756 E TestRunner: 	at androidx.test.espresso.ViewInteraction.waitForAndHandleInteractionResults(ViewInteraction.java:8)
06-21 15:14:11.615 19732 19756 E TestRunner: 	at androidx.test.espresso.ViewInteraction.check(ViewInteraction.java:12)
06-21 15:14:11.615 19732 19756 E TestRunner: 	at com.example.dogglers.BaseTest.hasListItemContent(BaseTest.kt:59)
06-21 15:14:11.615 19732 19756 E TestRunner: 	at com.example.dogglers.BaseTest.checkFirstPosition(BaseTest.kt:70)
06-21 15:14:11.615 19732 19756 E TestRunner: 	at com.example.dogglers.VerticalListTests.vertical_scroll_content_at_first_position(VerticalListTests.kt:42)
06-21 15:14:11.615 19732 19756 E TestRunner: 	at java.lang.reflect.Method.invoke(Native Method)
06-21 15:14:11.615 19732 19756 E TestRunner: 	at org.junit.runners.model.FrameworkMethod$1.runReflectiveCall(FrameworkMethod.java:50)
06-21 15:14:11.615 19732 19756 E TestRunner: 	at org.junit.internal.runners.model.ReflectiveCallable.run(ReflectiveCallable.java:12)
06-21 15:14:11.615 19732 19756 E TestRunner: 	at org.junit.runners.model.FrameworkMethod.invokeExplosively(FrameworkMethod.java:47)
06-21 15:14:11.615 19732 19756 E TestRunner: 	at org.junit.internal.runners.statements.InvokeMethod.evaluate(InvokeMethod.java:17)
06-21 15:14:11.615 19732 19756 E TestRunner: 	at org.junit.rules.ExternalResource$1.evaluate(ExternalResource.java:48)
06-21 15:14:11.615 19732 19756 E TestRunner: 	at org.junit.rules.RunRules.evaluate(RunRules.java:20)
06-21 15:14:11.615 19732 19756 E TestRunner: 	at org.junit.runners.ParentRunner.runLeaf(ParentRunner.java:325)
06-21 15:14:11.615 19732 19756 E TestRunner: 	at org.junit.runners.BlockJUnit4ClassRunner.runChild(BlockJUnit4ClassRunner.java:78)
06-21 15:14:11.615 19732 19756 E TestRunner: 	at org.junit.runners.BlockJUnit4ClassRunner.runChild(BlockJUnit4ClassRunner.java:57)
06-21 15:14:11.615 19732 19756 E TestRunner: 	at org.junit.runners.ParentRunner$3.run(ParentRunner.java:290)
06-21 15:14:11.615 19732 19756 E TestRunner: 	at org.junit.runners.ParentRunner$1.schedule(ParentRunner.java:71)
06-21 15:14:11.615 19732 19756 E TestRunner: 	at org.junit.runners.ParentRunner.runChildren(ParentRunner.java:288)
06-21 15:14:11.615 19732 19756 E TestRunner: 	at org.junit.runners.ParentRunner.access$000(ParentRunner.java:58)
06-21 15:14:11.615 19732 19756 E TestRunner: 	at org.junit.runners.ParentRunner$2.evaluate(ParentRunner.java:268)
06-21 15:14:11.615 19732 19756 E TestRunner: 	at org.junit.runners.ParentRunner.run(ParentRunner.java:363)
06-21 15:14:11.615 19732 19756 E TestRunner: 	at androidx.test.ext.junit.runners.AndroidJUnit4.run(AndroidJUnit4.java:162)
06-21 15:14:11.615 19732 19756 E TestRunner: 	at org.junit.runners.Suite.runChild(Suite.java:128)
06-21 15:14:11.615 19732 19756 E TestRunner: 	at org.junit.runners.Suite.runChild(Suite.java:27)
06-21 15:14:11.615 19732 19756 E TestRunner: 	at org.junit.runners.ParentRunner$3.run(ParentRunner.java:290)
06-21 15:14:11.615 19732 19756 E TestRunner: 	at org.junit.runners.ParentRunner$1.schedule(ParentRunner.java:71)
06-21 15:14:11.615 19732 19756 E TestRunner: 	at org.junit.runners.ParentRunner.runChildren(ParentRunner.java:288)
06-21 15:14:11.615 19732 19756 E TestRunner: 	at org.junit.runners.ParentRunner.access$000(ParentRunner.java:58)
06-21 15:14:11.615 19732 19756 E TestRunner: 	at org.junit.runners.ParentRunner$2.evaluate(ParentRunner.java:268)
06-21 15:14:11.615 19732 19756 E TestRunner: 	at org.junit.runners.ParentRunner.run(ParentRunner.java:363)
06-21 15:14:11.615 19732 19756 E TestRunner: 	at org.junit.runner.JUnitCore.run(JUnitCore.java:137)
06-21 15:14:11.615 19732 19756 E TestRunner: 	at org.junit.runner.JUnitCore.run(JUnitCore.java:115)
06-21 15:14:11.615 19732 19756 E TestRunner: 	at androidx.test.internal.runner.TestExecutor.execute(TestExecutor.java:56)
06-21 15:14:11.615 19732 19756 E TestRunner: 	at androidx.test.runner.AndroidJUnitRunner.onStart(AndroidJUnitRunner.java:444)
06-21 15:14:11.615 19732 19756 E TestRunner: 	at android.app.Instrumentation$InstrumentationThread.run(Instrumentation.java:2213)
06-21 15:14:11.615 19732 19756 E TestRunner: ----- end exception -----
06-21 15:14:11.626 10194 10210 I ndroid.systemu: NativeAlloc concurrent copying GC freed 8026(705KB) AllocSpace objects, 0(0B) LOS objects, 49% free, 11MB/23MB, paused 139us total 100.081ms
06-21 15:14:11.628 19732 19756 I TestRunner: finished: vertical_scroll_content_at_first_position(com.example.dogglers.VerticalListTests)
